<html>
<body>
<pre>
<h1>µVision Build Log</h1>
<h2>Tool Versions:</h2>
IDE-Version: µVision V5.42.0.0
Copyright (C) 2025 ARM Ltd and ARM Germany GmbH. All rights reserved.
License Information: Ricardo Caballeros, HP Inc., LIC=----
 
Tool Versions:
Toolchain:       MDK-Lite  Version: 5.42.0.0
Toolchain Path:  C:\Users\cabag\AppData\Local\Keil_v5\ARM\ARMCLANG\Bin
C Compiler:      ArmClang.exe V6.23
Assembler:       Armasm.exe V6.23
Linker/Locator:  ArmLink.exe V6.23
Library Manager: ArmAr.exe V6.23
Hex Converter:   FromElf.exe V6.23
CPU DLL:         SARMCM3.DLL V5.42.0.0
Dialog DLL:      DCM.DLL V1.17.5.0
Target DLL:      STLink\ST-LINKIII-KEIL_SWO.dll V3.3.0.0
Dialog DLL:      TCM.DLL V1.56.6.0
 
<h2>Project:</h2>
C:\Users\cabag\OneDrive\Escritorio\P1_Base(1)\P1_Base\P1_Base.uvprojx
Project File Date:  09/22/2025

<h2>Output:</h2>
*** Using Compiler 'V6.23', folder: 'C:\Users\cabag\AppData\Local\Keil_v5\ARM\ARMCLANG\Bin'
Rebuild target 'K8'
assembling MMASM.s...
assembling MDASM.s...
assembling RMASM.s...
assembling BFASM.s...
"RDASM.s", line 58: Warning: A1609W: MOV <rd>,pc instruction does not set bit zero, so does not create a return address
   58 0000006c         mov  r2, pc        ; Guardar PC
0 Errors, 1 Warning
assembling RDASM.s...
compiling main.c...
assembling CALLASM.s...
assembling startup_stm32f303x8.s...
compiling system_stm32f3xx.c...
linking...
Program Size: Code=9964 RO-data=2076 RW-data=4 ZI-data=1768  
".\Objects\P1_Base.axf" - 0 Error(s), 0 Warning(s).

<h2>Software Packages used:</h2>

Package Vendor: ARM
                https://www.keil.com/pack/ARM.CMSIS.6.1.0.pack
                ARM::CMSIS@6.1.0
                CMSIS (Common Microcontroller Software Interface Standard)
   * Component: CORE Version: 6.1.0

Package Vendor: Keil
                http://www.keil.com/pack/Keil.STM32F3xx_DFP.2.2.2.pack
                Keil::STM32F3xx_DFP@2.2.2
                STMicroelectronics STM32F3 Series Device Support and Examples
   * Component: Startup Version: 1.11.3

<h2>Collection of Component include folders:</h2>
  ./RTE/_K8
  C:/Users/cabag/AppData/Local/Arm/Packs/ARM/CMSIS/6.1.0/CMSIS/Core/Include
  C:/Users/cabag/AppData/Local/Arm/Packs/Keil/STM32F3xx_DFP/2.2.2/Drivers/CMSIS/Device/ST/STM32F3xx/Include

<h2>Collection of Component Files used:</h2>

   * Component: ARM::CMSIS:CORE@6.1.0

   * Component: Keil::Device&Standalone:Startup@1.11.3
      Source file:   MDK/Device/Source/ARM/STM32F3xx_OPT.s
      Include file:  Drivers/CMSIS/Device/ST/STM32F3xx/Include/stm32f3xx.h
      Source file:   Drivers/CMSIS/Device/ST/STM32F3xx/Source/Templates/arm/startup_stm32f303x8.s
      Source file:   Drivers/CMSIS/Device/ST/STM32F3xx/Source/Templates/system_stm32f3xx.c
Build Time Elapsed:  00:00:01
</pre>
</body>
</html>
