Component: Arm Compiler for Embedded 6.23 Tool: armlink [5f102400]

==============================================================================

Section Cross References

    main.o(.text.main) refers to usart.o(.text.USART2_Init) for USART2_Init
    main.o(.text.main) refers to main.o(.rodata.str1.1) for .L.str
    main.o(.text.main) refers to usart.o(.text.USART2_String) for USART2_String
    main.o(.text.main) refers to main.o(.bss.cmd_ready) for cmd_ready
    main.o(.text.main) refers to main.o(.bss.rx_data) for rx_data
    main.o(.text.main) refers to main.o(.text.terminal) for terminal
    main.o(.ARM.exidx.text.main) refers to main.o(.text.main) for [Anonymous Symbol]
    main.o(.text.terminal) refers to main.o(.rodata.str1.1) for .L.str.6
    main.o(.text.terminal) refers to strtok.o(.text) for strtok
    main.o(.text.terminal) refers to strcmpv7em.o(.text) for strcmp
    main.o(.text.terminal) refers to main.o(.text.RD) for RD
    main.o(.text.terminal) refers to usart.o(.text.USART2_String) for USART2_String
    main.o(.text.terminal) refers to main.o(.text.RM) for RM
    main.o(.text.terminal) refers to main.o(.text.MD) for MD
    main.o(.text.terminal) refers to main.o(.text.MM) for MM
    main.o(.text.terminal) refers to main.o(.text.BF) for BF
    main.o(.text.terminal) refers to main.o(.text.CALL) for CALL
    main.o(.ARM.exidx.text.terminal) refers to main.o(.text.terminal) for [Anonymous Symbol]
    main.o(.text.RD) refers to rdasm.o(.text) for RDASM
    main.o(.text.RD) refers to main.o(.text.PrintRD) for PrintRD
    main.o(.ARM.exidx.text.RD) refers to main.o(.text.RD) for [Anonymous Symbol]
    main.o(.text.RM) refers to main.o(.rodata.str1.1) for .L.str.29
    main.o(.text.RM) refers to usart.o(.text.USART2_String) for USART2_String
    main.o(.text.RM) refers to atoi.o(.text) for atoi
    main.o(.text.RM) refers to strtol.o(.text) for strtol
    main.o(.text.RM) refers to rmasm.o(.text) for RMASM
    main.o(.text.RM) refers to main.o(.bss.tx_buffer) for tx_buffer
    main.o(.text.RM) refers to sprintf.o(.text) for sprintf
    main.o(.ARM.exidx.text.RM) refers to main.o(.text.RM) for [Anonymous Symbol]
    main.o(.text.MD) refers to main.o(.rodata.str1.1) for .L.str.31
    main.o(.text.MD) refers to usart.o(.text.USART2_String) for USART2_String
    main.o(.text.MD) refers to strtol.o(.text) for strtol
    main.o(.text.MD) refers to main.o(.bss.tx_buffer) for tx_buffer
    main.o(.text.MD) refers to sprintf.o(.text) for sprintf
    main.o(.ARM.exidx.text.MD) refers to main.o(.text.MD) for [Anonymous Symbol]
    main.o(.text.MM) refers to strtol.o(.text) for strtol
    main.o(.text.MM) refers to main.o(.rodata.str1.1) for .L.str.34
    main.o(.text.MM) refers to usart.o(.text.USART2_String) for USART2_String
    main.o(.text.MM) refers to atoi.o(.text) for atoi
    main.o(.text.MM) refers to mmasm.o( .text ) for MMASM
    main.o(.text.MM) refers to main.o(.bss.tx_buffer) for tx_buffer
    main.o(.text.MM) refers to sprintf.o(.text) for sprintf
    main.o(.ARM.exidx.text.MM) refers to main.o(.text.MM) for [Anonymous Symbol]
    main.o(.text.BF) refers to strtoul.o(.text) for strtoul
    main.o(.text.BF) refers to main.o(.rodata.str1.1) for .L.str.37
    main.o(.text.BF) refers to usart.o(.text.USART2_String) for USART2_String
    main.o(.text.BF) refers to atoi.o(.text) for atoi
    main.o(.text.BF) refers to bfasm.o(.text) for BFASM
    main.o(.text.BF) refers to main.o(.bss.tx_buffer) for tx_buffer
    main.o(.text.BF) refers to sprintf.o(.text) for sprintf
    main.o(.ARM.exidx.text.BF) refers to main.o(.text.BF) for [Anonymous Symbol]
    main.o(.text.CALL) refers to strtoul.o(.text) for strtoul
    main.o(.text.CALL) refers to main.o(.rodata.str1.1) for .L.str.40
    main.o(.text.CALL) refers to usart.o(.text.USART2_String) for USART2_String
    main.o(.text.CALL) refers to callasm.o(.text) for CALLASM
    main.o(.ARM.exidx.text.CALL) refers to main.o(.text.CALL) for [Anonymous Symbol]
    main.o(.text.PrintRD) refers to main.o(.bss.tx_buffer) for tx_buffer
    main.o(.text.PrintRD) refers to main.o(.rodata.str1.1) for .L.str.25
    main.o(.text.PrintRD) refers to sprintf.o(.text) for sprintf
    main.o(.text.PrintRD) refers to usart.o(.text.USART2_String) for USART2_String
    main.o(.ARM.exidx.text.PrintRD) refers to main.o(.text.PrintRD) for [Anonymous Symbol]
    main.o(.text.USART2_IRQHandler) refers to main.o(.bss.uart_data) for uart_data
    main.o(.text.USART2_IRQHandler) refers to main.o(.bss.n) for n
    main.o(.text.USART2_IRQHandler) refers to main.o(.bss.rx_data) for rx_data
    main.o(.text.USART2_IRQHandler) refers to main.o(.bss.cmd_ready) for cmd_ready
    main.o(.ARM.exidx.text.USART2_IRQHandler) refers to main.o(.text.USART2_IRQHandler) for [Anonymous Symbol]
    startup_stm32f303x8.o(STACK) refers (Special) to heapauxi.o(.text) for __use_two_region_memory
    startup_stm32f303x8.o(HEAP) refers (Special) to heapauxi.o(.text) for __use_two_region_memory
[...]
    ../clib/printf.c                         0x00000000   Number         0  __printf_flags.o ABSOLUTE
    ../clib/printf.c                         0x00000000   Number         0  __printf_ss.o ABSOLUTE
    ../clib/printf.c                         0x00000000   Number         0  __printf_flags_ss.o ABSOLUTE
    ../clib/printf.c                         0x00000000   Number         0  __printf_wp.o ABSOLUTE
    ../clib/printf.c                         0x00000000   Number         0  __printf_flags_wp.o ABSOLUTE
    ../clib/printf.c                         0x00000000   Number         0  __printf_ss_wp.o ABSOLUTE
    ../clib/printf.c                         0x00000000   Number         0  __printf_flags_ss_wp.o ABSOLUTE
    ../clib/printf.c                         0x00000000   Number         0  _printf_intcommon.o ABSOLUTE
    ../clib/printf.c                         0x00000000   Number         0  _printf_fp_dec.o ABSOLUTE
    ../clib/printf.c                         0x00000000   Number         0  _printf_fp_dec_accurate.o ABSOLUTE
    ../clib/printf.c                         0x00000000   Number         0  _printf_fp_hex.o ABSOLUTE
    ../clib/printf.c                         0x00000000   Number         0  __printf_nopercent.o ABSOLUTE
    ../clib/printf.c                         0x00000000   Number         0  _printf_char.o ABSOLUTE
    ../clib/printf.c                         0x00000000   Number         0  _printf_wchar.o ABSOLUTE
    ../clib/printf.c                         0x00000000   Number         0  _printf_fp_infnan.o ABSOLUTE
    ../clib/printf_percent.s                 0x00000000   Number         0  _printf_c.o ABSOLUTE
    ../clib/printf_percent.s                 0x00000000   Number         0  _printf_s.o ABSOLUTE
    ../clib/printf_percent.s                 0x00000000   Number         0  _printf_n.o ABSOLUTE
    ../clib/printf_percent.s                 0x00000000   Number         0  _printf_x.o ABSOLUTE
    ../clib/printf_percent.s                 0x00000000   Number         0  _printf_p.o ABSOLUTE
    ../clib/printf_percent.s                 0x00000000   Number         0  _printf_o.o ABSOLUTE
    ../clib/printf_percent.s                 0x00000000   Number         0  _printf_i.o ABSOLUTE
    ../clib/printf_percent.s                 0x00000000   Number         0  _printf_d.o ABSOLUTE
    ../clib/printf_percent.s                 0x00000000   Number         0  _printf_u.o ABSOLUTE
    ../clib/printf_percent.s                 0x00000000   Number         0  _printf_f.o ABSOLUTE
    ../clib/printf_percent.s                 0x00000000   Number         0  _printf_e.o ABSOLUTE
    ../clib/printf_percent.s                 0x00000000   Number         0  _printf_g.o ABSOLUTE
    ../clib/printf_percent.s                 0x00000000   Number         0  _printf_a.o ABSOLUTE
    ../clib/printf_percent.s                 0x00000000   Number         0  _printf_percent.o ABSOLUTE
    ../clib/printf_percent.s                 0x00000000   Number         0  _printf_lli.o ABSOLUTE
    ../clib/printf_percent.s                 0x00000000   Number         0  _printf_lld.o ABSOLUTE
    ../clib/printf_percent.s                 0x00000000   Number         0  _printf_llu.o ABSOLUTE
    ../clib/printf_percent.s                 0x00000000   Number         0  _printf_ll.o ABSOLUTE
    ../clib/printf_percent.s                 0x00000000   Number         0  _printf_l.o ABSOLUTE
    ../clib/printf_percent.s                 0x00000000   Number         0  _printf_lc.o ABSOLUTE
    ../clib/printf_percent.s                 0x00000000   Number         0  _printf_ls.o ABSOLUTE
    ../clib/printf_percent.s                 0x00000000   Number         0  _printf_llo.o ABSOLUTE
    ../clib/printf_percent.s                 0x00000000   Number         0  _printf_llx.o ABSOLUTE
    ../clib/printf_percent.s                 0x00000000   Number         0  _printf_percent_end.o ABSOLUTE
    ../clib/scanf.c                          0x00000000   Number         0  atoi.o ABSOLUTE
    ../clib/scanf.c                          0x00000000   Number         0  strtol.o ABSOLUTE
    ../clib/scanf.c                          0x00000000   Number         0  strtoul.o ABSOLUTE
    ../clib/scanf.c                          0x00000000   Number         0  _strtoul.o ABSOLUTE
    ../clib/scanf.c                          0x00000000   Number         0  _chval.o ABSOLUTE
    ../clib/signal.c                         0x00000000   Number         0  defsig_rtmem_outer.o ABSOLUTE
    ../clib/signal.c                         0x00000000   Number         0  defsig_rtmem_formal.o ABSOLUTE
    ../clib/signal.c                         0x00000000   Number         0  defsig_exit.o ABSOLUTE
    ../clib/signal.c                         0x00000000   Number         0  defsig_rtmem_inner.o ABSOLUTE
    ../clib/signal.c                         0x00000000   Number         0  __raise.o ABSOLUTE
    ../clib/signal.c                         0x00000000   Number         0  defsig_general.o ABSOLUTE
    ../clib/signal.c                         0x00000000   Number         0  defsig_abrt_inner.o ABSOLUTE
    ../clib/signal.c                         0x00000000   Number         0  defsig_fpe_inner.o ABSOLUTE
    ../clib/signal.c                         0x00000000   Number         0  defsig_rtred_inner.o ABSOLUTE
    ../clib/signal.c                         0x00000000   Number         0  defsig_stak_inner.o ABSOLUTE
    ../clib/signal.c                         0x00000000   Number         0  defsig_pvfn_inner.o ABSOLUTE
    ../clib/signal.c                         0x00000000   Number         0  defsig_cppl_inner.o ABSOLUTE
    ../clib/signal.c                         0x00000000   Number         0  defsig_segv_inner.o ABSOLUTE
    ../clib/signal.c                         0x00000000   Number         0  defsig_other.o ABSOLUTE
    ../clib/signal.s                         0x00000000   Number         0  defsig.o ABSOLUTE
    ../clib/stdlib.c                         0x00000000   Number         0  exit.o ABSOLUTE
    ../clib/string.c                         0x00000000   Number         0  strtok.o ABSOLUTE
    ../clib/string.c                         0x00000000   Number         0  strtok_int.o ABSOLUTE
    ../clib/string.c                         0x00000000   Number         0  strcspn.o ABSOLUTE
    ../clib/string.c                         0x00000000   Number         0  strspn.o ABSOLUTE
    ../fplib/fpinit.s                        0x00000000   Number         0  fpinit.o ABSOLUTE
    ../fplib/istatus.s                       0x00000000   Number         0  istatus.o ABSOLUTE
    ../fplib/printf1.s                       0x00000000   Number         0  printf1.o ABSOLUTE
    ../fplib/printf2.s                       0x00000000   Number         0  printf2.o ABSOLUTE
    ../fplib/printf2a.s                      0x00000000   Number         0  printf2a.o ABSOLUTE
    ../fplib/printf2b.s                      0x00000000   Number         0  printf2b.o ABSOLUTE
    ../fplib/usenofp.s                       0x00000000   Number         0  usenofp.o ABSOLUTE
    ../mathlib/fpclassify.c                  0x00000000   Number         0  fpclassify.o ABSOLUTE
    BFASM.s                                  0x00000000   Number         0  bfasm.o ABSOLUTE
    CALLASM.s                                0x00000000   Number         0  callasm.o ABSOLUTE
    MDASM.s                                  0x00000000   Number         0  mdasm.o ABSOLUTE
    MMASM.s                                  0x00000000   Number         0  mmasm.o ABSOLUTE
    RDASM.s                                  0x00000000   Number         0  rdasm.o ABSOLUTE
    RMASM.s                                  0x00000000   Number         0  rmasm.o ABSOLUTE
    RTE/Device/STM32F303K8Tx/startup_stm32f303x8.s 0x00000000   Number         0  startup_stm32f303x8.o ABSOLUTE
    USART.c                                  0x00000000   Number         0  usart.o ABSOLUTE
    dc.s                                     0x00000000   Number         0  dc.o ABSOLUTE
    main.c                                   0x00000000   Number         0  main.o ABSOLUTE
    system_stm32f3xx.c                       0x00000000   Number         0  system_stm32f3xx.o ABSOLUTE
    RESET                                    0x08000000   Section      392  startup_stm32f303x8.o(RESET)
    $v0                                      0x08000188   Number         0  mmasm.o( .text )
     .text                                   0x08000188   Section        6  mmasm.o( .text )
    !!!main                                  0x08000190   Section        8  __main.o(!!!main)
    !!!scatter                               0x08000198   Section       92  __scatter.o(!!!scatter)
    !!handler_copy                           0x080001f4   Section       26  __scatter_copy.o(!!handler_copy)
    !!handler_null                           0x08000210   Section        2  __scatter.o(!!handler_null)
    !!handler_zi                             0x08000214   Section       28  __scatter_zi.o(!!handler_zi)
    .ARM.Collect$$_printf_percent$$00000000  0x08000230   Section        0  _printf_percent.o(.ARM.Collect$$_printf_percent$$00000000)
    .ARM.Collect$$_printf_percent$$00000001  0x08000230   Section        6  _printf_n.o(.ARM.Collect$$_printf_percent$$00000001)
    .ARM.Collect$$_printf_percent$$00000002  0x08000236   Section        6  _printf_p.o(.ARM.Collect$$_printf_percent$$00000002)
    .ARM.Collect$$_printf_percent$$00000003  0x0800023c   Section        6  _printf_f.o(.ARM.Collect$$_printf_percent$$00000003)
    .ARM.Collect$$_printf_percent$$00000004  0x08000242   Section        6  _printf_e.o(.ARM.Collect$$_printf_percent$$00000004)
    .ARM.Collect$$_printf_percent$$00000005  0x08000248   Section        6  _printf_g.o(.ARM.Collect$$_printf_percent$$00000005)
    .ARM.Collect$$_printf_percent$$00000006  0x0800024e   Section        6  _printf_a.o(.ARM.Collect$$_printf_percent$$00000006)
    .ARM.Collect$$_printf_percent$$00000007  0x08000254   Section       10  _printf_ll.o(.ARM.Collect$$_printf_percent$$00000007)
    .ARM.Collect$$_printf_percent$$00000008  0x0800025e   Section        6  _printf_i.o(.ARM.Collect$$_printf_percent$$00000008)
    .ARM.Collect$$_printf_percent$$00000009  0x08000264   Section        6  _printf_d.o(.ARM.Collect$$_printf_percent$$00000009)
    .ARM.Collect$$_printf_percent$$0000000A  0x0800026a   Section        6  _printf_u.o(.ARM.Collect$$_printf_percent$$0000000A)
    .ARM.Collect$$_printf_percent$$0000000B  0x08000270   Section        6  _printf_o.o(.ARM.Collect$$_printf_percent$$0000000B)
    .ARM.Collect$$_printf_percent$$0000000C  0x08000276   Section        6  _printf_x.o(.ARM.Collect$$_printf_percent$$0000000C)
    .ARM.Collect$$_printf_percent$$0000000D  0x0800027c   Section        6  _printf_lli.o(.ARM.Collect$$_printf_percent$$0000000D)
    .ARM.Collect$$_printf_percent$$0000000E  0x08000282   Section        6  _printf_lld.o(.ARM.Collect$$_printf_percent$$0000000E)
    .ARM.Collect$$_printf_percent$$0000000F  0x08000288   Section        6  _printf_llu.o(.ARM.Collect$$_printf_percent$$0000000F)
    .ARM.Collect$$_printf_percent$$00000010  0x0800028e   Section        6  _printf_llo.o(.ARM.Collect$$_printf_percent$$00000010)
    .ARM.Collect$$_printf_percent$$00000011  0x08000294   Section        6  _printf_llx.o(.ARM.Collect$$_printf_percent$$00000011)
    .ARM.Collect$$_printf_percent$$00000012  0x0800029a   Section       10  _printf_l.o(.ARM.Collect$$_printf_percent$$00000012)
    .ARM.Collect$$_printf_percent$$00000013  0x080002a4   Section        6  _printf_c.o(.ARM.Collect$$_printf_percent$$00000013)
    .ARM.Collect$$_printf_percent$$00000014  0x080002aa   Section        6  _printf_s.o(.ARM.Collect$$_printf_percent$$00000014)
    .ARM.Collect$$_printf_percent$$00000015  0x080002b0   Section        6  _printf_lc.o(.ARM.Collect$$_printf_percent$$00000015)
    .ARM.Collect$$_printf_percent$$00000016  0x080002b6   Section        6  _printf_ls.o(.ARM.Collect$$_printf_percent$$00000016)
    .ARM.Collect$$_printf_percent$$00000017  0x080002bc   Section        4  _printf_percent_end.o(.ARM.Collect$$_printf_percent$$00000017)
    .ARM.Collect$$libinit$$00000000          0x080002c0   Section        2  libinit.o(.ARM.Collect$$libinit$$00000000)
    .ARM.Collect$$libinit$$00000001          0x080002c2   Section        4  libinit2.o(.ARM.Collect$$libinit$$00000001)
    .ARM.Collect$$libinit$$00000004          0x080002c6   Section        0  libinit2.o(.ARM.Collect$$libinit$$00000004)
    .ARM.Collect$$libinit$$00000006          0x080002c6   Section        0  libinit2.o(.ARM.Collect$$libinit$$00000006)
    .ARM.Collect$$libinit$$0000000C          0x080002c6   Section        0  libinit2.o(.ARM.Collect$$libinit$$0000000C)
    .ARM.Collect$$libinit$$0000000E          0x080002c6   Section        0  libinit2.o(.ARM.Collect$$libinit$$0000000E)
    .ARM.Collect$$libinit$$00000010          0x080002c6   Section        0  libinit2.o(.ARM.Collect$$libinit$$00000010)
    .ARM.Collect$$libinit$$00000011          0x080002c6   Section        6  libinit2.o(.ARM.Collect$$libinit$$00000011)
    .ARM.Collect$$libinit$$00000013          0x080002cc   Section        0  libinit2.o(.ARM.Collect$$libinit$$00000013)
    .ARM.Collect$$libinit$$00000014          0x080002cc   Section       12  libinit2.o(.ARM.Collect$$libinit$$00000014)
    .ARM.Collect$$libinit$$00000015          0x080002d8   Section        0  libinit2.o(.ARM.Collect$$libinit$$00000015)
    .ARM.Collect$$libinit$$00000017          0x080002d8   Section        0  libinit2.o(.ARM.Collect$$libinit$$00000017)
    .ARM.Collect$$libinit$$00000018          0x080002d8   Section       10  libinit2.o(.ARM.Collect$$libinit$$00000018)
    .ARM.Collect$$libinit$$00000019          0x080002e2   Section        0  libinit2.o(.ARM.Collect$$libinit$$00000019)
    .ARM.Collect$$libinit$$0000001B          0x080002e2   Section        0  libinit2.o(.ARM.Collect$$libinit$$0000001B)
    .ARM.Collect$$libinit$$0000001D          0x080002e2   Section        0  libinit2.o(.ARM.Collect$$libinit$$0000001D)
    .ARM.Collect$$libinit$$0000001F          0x080002e2   Section        0  libinit2.o(.ARM.Collect$$libinit$$0000001F)
    .ARM.Collect$$libinit$$00000021          0x080002e2   Section        0  libinit2.o(.ARM.Collect$$libinit$$00000021)
    .ARM.Collect$$libinit$$00000023          0x080002e2   Section        0  libinit2.o(.ARM.Collect$$libinit$$00000023)
    .ARM.Collect$$libinit$$00000025          0x080002e2   Section        0  libinit2.o(.ARM.Collect$$libinit$$00000025)
    .ARM.Collect$$libinit$$00000027          0x080002e2   Section        0  libinit2.o(.ARM.Collect$$libinit$$00000027)
    .ARM.Collect$$libinit$$0000002E          0x080002e2   Section        0  libinit2.o(.ARM.Collect$$libinit$$0000002E)
    .ARM.Collect$$libinit$$00000030          0x080002e2   Section        0  libinit2.o(.ARM.Collect$$libinit$$00000030)
    .ARM.Collect$$libinit$$00000032          0x080002e2   Section        0  libinit2.o(.ARM.Collect$$libinit$$00000032)
    .ARM.Collect$$libinit$$00000034          0x080002e2   Section        0  libinit2.o(.ARM.Collect$$libinit$$00000034)
    .ARM.Collect$$libinit$$00000035          0x080002e2   Section        2  libinit2.o(.ARM.Collect$$libinit$$00000035)
    .ARM.Collect$$libshutdown$$00000000      0x080002e4   Section        2  libshutdown.o(.ARM.Collect$$libshutdown$$00000000)
    .ARM.Collect$$libshutdown$$00000002      0x080002e6   Section        0  libshutdown2.o(.ARM.Collect$$libshutdown$$00000002)
    .ARM.Collect$$libshutdown$$00000004      0x080002e6   Section        0  libshutdown2.o(.ARM.Collect$$libshutdown$$00000004)
    .ARM.Collect$$libshutdown$$00000007      0x080002e6   Section        0  libshutdown2.o(.ARM.Collect$$libshutdown$$00000007)
    .ARM.Collect$$libshutdown$$0000000A      0x080002e6   Section        0  libshutdown2.o(.ARM.Collect$$libshutdown$$0000000A)
    .ARM.Collect$$libshutdown$$0000000C      0x080002e6   Section        0  libshutdown2.o(.ARM.Collect$$libshutdown$$0000000C)
    .ARM.Collect$$libshutdown$$0000000F      0x080002e6   Section        0  libshutdown2.o(.ARM.Collect$$libshutdown$$0000000F)
    .ARM.Collect$$libshutdown$$00000010      0x080002e6   Section        2  libshutdown2.o(.ARM.Collect$$libshutdown$$00000010)
    .ARM.Collect$$rtentry$$00000000          0x080002e8   Section        0  __rtentry.o(.ARM.Collect$$rtentry$$00000000)
    .ARM.Collect$$rtentry$$00000002          0x080002e8   Section        0  __rtentry2.o(.ARM.Collect$$rtentry$$00000002)
    .ARM.Collect$$rtentry$$00000004          0x080002e8   Section        6  __rtentry4.o(.ARM.Collect$$rtentry$$00000004)
    .ARM.Collect$$rtentry$$00000009          0x080002ee   Section        0  __rtentry2.o(.ARM.Collect$$rtentry$$00000009)
    .ARM.Collect$$rtentry$$0000000A          0x080002ee   Section        4  __rtentry2.o(.ARM.Collect$$rtentry$$0000000A)
    .ARM.Collect$$rtentry$$0000000C          0x080002f2   Section        0  __rtentry2.o(.ARM.Collect$$rtentry$$0000000C)
    .ARM.Collect$$rtentry$$0000000D          0x080002f2   Section        8  __rtentry2.o(.ARM.Collect$$rtentry$$0000000D)
    .ARM.Collect$$rtexit$$00000000           0x080002fa   Section        2  rtexit.o(.ARM.Collect$$rtexit$$00000000)
    .ARM.Collect$$rtexit$$00000002           0x080002fc   Section        0  rtexit2.o(.ARM.Collect$$rtexit$$00000002)
    .ARM.Collect$$rtexit$$00000003           0x080002fc   Section        4  rtexit2.o(.ARM.Collect$$rtexit$$00000003)
    .ARM.Collect$$rtexit$$00000004           0x08000300   Section        6  rtexit2.o(.ARM.Collect$$rtexit$$00000004)
    $v0                                      0x08000308   Number         0  rdasm.o(.text)
    .text                                    0x08000308   Section      114  rdasm.o(.text)
    $v0                                      0x0800037c   Number         0  rmasm.o(.text)
    .text                                    0x0800037c   Section      120  rmasm.o(.text)
    $v0                                      0x080003f4   Number         0  bfasm.o(.text)
    .text                                    0x080003f4   Section       42  bfasm.o(.text)
    $v0                                      0x08000420   Number         0  callasm.o(.text)
    .text                                    0x08000420   Section        4  callasm.o(.text)
    $v0                                      0x08000424   Number         0  startup_stm32f303x8.o(.text)
    .text                                    0x08000424   Section       64  startup_stm32f303x8.o(.text)
    .text                                    0x08000464   Section        0  sprintf.o(.text)
    .text                                    0x08000490   Section        0  atoi.o(.text)
    .text                                    0x080004aa   Section        0  strtol.o(.text)
    .text                                    0x0800051a   Section        0  strtoul.o(.text)
    .text                                    0x0800058c   Section        0  strtok.o(.text)
    .text                                    0x08000598   Section      124  strcmpv7em.o(.text)
    .text                                    0x08000614   Section        0  heapauxi.o(.text)
    .text                                    0x0800061c   Section       16  rt_ctype_table.o(.text)
    .text                                    0x0800062c   Section        8  rt_errno_addr_intlibspace.o(.text)
    .text                                    0x08000634   Section        0  _printf_pad.o(.text)
    .text                                    0x08000682   Section        0  _printf_truncate.o(.text)
    .text                                    0x080006a6   Section        0  _printf_str.o(.text)
    .text                                    0x080006f8   Section        0  _printf_dec.o(.text)
    .text                                    0x08000770   Section        0  _printf_charcount.o(.text)
    _printf_input_char                       0x08000799   Thumb Code    10  _printf_char_common.o(.text)
    .text                                    0x08000798   Section        0  _printf_char_common.o(.text)
    .text                                    0x080007c8   Section        0  _sputc.o(.text)
    .text                                    0x080007d4   Section        0  _printf_wctomb.o(.text)
    .text                                    0x08000890   Section        0  _printf_longlong_dec.o(.text)
    _printf_longlong_oct_internal            0x0800090d   Thumb Code     0  _printf_oct_int_ll.o(.text)
    .text                                    0x0800090c   Section        0  _printf_oct_int_ll.o(.text)
    _printf_hex_common                       0x0800097d   Thumb Code     0  _printf_hex_int_ll_ptr.o(.text)
    .text                                    0x0800097c   Section        0  _printf_hex_int_ll_ptr.o(.text)
    .text                                    0x08000a10   Section        0  __printf_flags_ss_wp.o(.text)
    .text                                    0x08000b98   Section        0  _strtoul.o(.text)
    .text                                    0x08000c38   Section        0  strtok_int.o(.text)
    .text                                    0x08000c7c   Section        8  libspace.o(.text)
    .text                                    0x08000c84   Section        8  rt_locale_intlibspace.o(.text)
    .text                                    0x08000c8c   Section      138  lludiv10.o(.text)
    .text                                    0x08000d16   Section        0  _printf_intcommon.o(.text)
    _fp_digits                               0x08000dc9   Thumb Code   432  _printf_fp_dec.o(.text)
    .text                                    0x08000dc8   Section        0  _printf_fp_dec.o(.text)
    .text                                    0x080011e4   Section        0  _printf_fp_hex.o(.text)
    .text                                    0x080014e0   Section        0  _printf_char.o(.text)
    .text                                    0x0800150c   Section        0  _printf_wchar.o(.text)
    .text                                    0x08001538   Section        0  _chval.o(.text)
    .text                                    0x08001554   Section        0  _c16rtomb.o(.text)
    .text                                    0x0800159c   Section        0  strcspn.o(.text)
    .text                                    0x080015bc   Section        0  strspn.o(.text)
    .text                                    0x080015d8   Section       74  sys_stackheap_outer.o(.text)
    .text                                    0x08001624   Section        0  _printf_fp_infnan.o(.text)
    .text                                    0x080016a4   Section        0  bigflt0.o(.text)
    .text                                    0x08001788   Section        0  exit.o(.text)
    .text                                    0x0800179c   Section        0  sys_exit.o(.text)
    .text                                    0x080017a8   Section        2  use_no_semi.o(.text)
    .text                                    0x080017aa   Section        0  indicate_semi.o(.text)
    [Anonymous Symbol]                       0x080017ac   Section        0  main.o(.text.BF)
    [Anonymous Symbol]                       0x080018a8   Section        0  main.o(.text.CALL)
    [Anonymous Symbol]                       0x0800190c   Section        0  main.o(.text.MD)
    [Anonymous Symbol]                       0x080019cc   Section        0  main.o(.text.MM)
    [Anonymous Symbol]                       0x08001a84   Section        0  main.o(.text.PrintRD)
    [Anonymous Symbol]                       0x08001b68   Section        0  main.o(.text.RD)
    [Anonymous Symbol]                       0x08001b80   Section        0  main.o(.text.RM)
    [Anonymous Symbol]                       0x08001c28   Section        0  system_stm32f3xx.o(.text.SystemInit)
    [Anonymous Symbol]                       0x08001c3c   Section        0  main.o(.text.USART2_IRQHandler)
    [Anonymous Symbol]                       0x08001cc8   Section        0  usart.o(.text.USART2_Init)
    [Anonymous Symbol]                       0x08001d5c   Section        0  usart.o(.text.USART2_Send)
    [Anonymous Symbol]                       0x08001d8c   Section        0  usart.o(.text.USART2_String)
    __NVIC_EnableIRQ                         0x08001db1   Thumb Code    48  usart.o(.text.__NVIC_EnableIRQ)
    [Anonymous Symbol]                       0x08001db0   Section        0  usart.o(.text.__NVIC_EnableIRQ)
    [Anonymous Symbol]                       0x08001de0   Section        0  main.o(.text.main)
    [Anonymous Symbol]                       0x08001e6c   Section        0  main.o(.text.terminal)
    CL$$btod_d2e                             0x08002028   Section       62  btod.o(CL$$btod_d2e)
    CL$$btod_d2e_denorm_low                  0x08002066   Section       70  btod.o(CL$$btod_d2e_denorm_low)
    CL$$btod_d2e_norm_op1                    0x080020ac   Section       96  btod.o(CL$$btod_d2e_norm_op1)
    CL$$btod_div_common                      0x0800210c   Section      824  btod.o(CL$$btod_div_common)
    CL$$btod_e2e                             0x08002444   Section      220  btod.o(CL$$btod_e2e)
    CL$$btod_ediv                            0x08002520   Section       42  btod.o(CL$$btod_ediv)
    CL$$btod_emul                            0x0800254a   Section       42  btod.o(CL$$btod_emul)
    CL$$btod_mult_common                     0x08002574   Section      580  btod.o(CL$$btod_mult_common)
    i.__ARM_fpclassify                       0x080027b8   Section        0  fpclassify.o(i.__ARM_fpclassify)
    i._is_digit                              0x080027e8   Section        0  __printf_wp.o(i._is_digit)
    locale$$code                             0x080027f8   Section       44  lc_ctype_c.o(locale$$code)
    locale$$code                             0x08002824   Section       44  lc_numeric_c.o(locale$$code)
    $v0                                      0x08002850   Number         0  fpinit.o(x$fpl$fpinit)
    x$fpl$fpinit                             0x08002850   Section       26  fpinit.o(x$fpl$fpinit)
    $v0                                      0x0800286a   Number         0  printf1.o(x$fpl$printf1)
    x$fpl$printf1                            0x0800286a   Section        4  printf1.o(x$fpl$printf1)
    $v0                                      0x0800286e   Number         0  printf2.o(x$fpl$printf2)
    x$fpl$printf2                            0x0800286e   Section        4  printf2.o(x$fpl$printf2)
    x$fpl$usenofp                            0x08002872   Section        0  usenofp.o(x$fpl$usenofp)
    initial_mbstate                          0x08002874   Data           8  _printf_wctomb.o(.constdata)
    .constdata                               0x08002874   Section        8  _printf_wctomb.o(.constdata)
    uc_hextab                                0x0800287c   Data          20  _printf_hex_int_ll_ptr.o(.constdata)
    .constdata                               0x0800287c   Section       40  _printf_hex_int_ll_ptr.o(.constdata)
    lc_hextab                                0x08002890   Data          20  _printf_hex_int_ll_ptr.o(.constdata)
    maptable                                 0x080028a4   Data          17  __printf_flags_ss_wp.o(.constdata)
    .constdata                               0x080028a4   Section       17  __printf_flags_ss_wp.o(.constdata)
    lc_hextab                                0x080028b5   Data          19  _printf_fp_hex.o(.constdata)
    .constdata                               0x080028b5   Section       38  _printf_fp_hex.o(.constdata)
    uc_hextab                                0x080028c8   Data          19  _printf_fp_hex.o(.constdata)
    tenpwrs_x                                0x080028dc   Data          60  bigflt0.o(.constdata)
    .constdata                               0x080028dc   Section      148  bigflt0.o(.constdata)
    tenpwrs_i                                0x08002918   Data          64  bigflt0.o(.constdata)
    .L.str.18                                0x08002970   Data          17  main.o(.rodata.str1.1)
    [Anonymous Symbol]                       0x08002970   Section        0  main.o(.rodata.str1.1)
    .L.str.16                                0x08002981   Data          29  main.o(.rodata.str1.1)
    .L.str.17                                0x0800299e   Data           6  main.o(.rodata.str1.1)
    .L.str.19                                0x080029a4   Data          20  main.o(.rodata.str1.1)
    .L.str.21                                0x080029b8   Data          28  main.o(.rodata.str1.1)
    .L.str.20                                0x080029d4   Data          23  main.o(.rodata.str1.1)
    .L.str.32                                0x080029eb   Data          52  main.o(.rodata.str1.1)
    .L.str.40                                0x08002a1f   Data          45  main.o(.rodata.str1.1)
    .L.str.22                                0x08002a4c   Data          12  main.o(.rodata.str1.1)
    .L.str.31                                0x08002a58   Data          41  main.o(.rodata.str1.1)
    .L.str.38                                0x08002a81   Data          39  main.o(.rodata.str1.1)
    .L.str.41                                0x08002aa8   Data          52  main.o(.rodata.str1.1)
    .L.str.36                                0x08002adc   Data          34  main.o(.rodata.str1.1)
    .L.str.33                                0x08002afe   Data          17  main.o(.rodata.str1.1)
    .L.str.28                                0x08002b0f   Data          14  main.o(.rodata.str1.1)
    .L.str.26                                0x08002b1d   Data          14  main.o(.rodata.str1.1)
    .L.str.27                                0x08002b2b   Data          14  main.o(.rodata.str1.1)
    .L.str.25                                0x08002b39   Data          15  main.o(.rodata.str1.1)
    .L.str.37                                0x08002b48   Data          59  main.o(.rodata.str1.1)
    .L.str.34                                0x08002b83   Data          54  main.o(.rodata.str1.1)
    .L.str.42                                0x08002bb9   Data          43  main.o(.rodata.str1.1)
    .L.str.39                                0x08002be4   Data          51  main.o(.rodata.str1.1)
    .L.str.2                                 0x08002c17   Data          58  main.o(.rodata.str1.1)
    .L.str.1                                 0x08002c51   Data          56  main.o(.rodata.str1.1)
    .L.str                                   0x08002c89   Data          56  main.o(.rodata.str1.1)
    .L.str.30                                0x08002cc1   Data          59  main.o(.rodata.str1.1)
    .L.str.29                                0x08002cfc   Data          48  main.o(.rodata.str1.1)
    .L.str.24                                0x08002d2c   Data          61  main.o(.rodata.str1.1)
    .L.str.23                                0x08002d69   Data          14  main.o(.rodata.str1.1)
    .L.str.5                                 0x08002d77   Data           6  main.o(.rodata.str1.1)
    .L.str.3                                 0x08002d79   Data           4  main.o(.rodata.str1.1)
    .L.str.6                                 0x08002d7b   Data           2  main.o(.rodata.str1.1)
    .L.str.35                                0x08002d7d   Data          25  main.o(.rodata.str1.1)
    .L.str.4                                 0x08002d96   Data           5  main.o(.rodata.str1.1)
    .L.str.11                                0x08002d9b   Data           3  main.o(.rodata.str1.1)
    .L.str.7                                 0x08002d9e   Data           3  main.o(.rodata.str1.1)
    .L.str.13                                0x08002da1   Data           3  main.o(.rodata.str1.1)
    .L.str.14                                0x08002da4   Data           5  main.o(.rodata.str1.1)
    .L.str.12                                0x08002da9   Data           3  main.o(.rodata.str1.1)
    .L.str.10                                0x08002dac   Data           3  main.o(.rodata.str1.1)
    .L.str.9                                 0x08002daf   Data           5  main.o(.rodata.str1.1)
    .L.str.8                                 0x08002db4   Data           5  main.o(.rodata.str1.1)
    .L.str.15                                0x08002db9   Data           2  main.o(.rodata.str1.1)
    locale$$data                             0x08002ddc   Section      272  lc_ctype_c.o(locale$$data)
    __lcctype_c_name                         0x08002de0   Data           2  lc_ctype_c.o(locale$$data)
    __lcctype_c_start                        0x08002de8   Data           0  lc_ctype_c.o(locale$$data)
    __lcctype_c_end                          0x08002eec   Data           0  lc_ctype_c.o(locale$$data)
    locale$$data                             0x08002eec   Section       28  lc_numeric_c.o(locale$$data)
    __lcnum_c_name                           0x08002ef0   Data           2  lc_numeric_c.o(locale$$data)
    __lcnum_c_start                          0x08002ef8   Data           0  lc_numeric_c.o(locale$$data)
    __lcnum_c_point                          0x08002f04   Data           0  lc_numeric_c.o(locale$$data)
    __lcnum_c_thousands                      0x08002f06   Data           0  lc_numeric_c.o(locale$$data)
    __lcnum_c_grouping                       0x08002f07   Data           0  lc_numeric_c.o(locale$$data)
    __lcnum_c_end                            0x08002f08   Data           0  lc_numeric_c.o(locale$$data)
    _strtok_saves1                           0x20000000   Data           4  strtok.o(.data)
    .data                                    0x20000000   Section        4  strtok.o(.data)
    .bss                                     0x20000008   Section       96  libspace.o(.bss)
    Heap_Mem                                 0x200000f0   Data         512  startup_stm32f303x8.o(HEAP)
    HEAP                                     0x200000f0   Section      512  startup_stm32f303x8.o(HEAP)
    Stack_Mem                                0x200002f0   Data        1024  startup_stm32f303x8.o(STACK)
    STACK                                    0x200002f0   Section     1024  startup_stm32f303x8.o(STACK)
    __initial_sp                             0x200006f0   Data           0  startup_stm32f303x8.o(STACK)

    Global Symbols

    Symbol Name                              Value     Ov Type        Size  Object(Section)

    BuildAttributes$$THM_ISAv4$E$P$D$K$B$S$7EM$VFPi3$EXTD16$VFPS$VFMA$PE$A:L22UL41UL21$X:L11$S22US41US21$IEEE1$IW$~IW$USESV6$~STKCKD$USESV7$~SHL$OTIME$ROPI$IEEEJ$EBA8$UX$STANDARDLIB$REQ8$PRES8$EABIv2 0x00000000   Number         0  anon$$obj.o ABSOLUTE
    _printf_flags                            0x00000000   Number         0  printf_stubs.o ABSOLUTE
    _printf_return_value                     0x00000000   Number         0  printf_stubs.o ABSOLUTE
    _printf_sizespec                         0x00000000   Number         0  printf_stubs.o ABSOLUTE
    _printf_widthprec                        0x00000000   Number         0  printf_stubs.o ABSOLUTE
    __ARM_exceptions_init                     - Undefined Weak Reference
    __alloca_initialize                       - Undefined Weak Reference
    __arm_preinit_                            - Undefined Weak Reference
    __arm_relocate_pie_                       - Undefined Weak Reference
    __cpp_initialize__aeabi_                  - Undefined Weak Reference
    __cxa_finalize                            - Undefined Weak Reference
    __sigvec_lookup                           - Undefined Weak Reference
    _atexit_init                              - Undefined Weak Reference
    _call_atexit_fns                          - Undefined Weak Reference
    _clock_init                               - Undefined Weak Reference
    _fp_trap_init                             - Undefined Weak Reference
    _fp_trap_shutdown                         - Undefined Weak Reference
    _get_lc_collate                           - Undefined Weak Reference
    _get_lc_monetary                          - Undefined Weak Reference
    _get_lc_time                              - Undefined Weak Reference
    _getenv_init                              - Undefined Weak Reference
    _handle_redirection                       - Undefined Weak Reference
    _init_alloc                               - Undefined Weak Reference
    _init_user_alloc                          - Undefined Weak Reference
    _initio                                   - Undefined Weak Reference
    _printf_mbtowc                            - Undefined Weak Reference
    _printf_wc                                - Undefined Weak Reference
    _rand_init                                - Undefined Weak Reference
    _signal_finish                            - Undefined Weak Reference
    _signal_init                              - Undefined Weak Reference
    _terminate_alloc                          - Undefined Weak Reference
    _terminate_user_alloc                     - Undefined Weak Reference
    _terminateio                              - Undefined Weak Reference
    __Vectors_Size                           0x00000188   Number         0  startup_stm32f303x8.o ABSOLUTE
    __Vectors                                0x08000000   Data           4  startup_stm32f303x8.o(RESET)
    MMASM                                    0x08000189   Thumb Code     0  mmasm.o( .text )
    __Vectors_End                            0x08000188   Data           0  startup_stm32f303x8.o(RESET)
    __main                                   0x08000191   Thumb Code     8  __main.o(!!!main)
    __scatterload                            0x08000199   Thumb Code     0  __scatter.o(!!!scatter)
    __scatterload_rt2                        0x08000199   Thumb Code    84  __scatter.o(!!!scatter)
    __scatterload_rt2_thumb_only             0x08000199   Thumb Code     0  __scatter.o(!!!scatter)
    __scatterload_loop                       0x080001a3   Thumb Code     0  __scatter.o(!!!scatter)
    __scatterload_copy                       0x080001f5   Thumb Code    26  __scatter_copy.o(!!handler_copy)
    __scatterload_null                       0x08000211   Thumb Code     2  __scatter.o(!!handler_null)
    __scatterload_zeroinit                   0x08000215   Thumb Code    28  __scatter_zi.o(!!handler_zi)
    _printf_n                                0x08000231   Thumb Code     0  _printf_n.o(.ARM.Collect$$_printf_percent$$00000001)
    _printf_percent                          0x08000231   Thumb Code     0  _printf_percent.o(.ARM.Collect$$_printf_percent$$00000000)
    _printf_p                                0x08000237   Thumb Code     0  _printf_p.o(.ARM.Collect$$_printf_percent$$00000002)
    _printf_f                                0x0800023d   Thumb Code     0  _printf_f.o(.ARM.Collect$$_printf_percent$$00000003)
    _printf_e                                0x08000243   Thumb Code     0  _printf_e.o(.ARM.Collect$$_printf_percent$$00000004)
    _printf_g                                0x08000249   Thumb Code     0  _printf_g.o(.ARM.Collect$$_printf_percent$$00000005)
    _printf_a                                0x0800024f   Thumb Code     0  _printf_a.o(.ARM.Collect$$_printf_percent$$00000006)
    _printf_ll                               0x08000255   Thumb Code     0  _printf_ll.o(.ARM.Collect$$_printf_percent$$00000007)
    _printf_i                                0x0800025f   Thumb Code     0  _printf_i.o(.ARM.Collect$$_printf_percent$$00000008)
    _printf_d                                0x08000265   Thumb Code     0  _printf_d.o(.ARM.Collect$$_printf_percent$$00000009)
    _printf_u                                0x0800026b   Thumb Code     0  _printf_u.o(.ARM.Collect$$_printf_percent$$0000000A)
    _printf_o                                0x08000271   Thumb Code     0  _printf_o.o(.ARM.Collect$$_printf_percent$$0000000B)
    _printf_x                                0x08000277   Thumb Code     0  _printf_x.o(.ARM.Collect$$_printf_percent$$0000000C)
    _printf_lli                              0x0800027d   Thumb Code     0  _printf_lli.o(.ARM.Collect$$_printf_percent$$0000000D)
    _printf_lld                              0x08000283   Thumb Code     0  _printf_lld.o(.ARM.Collect$$_printf_percent$$0000000E)
    _printf_llu                              0x08000289   Thumb Code     0  _printf_llu.o(.ARM.Collect$$_printf_percent$$0000000F)
    _printf_llo                              0x0800028f   Thumb Code     0  _printf_llo.o(.ARM.Collect$$_printf_percent$$00000010)
    _printf_llx                              0x08000295   Thumb Code     0  _printf_llx.o(.ARM.Collect$$_printf_percent$$00000011)
    _printf_l                                0x0800029b   Thumb Code     0  _printf_l.o(.ARM.Collect$$_printf_percent$$00000012)
    _printf_c                                0x080002a5   Thumb Code     0  _printf_c.o(.ARM.Collect$$_printf_percent$$00000013)
    _printf_s                                0x080002ab   Thumb Code     0  _printf_s.o(.ARM.Collect$$_printf_percent$$00000014)
    _printf_lc                               0x080002b1   Thumb Code     0  _printf_lc.o(.ARM.Collect$$_printf_percent$$00000015)
    _printf_ls                               0x080002b7   Thumb Code     0  _printf_ls.o(.ARM.Collect$$_printf_percent$$00000016)
    _printf_percent_end                      0x080002bd   Thumb Code     0  _printf_percent_end.o(.ARM.Collect$$_printf_percent$$00000017)
    __rt_lib_init                            0x080002c1   Thumb Code     0  libinit.o(.ARM.Collect$$libinit$$00000000)
    __rt_lib_init_fp_1                       0x080002c3   Thumb Code     0  libinit2.o(.ARM.Collect$$libinit$$00000001)
    __rt_lib_init_heap_1                     0x080002c7   Thumb Code     0  libinit2.o(.ARM.Collect$$libinit$$0000000C)
    __rt_lib_init_lc_common                  0x080002c7   Thumb Code     0  libinit2.o(.ARM.Collect$$libinit$$00000011)
    __rt_lib_init_preinit_1                  0x080002c7   Thumb Code     0  libinit2.o(.ARM.Collect$$libinit$$00000006)
    __rt_lib_init_rand_1                     0x080002c7   Thumb Code     0  libinit2.o(.ARM.Collect$$libinit$$00000010)
    __rt_lib_init_relocate_pie_1             0x080002c7   Thumb Code     0  libinit2.o(.ARM.Collect$$libinit$$00000004)
    __rt_lib_init_user_alloc_1               0x080002c7   Thumb Code     0  libinit2.o(.ARM.Collect$$libinit$$0000000E)
    __rt_lib_init_lc_collate_1               0x080002cd   Thumb Code     0  libinit2.o(.ARM.Collect$$libinit$$00000013)
    __rt_lib_init_lc_ctype_2                 0x080002cd   Thumb Code     0  libinit2.o(.ARM.Collect$$libinit$$00000014)
    __rt_lib_init_lc_ctype_1                 0x080002d9   Thumb Code     0  libinit2.o(.ARM.Collect$$libinit$$00000015)
    __rt_lib_init_lc_monetary_1              0x080002d9   Thumb Code     0  libinit2.o(.ARM.Collect$$libinit$$00000017)
    __rt_lib_init_lc_numeric_2               0x080002d9   Thumb Code     0  libinit2.o(.ARM.Collect$$libinit$$00000018)
    __rt_lib_init_alloca_1                   0x080002e3   Thumb Code     0  libinit2.o(.ARM.Collect$$libinit$$00000030)
    __rt_lib_init_argv_1                     0x080002e3   Thumb Code     0  libinit2.o(.ARM.Collect$$libinit$$0000002E)
    __rt_lib_init_atexit_1                   0x080002e3   Thumb Code     0  libinit2.o(.ARM.Collect$$libinit$$0000001D)
    __rt_lib_init_clock_1                    0x080002e3   Thumb Code     0  libinit2.o(.ARM.Collect$$libinit$$00000023)
    __rt_lib_init_cpp_1                      0x080002e3   Thumb Code     0  libinit2.o(.ARM.Collect$$libinit$$00000034)
    __rt_lib_init_exceptions_1               0x080002e3   Thumb Code     0  libinit2.o(.ARM.Collect$$libinit$$00000032)
    __rt_lib_init_fp_trap_1                  0x080002e3   Thumb Code     0  libinit2.o(.ARM.Collect$$libinit$$00000021)
    __rt_lib_init_getenv_1                   0x080002e3   Thumb Code     0  libinit2.o(.ARM.Collect$$libinit$$00000025)
    __rt_lib_init_lc_numeric_1               0x080002e3   Thumb Code     0  libinit2.o(.ARM.Collect$$libinit$$00000019)
    __rt_lib_init_lc_time_1                  0x080002e3   Thumb Code     0  libinit2.o(.ARM.Collect$$libinit$$0000001B)
    __rt_lib_init_return                     0x080002e3   Thumb Code     0  libinit2.o(.ARM.Collect$$libinit$$00000035)
    __rt_lib_init_signal_1                   0x080002e3   Thumb Code     0  libinit2.o(.ARM.Collect$$libinit$$0000001F)
    __rt_lib_init_stdio_1                    0x080002e3   Thumb Code     0  libinit2.o(.ARM.Collect$$libinit$$00000027)
    __rt_lib_shutdown                        0x080002e5   Thumb Code     0  libshutdown.o(.ARM.Collect$$libshutdown$$00000000)
    __rt_lib_shutdown_cpp_1                  0x080002e7   Thumb Code     0  libshutdown2.o(.ARM.Collect$$libshutdown$$00000002)
    __rt_lib_shutdown_fp_trap_1              0x080002e7   Thumb Code     0  libshutdown2.o(.ARM.Collect$$libshutdown$$00000007)
    __rt_lib_shutdown_heap_1                 0x080002e7   Thumb Code     0  libshutdown2.o(.ARM.Collect$$libshutdown$$0000000F)
    __rt_lib_shutdown_return                 0x080002e7   Thumb Code     0  libshutdown2.o(.ARM.Collect$$libshutdown$$00000010)
    __rt_lib_shutdown_signal_1               0x080002e7   Thumb Code     0  libshutdown2.o(.ARM.Collect$$libshutdown$$0000000A)
    __rt_lib_shutdown_stdio_1                0x080002e7   Thumb Code     0  libshutdown2.o(.ARM.Collect$$libshutdown$$00000004)
    __rt_lib_shutdown_user_alloc_1           0x080002e7   Thumb Code     0  libshutdown2.o(.ARM.Collect$$libshutdown$$0000000C)
    __rt_entry                               0x080002e9   Thumb Code     0  __rtentry.o(.ARM.Collect$$rtentry$$00000000)
    __rt_entry_presh_1                       0x080002e9   Thumb Code     0  __rtentry2.o(.ARM.Collect$$rtentry$$00000002)
    __rt_entry_sh                            0x080002e9   Thumb Code     0  __rtentry4.o(.ARM.Collect$$rtentry$$00000004)
    __rt_entry_li                            0x080002ef   Thumb Code     0  __rtentry2.o(.ARM.Collect$$rtentry$$0000000A)
    __rt_entry_postsh_1                      0x080002ef   Thumb Code     0  __rtentry2.o(.ARM.Collect$$rtentry$$00000009)
    __rt_entry_main                          0x080002f3   Thumb Code     0  __rtentry2.o(.ARM.Collect$$rtentry$$0000000D)
    __rt_entry_postli_1                      0x080002f3   Thumb Code     0  __rtentry2.o(.ARM.Collect$$rtentry$$0000000C)
    __rt_exit                                0x080002fb   Thumb Code     0  rtexit.o(.ARM.Collect$$rtexit$$00000000)
    __rt_exit_ls                             0x080002fd   Thumb Code     0  rtexit2.o(.ARM.Collect$$rtexit$$00000003)
    __rt_exit_prels_1                        0x080002fd   Thumb Code     0  rtexit2.o(.ARM.Collect$$rtexit$$00000002)
    __rt_exit_exit                           0x08000301   Thumb Code     0  rtexit2.o(.ARM.Collect$$rtexit$$00000004)
    RDASM                                    0x08000309   Thumb Code     0  rdasm.o(.text)
    RMASM                                    0x0800037d   Thumb Code     0  rmasm.o(.text)
    BFASM                                    0x080003f5   Thumb Code     0  bfasm.o(.text)
    CALLASM                                  0x08000421   Thumb Code     0  callasm.o(.text)
    Reset_Handler                            0x08000425   Thumb Code     8  startup_stm32f303x8.o(.text)
    NMI_Handler                              0x0800042d   Thumb Code     2  startup_stm32f303x8.o(.text)
    HardFault_Handler                        0x0800042f   Thumb Code     2  startup_stm32f303x8.o(.text)
    MemManage_Handler                        0x08000431   Thumb Code     2  startup_stm32f303x8.o(.text)
    BusFault_Handler                         0x08000433   Thumb Code     2  startup_stm32f303x8.o(.text)
    UsageFault_Handler                       0x08000435   Thumb Code     2  startup_stm32f303x8.o(.text)
    SVC_Handler                              0x08000437   Thumb Code     2  startup_stm32f303x8.o(.text)
    DebugMon_Handler                         0x08000439   Thumb Code     2  startup_stm32f303x8.o(.text)
    PendSV_Handler                           0x0800043b   Thumb Code     2  startup_stm32f303x8.o(.text)
    SysTick_Handler                          0x0800043d   Thumb Code     2  startup_stm32f303x8.o(.text)
    ADC1_2_IRQHandler                        0x0800043f   Thumb Code     0  startup_stm32f303x8.o(.text)
    CAN_RX0_IRQHandler                       0x0800043f   Thumb Code     0  startup_stm32f303x8.o(.text)
    CAN_RX1_IRQHandler                       0x0800043f   Thumb Code     0  startup_stm32f303x8.o(.text)
    CAN_SCE_IRQHandler                       0x0800043f   Thumb Code     0  startup_stm32f303x8.o(.text)
    CAN_TX_IRQHandler                        0x0800043f   Thumb Code     0  startup_stm32f303x8.o(.text)
    COMP2_IRQHandler                         0x0800043f   Thumb Code     0  startup_stm32f303x8.o(.text)
    COMP4_6_IRQHandler                       0x0800043f   Thumb Code     0  startup_stm32f303x8.o(.text)
    DMA1_Channel1_IRQHandler                 0x0800043f   Thumb Code     0  startup_stm32f303x8.o(.text)
    DMA1_Channel2_IRQHandler                 0x0800043f   Thumb Code     0  startup_stm32f303x8.o(.text)
    DMA1_Channel3_IRQHandler                 0x0800043f   Thumb Code     0  startup_stm32f303x8.o(.text)
    DMA1_Channel4_IRQHandler                 0x0800043f   Thumb Code     0  startup_stm32f303x8.o(.text)
    DMA1_Channel5_IRQHandler                 0x0800043f   Thumb Code     0  startup_stm32f303x8.o(.text)
    DMA1_Channel6_IRQHandler                 0x0800043f   Thumb Code     0  startup_stm32f303x8.o(.text)
    DMA1_Channel7_IRQHandler                 0x0800043f   Thumb Code     0  startup_stm32f303x8.o(.text)
    EXTI0_IRQHandler                         0x0800043f   Thumb Code     0  startup_stm32f303x8.o(.text)
    EXTI15_10_IRQHandler                     0x0800043f   Thumb Code     0  startup_stm32f303x8.o(.text)
    EXTI1_IRQHandler                         0x0800043f   Thumb Code     0  startup_stm32f303x8.o(.text)
    EXTI2_TSC_IRQHandler                     0x0800043f   Thumb Code     0  startup_stm32f303x8.o(.text)
    EXTI3_IRQHandler                         0x0800043f   Thumb Code     0  startup_stm32f303x8.o(.text)
    EXTI4_IRQHandler                         0x0800043f   Thumb Code     0  startup_stm32f303x8.o(.text)
    EXTI9_5_IRQHandler                       0x0800043f   Thumb Code     0  startup_stm32f303x8.o(.text)
    FLASH_IRQHandler                         0x0800043f   Thumb Code     0  startup_stm32f303x8.o(.text)
    FPU_IRQHandler                           0x0800043f   Thumb Code     0  startup_stm32f303x8.o(.text)
    I2C1_ER_IRQHandler                       0x0800043f   Thumb Code     0  startup_stm32f303x8.o(.text)
    I2C1_EV_IRQHandler                       0x0800043f   Thumb Code     0  startup_stm32f303x8.o(.text)
    PVD_IRQHandler                           0x0800043f   Thumb Code     0  startup_stm32f303x8.o(.text)
    RCC_IRQHandler                           0x0800043f   Thumb Code     0  startup_stm32f303x8.o(.text)
    RTC_Alarm_IRQHandler                     0x0800043f   Thumb Code     0  startup_stm32f303x8.o(.text)
    RTC_WKUP_IRQHandler                      0x0800043f   Thumb Code     0  startup_stm32f303x8.o(.text)
    SPI1_IRQHandler                          0x0800043f   Thumb Code     0  startup_stm32f303x8.o(.text)
    TAMP_STAMP_IRQHandler                    0x0800043f   Thumb Code     0  startup_stm32f303x8.o(.text)
    TIM1_BRK_TIM15_IRQHandler                0x0800043f   Thumb Code     0  startup_stm32f303x8.o(.text)
    TIM1_CC_IRQHandler                       0x0800043f   Thumb Code     0  startup_stm32f303x8.o(.text)
    TIM1_TRG_COM_TIM17_IRQHandler            0x0800043f   Thumb Code     0  startup_stm32f303x8.o(.text)
    TIM1_UP_TIM16_IRQHandler                 0x0800043f   Thumb Code     0  startup_stm32f303x8.o(.text)
    TIM2_IRQHandler                          0x0800043f   Thumb Code     0  startup_stm32f303x8.o(.text)
    TIM3_IRQHandler                          0x0800043f   Thumb Code     0  startup_stm32f303x8.o(.text)
    TIM6_DAC1_IRQHandler                     0x0800043f   Thumb Code     0  startup_stm32f303x8.o(.text)
    TIM7_DAC2_IRQHandler                     0x0800043f   Thumb Code     0  startup_stm32f303x8.o(.text)
    USART1_IRQHandler                        0x0800043f   Thumb Code     0  startup_stm32f303x8.o(.text)
    USART3_IRQHandler                        0x0800043f   Thumb Code     0  startup_stm32f303x8.o(.text)
    WWDG_IRQHandler                          0x0800043f   Thumb Code     0  startup_stm32f303x8.o(.text)
    __user_initial_stackheap                 0x08000441   Thumb Code     0  startup_stm32f303x8.o(.text)
    sprintf                                  0x08000465   Thumb Code    38  sprintf.o(.text)
    atoi                                     0x08000491   Thumb Code    26  atoi.o(.text)
    strtol                                   0x080004ab   Thumb Code   112  strtol.o(.text)
    strtoul                                  0x0800051b   Thumb Code   114  strtoul.o(.text)
    strtok                                   0x0800058d   Thumb Code     6  strtok.o(.text)
    strcmp                                   0x08000599   Thumb Code   124  strcmpv7em.o(.text)
    __use_two_region_memory                  0x08000615   Thumb Code     2  heapauxi.o(.text)
    __rt_heap_escrow$2region                 0x08000617   Thumb Code     2  heapauxi.o(.text)
    __rt_heap_expand$2region                 0x08000619   Thumb Code     2  heapauxi.o(.text)
    __rt_ctype_table                         0x0800061d   Thumb Code    16  rt_ctype_table.o(.text)
    __aeabi_errno_addr                       0x0800062d   Thumb Code     8  rt_errno_addr_intlibspace.o(.text)
    __errno$intlibspace                      0x0800062d   Thumb Code     0  rt_errno_addr_intlibspace.o(.text)
    __rt_errno_addr$intlibspace              0x0800062d   Thumb Code     0  rt_errno_addr_intlibspace.o(.text)
    _printf_pre_padding                      0x08000635   Thumb Code    44  _printf_pad.o(.text)
    _printf_post_padding                     0x08000661   Thumb Code    34  _printf_pad.o(.text)
    _printf_truncate_signed                  0x08000683   Thumb Code    18  _printf_truncate.o(.text)
    _printf_truncate_unsigned                0x08000695   Thumb Code    18  _printf_truncate.o(.text)
    _printf_str                              0x080006a7   Thumb Code    82  _printf_str.o(.text)
    _printf_int_dec                          0x080006f9   Thumb Code   104  _printf_dec.o(.text)
    _printf_charcount                        0x08000771   Thumb Code    40  _printf_charcount.o(.text)
    _printf_char_common                      0x080007a3   Thumb Code    32  _printf_char_common.o(.text)
    _sputc                                   0x080007c9   Thumb Code    10  _sputc.o(.text)
    _printf_wctomb                           0x080007d5   Thumb Code   182  _printf_wctomb.o(.text)
    _printf_longlong_dec                     0x08000891   Thumb Code   108  _printf_longlong_dec.o(.text)
    _printf_longlong_oct                     0x0800090d   Thumb Code    68  _printf_oct_int_ll.o(.text)
    _printf_int_oct                          0x08000951   Thumb Code    24  _printf_oct_int_ll.o(.text)
    _printf_ll_oct                           0x08000969   Thumb Code    12  _printf_oct_int_ll.o(.text)
    _printf_longlong_hex                     0x0800097d   Thumb Code    86  _printf_hex_int_ll_ptr.o(.text)
    _printf_int_hex                          0x080009d3   Thumb Code    28  _printf_hex_int_ll_ptr.o(.text)
    _printf_ll_hex                           0x080009ef   Thumb Code    12  _printf_hex_int_ll_ptr.o(.text)
    _printf_hex_ptr                          0x080009fb   Thumb Code    18  _printf_hex_int_ll_ptr.o(.text)
    __printf                                 0x08000a11   Thumb Code   388  __printf_flags_ss_wp.o(.text)
    _strtoul                                 0x08000b99   Thumb Code   158  _strtoul.o(.text)
    __strtok_internal                        0x08000c39   Thumb Code    64  strtok_int.o(.text)
    __user_libspace                          0x08000c7d   Thumb Code     8  libspace.o(.text)
    __user_perproc_libspace                  0x08000c7d   Thumb Code     0  libspace.o(.text)
    __user_perthread_libspace                0x08000c7d   Thumb Code     0  libspace.o(.text)
    __rt_locale                              0x08000c85   Thumb Code     8  rt_locale_intlibspace.o(.text)
    _ll_udiv10                               0x08000c8d   Thumb Code   138  lludiv10.o(.text)
    _printf_int_common                       0x08000d17   Thumb Code   178  _printf_intcommon.o(.text)
    _printf_fp_dec_real                      0x08000f79   Thumb Code   620  _printf_fp_dec.o(.text)
    _printf_fp_hex_real                      0x080011e5   Thumb Code   756  _printf_fp_hex.o(.text)
    _printf_cs_common                        0x080014e1   Thumb Code    20  _printf_char.o(.text)
    _printf_char                             0x080014f5   Thumb Code    16  _printf_char.o(.text)
    _printf_string                           0x08001505   Thumb Code     8  _printf_char.o(.text)
    _printf_lcs_common                       0x0800150d   Thumb Code    20  _printf_wchar.o(.text)
    _printf_wchar                            0x08001521   Thumb Code    16  _printf_wchar.o(.text)
    _printf_wstring                          0x08001531   Thumb Code     8  _printf_wchar.o(.text)
    _chval                                   0x08001539   Thumb Code    28  _chval.o(.text)
    _c16rtomb                                0x08001555   Thumb Code    72  _c16rtomb.o(.text)
    _wcrtomb                                 0x08001555   Thumb Code     0  _c16rtomb.o(.text)
    strcspn                                  0x0800159d   Thumb Code    32  strcspn.o(.text)
    strspn                                   0x080015bd   Thumb Code    28  strspn.o(.text)
    __user_setup_stackheap                   0x080015d9   Thumb Code    74  sys_stackheap_outer.o(.text)
    _printf_fp_infnan                        0x08001625   Thumb Code   112  _printf_fp_infnan.o(.text)
    _btod_etento                             0x080016a5   Thumb Code   224  bigflt0.o(.text)
    exit                                     0x08001789   Thumb Code    18  exit.o(.text)
    _sys_exit                                0x0800179d   Thumb Code     8  sys_exit.o(.text)
    __I$use$semihosting                      0x080017a9   Thumb Code     0  use_no_semi.o(.text)
    __use_no_semihosting_swi                 0x080017a9   Thumb Code     2  use_no_semi.o(.text)
    __semihosting_library_function           0x080017ab   Thumb Code     0  indicate_semi.o(.text)
    BF                                       0x080017ad   Thumb Code   252  main.o(.text.BF)
    CALL                                     0x080018a9   Thumb Code   100  main.o(.text.CALL)
    MD                                       0x0800190d   Thumb Code   190  main.o(.text.MD)
    MM                                       0x080019cd   Thumb Code   184  main.o(.text.MM)
    PrintRD                                  0x08001a85   Thumb Code   228  main.o(.text.PrintRD)
    RD                                       0x08001b69   Thumb Code    24  main.o(.text.RD)
    RM                                       0x08001b81   Thumb Code   168  main.o(.text.RM)
    SystemInit                               0x08001c29   Thumb Code    18  system_stm32f3xx.o(.text.SystemInit)
    USART2_IRQHandler                        0x08001c3d   Thumb Code   138  main.o(.text.USART2_IRQHandler)
    USART2_Init                              0x08001cc9   Thumb Code   146  usart.o(.text.USART2_Init)
    USART2_Send                              0x08001d5d   Thumb Code    46  usart.o(.text.USART2_Send)
    USART2_String                            0x08001d8d   Thumb Code    36  usart.o(.text.USART2_String)
    main                                     0x08001de1   Thumb Code   138  main.o(.text.main)
    terminal                                 0x08001e6d   Thumb Code   444  main.o(.text.terminal)
    _btod_d2e                                0x08002029   Thumb Code    62  btod.o(CL$$btod_d2e)
    _d2e_denorm_low                          0x08002067   Thumb Code    70  btod.o(CL$$btod_d2e_denorm_low)
    _d2e_norm_op1                            0x080020ad   Thumb Code    96  btod.o(CL$$btod_d2e_norm_op1)
    __btod_div_common                        0x0800210d   Thumb Code   696  btod.o(CL$$btod_div_common)
    _e2e                                     0x08002445   Thumb Code   220  btod.o(CL$$btod_e2e)
    _btod_ediv                               0x08002521   Thumb Code    42  btod.o(CL$$btod_ediv)
    _btod_emul                               0x0800254b   Thumb Code    42  btod.o(CL$$btod_emul)
    __btod_mult_common                       0x08002575   Thumb Code   580  btod.o(CL$$btod_mult_common)
    __ARM_fpclassify                         0x080027b9   Thumb Code    48  fpclassify.o(i.__ARM_fpclassify)
    _is_digit                                0x080027e9   Thumb Code    14  __printf_wp.o(i._is_digit)
    _get_lc_ctype                            0x080027f9   Thumb Code    44  lc_ctype_c.o(locale$$code)
    _get_lc_numeric                          0x08002825   Thumb Code    44  lc_numeric_c.o(locale$$code)
    _fp_init                                 0x08002851   Thumb Code    26  fpinit.o(x$fpl$fpinit)
    __fplib_config_fpu_vfp                   0x08002869   Thumb Code     0  fpinit.o(x$fpl$fpinit)
    __fplib_config_pureend_doubles           0x08002869   Thumb Code     0  fpinit.o(x$fpl$fpinit)
    _printf_fp_dec                           0x0800286b   Thumb Code     4  printf1.o(x$fpl$printf1)
    _printf_fp_hex                           0x0800286f   Thumb Code     4  printf2.o(x$fpl$printf2)
    __I$use$fp                               0x08002872   Number         0  usenofp.o(x$fpl$usenofp)
    Region$$Table$$Base                      0x08002dbc   Number         0  anon$$obj.o(Region$$Table)
    Region$$Table$$Limit                     0x08002ddc   Number         0  anon$$obj.o(Region$$Table)
    __ctype                                  0x08002de9   Data           0  lc_ctype_c.o(locale$$data)
    __libspace_start                         0x20000008   Data          96  libspace.o(.bss)
    __temporary_stack_top$libspace           0x20000068   Data           0  libspace.o(.bss)
    cmd_ready                                0x20000068   Data           1  main.o(.bss.cmd_ready)
    n                                        0x20000069   Data           1  main.o(.bss.n)
    rx_data                                  0x2000006a   Data          64  main.o(.bss.rx_data)
    tx_buffer                                0x200000aa   Data          64  main.o(.bss.tx_buffer)
    uart_data                                0x200000ea   Data           1  main.o(.bss.uart_data)



==============================================================================

Memory Map of the image

  Image Entry point : 0x08000425

  Load Region LR_1 (Base: 0x08000000, Size: 0x00002f0c, Max: 0xffffffff, ABSOLUTE)

    Execution Region ER_RO (Exec base: 0x08000000, Load base: 0x08000000, Size: 0x00002f08, Max: 0xffffffff, ABSOLUTE)

    Exec Addr    Load Addr    Size         Type   Attr      Idx    E Section Name        Object

    0x08000000   0x08000000   0x00000188   Data   RO           57    RESET               startup_stm32f303x8.o
    0x08000188   0x08000188   0x00000006   Code   RO           46     .text              mmasm.o
    0x0800018e   0x0800018e   0x00000002   PAD
    0x08000190   0x08000190   0x00000008   Code   RO          108  * !!!main             c_w.l(__main.o)
    0x08000198   0x08000198   0x0000005c   Code   RO          458    !!!scatter          c_w.l(__scatter.o)
    0x080001f4   0x080001f4   0x0000001a   Code   RO          462    !!handler_copy      c_w.l(__scatter_copy.o)
    0x0800020e   0x0800020e   0x00000002   PAD
    0x08000210   0x08000210   0x00000002   Code   RO          459    !!handler_null      c_w.l(__scatter.o)
    0x08000212   0x08000212   0x00000002   PAD
    0x08000214   0x08000214   0x0000001c   Code   RO          464    !!handler_zi        c_w.l(__scatter_zi.o)
    0x08000230   0x08000230   0x00000000   Code   RO          199    .ARM.Collect$$_printf_percent$$00000000  c_w.l(_printf_percent.o)
    0x08000230   0x08000230   0x00000006   Code   RO          188    .ARM.Collect$$_printf_percent$$00000001  c_w.l(_printf_n.o)
    0x08000236   0x08000236   0x00000006   Code   RO          190    .ARM.Collect$$_printf_percent$$00000002  c_w.l(_printf_p.o)
    0x0800023c   0x0800023c   0x00000006   Code   RO          195    .ARM.Collect$$_printf_percent$$00000003  c_w.l(_printf_f.o)
    0x08000242   0x08000242   0x00000006   Code   RO          196    .ARM.Collect$$_printf_percent$$00000004  c_w.l(_printf_e.o)
    0x08000248   0x08000248   0x00000006   Code   RO          197    .ARM.Collect$$_printf_percent$$00000005  c_w.l(_printf_g.o)
    0x0800024e   0x0800024e   0x00000006   Code   RO          198    .ARM.Collect$$_printf_percent$$00000006  c_w.l(_printf_a.o)
    0x08000254   0x08000254   0x0000000a   Code   RO          203    .ARM.Collect$$_printf_percent$$00000007  c_w.l(_printf_ll.o)
    0x0800025e   0x0800025e   0x00000006   Code   RO          192    .ARM.Collect$$_printf_percent$$00000008  c_w.l(_printf_i.o)
    0x08000264   0x08000264   0x00000006   Code   RO          193    .ARM.Collect$$_printf_percent$$00000009  c_w.l(_printf_d.o)
    0x0800026a   0x0800026a   0x00000006   Code   RO          194    .ARM.Collect$$_printf_percent$$0000000A  c_w.l(_printf_u.o)
    0x08000270   0x08000270   0x00000006   Code   RO          191    .ARM.Collect$$_printf_percent$$0000000B  c_w.l(_printf_o.o)
    0x08000276   0x08000276   0x00000006   Code   RO          189    .ARM.Collect$$_printf_percent$$0000000C  c_w.l(_printf_x.o)
    0x0800027c   0x0800027c   0x00000006   Code   RO          200    .ARM.Collect$$_printf_percent$$0000000D  c_w.l(_printf_lli.o)
    0x08000282   0x08000282   0x00000006   Code   RO          201    .ARM.Collect$$_printf_percent$$0000000E  c_w.l(_printf_lld.o)
    0x08000288   0x08000288   0x00000006   Code   RO          202    .ARM.Collect$$_printf_percent$$0000000F  c_w.l(_printf_llu.o)
    0x0800028e   0x0800028e   0x00000006   Code   RO          207    .ARM.Collect$$_printf_percent$$00000010  c_w.l(_printf_llo.o)
    0x08000294   0x08000294   0x00000006   Code   RO          208    .ARM.Collect$$_printf_percent$$00000011  c_w.l(_printf_llx.o)
    0x0800029a   0x0800029a   0x0000000a   Code   RO          204    .ARM.Collect$$_printf_percent$$00000012  c_w.l(_printf_l.o)
    0x080002a4   0x080002a4   0x00000006   Code   RO          186    .ARM.Collect$$_printf_percent$$00000013  c_w.l(_printf_c.o)
    0x080002aa   0x080002aa   0x00000006   Code   RO          187    .ARM.Collect$$_printf_percent$$00000014  c_w.l(_printf_s.o)
    0x080002b0   0x080002b0   0x00000006   Code   RO          205    .ARM.Collect$$_printf_percent$$00000015  c_w.l(_printf_lc.o)
    0x080002b6   0x080002b6   0x00000006   Code   RO          206    .ARM.Collect$$_printf_percent$$00000016  c_w.l(_printf_ls.o)
    0x080002bc   0x080002bc   0x00000004   Code   RO          261    .ARM.Collect$$_printf_percent$$00000017  c_w.l(_printf_percent_end.o)
    0x080002c0   0x080002c0   0x00000002   Code   RO          314    .ARM.Collect$$libinit$$00000000  c_w.l(libinit.o)
    0x080002c2   0x080002c2   0x00000004   Code   RO          315    .ARM.Collect$$libinit$$00000001  c_w.l(libinit2.o)
    0x080002c6   0x080002c6   0x00000000   Code   RO          318    .ARM.Collect$$libinit$$00000004  c_w.l(libinit2.o)
    0x080002c6   0x080002c6   0x00000000   Code   RO          320    .ARM.Collect$$libinit$$00000006  c_w.l(libinit2.o)
    0x080002c6   0x080002c6   0x00000000   Code   RO          323    .ARM.Collect$$libinit$$0000000C  c_w.l(libinit2.o)
    0x080002c6   0x080002c6   0x00000000   Code   RO          325    .ARM.Collect$$libinit$$0000000E  c_w.l(libinit2.o)
    0x080002c6   0x080002c6   0x00000000   Code   RO          327    .ARM.Collect$$libinit$$00000010  c_w.l(libinit2.o)
    0x080002c6   0x080002c6   0x00000006   Code   RO          328    .ARM.Collect$$libinit$$00000011  c_w.l(libinit2.o)
    0x080002cc   0x080002cc   0x00000000   Code   RO          330    .ARM.Collect$$libinit$$00000013  c_w.l(libinit2.o)
    0x080002cc   0x080002cc   0x0000000c   Code   RO          331    .ARM.Collect$$libinit$$00000014  c_w.l(libinit2.o)
    0x080002d8   0x080002d8   0x00000000   Code   RO          332    .ARM.Collect$$libinit$$00000015  c_w.l(libinit2.o)
    0x080002d8   0x080002d8   0x00000000   Code   RO          334    .ARM.Collect$$libinit$$00000017  c_w.l(libinit2.o)
    0x080002d8   0x080002d8   0x0000000a   Code   RO          335    .ARM.Collect$$libinit$$00000018  c_w.l(libinit2.o)
    0x080002e2   0x080002e2   0x00000000   Code   RO          336    .ARM.Collect$$libinit$$00000019  c_w.l(libinit2.o)
    0x080002e2   0x080002e2   0x00000000   Code   RO          338    .ARM.Collect$$libinit$$0000001B  c_w.l(libinit2.o)
    0x080002e2   0x080002e2   0x00000000   Code   RO          340    .ARM.Collect$$libinit$$0000001D  c_w.l(libinit2.o)
    0x080002e2   0x080002e2   0x00000000   Code   RO          342    .ARM.Collect$$libinit$$0000001F  c_w.l(libinit2.o)
    0x080002e2   0x080002e2   0x00000000   Code   RO          344    .ARM.Collect$$libinit$$00000021  c_w.l(libinit2.o)
    0x080002e2   0x080002e2   0x00000000   Code   RO          346    .ARM.Collect$$libinit$$00000023  c_w.l(libinit2.o)
    0x080002e2   0x080002e2   0x00000000   Code   RO          348    .ARM.Collect$$libinit$$00000025  c_w.l(libinit2.o)
    0x080002e2   0x080002e2   0x00000000   Code   RO          350    .ARM.Collect$$libinit$$00000027  c_w.l(libinit2.o)
    0x080002e2   0x080002e2   0x00000000   Code   RO          354    .ARM.Collect$$libinit$$0000002E  c_w.l(libinit2.o)
    0x080002e2   0x080002e2   0x00000000   Code   RO          356    .ARM.Collect$$libinit$$00000030  c_w.l(libinit2.o)
    0x080002e2   0x080002e2   0x00000000   Code   RO          358    .ARM.Collect$$libinit$$00000032  c_w.l(libinit2.o)
    0x080002e2   0x080002e2   0x00000000   Code   RO          360    .ARM.Collect$$libinit$$00000034  c_w.l(libinit2.o)
    0x080002e2   0x080002e2   0x00000002   Code   RO          361    .ARM.Collect$$libinit$$00000035  c_w.l(libinit2.o)
    0x080002e4   0x080002e4   0x00000002   Code   RO          404    .ARM.Collect$$libshutdown$$00000000  c_w.l(libshutdown.o)
    0x080002e6   0x080002e6   0x00000000   Code   RO          415    .ARM.Collect$$libshutdown$$00000002  c_w.l(libshutdown2.o)
    0x080002e6   0x080002e6   0x00000000   Code   RO          417    .ARM.Collect$$libshutdown$$00000004  c_w.l(libshutdown2.o)
    0x080002e6   0x080002e6   0x00000000   Code   RO          420    .ARM.Collect$$libshutdown$$00000007  c_w.l(libshutdown2.o)
    0x080002e6   0x080002e6   0x00000000   Code   RO          423    .ARM.Collect$$libshutdown$$0000000A  c_w.l(libshutdown2.o)
    0x080002e6   0x080002e6   0x00000000   Code   RO          425    .ARM.Collect$$libshutdown$$0000000C  c_w.l(libshutdown2.o)
    0x080002e6   0x080002e6   0x00000000   Code   RO          428    .ARM.Collect$$libshutdown$$0000000F  c_w.l(libshutdown2.o)
    0x080002e6   0x080002e6   0x00000002   Code   RO          429    .ARM.Collect$$libshutdown$$00000010  c_w.l(libshutdown2.o)
    0x080002e8   0x080002e8   0x00000000   Code   RO          110    .ARM.Collect$$rtentry$$00000000  c_w.l(__rtentry.o)
    0x080002e8   0x080002e8   0x00000000   Code   RO          225    .ARM.Collect$$rtentry$$00000002  c_w.l(__rtentry2.o)
    0x080002e8   0x080002e8   0x00000006   Code   RO          237    .ARM.Collect$$rtentry$$00000004  c_w.l(__rtentry4.o)
    0x080002ee   0x080002ee   0x00000000   Code   RO          227    .ARM.Collect$$rtentry$$00000009  c_w.l(__rtentry2.o)
    0x080002ee   0x080002ee   0x00000004   Code   RO          228    .ARM.Collect$$rtentry$$0000000A  c_w.l(__rtentry2.o)
    0x080002f2   0x080002f2   0x00000000   Code   RO          230    .ARM.Collect$$rtentry$$0000000C  c_w.l(__rtentry2.o)
    0x080002f2   0x080002f2   0x00000008   Code   RO          231    .ARM.Collect$$rtentry$$0000000D  c_w.l(__rtentry2.o)
    0x080002fa   0x080002fa   0x00000002   Code   RO          367    .ARM.Collect$$rtexit$$00000000  c_w.l(rtexit.o)
    0x080002fc   0x080002fc   0x00000000   Code   RO          376    .ARM.Collect$$rtexit$$00000002  c_w.l(rtexit2.o)
    0x080002fc   0x080002fc   0x00000004   Code   RO          377    .ARM.Collect$$rtexit$$00000003  c_w.l(rtexit2.o)
    0x08000300   0x08000300   0x00000006   Code   RO          378    .ARM.Collect$$rtexit$$00000004  c_w.l(rtexit2.o)
    0x08000306   0x08000306   0x00000002   PAD
    0x08000308   0x08000308   0x00000072   Code   RO           35    .text               rdasm.o
    0x0800037a   0x0800037a   0x00000002   PAD
    0x0800037c   0x0800037c   0x00000078   Code   RO           40    .text               rmasm.o
    0x080003f4   0x080003f4   0x0000002a   Code   RO           49    .text               bfasm.o
    0x0800041e   0x0800041e   0x00000002   PAD
    0x08000420   0x08000420   0x00000004   Code   RO           52    .text               callasm.o
    0x08000424   0x08000424   0x00000040   Code   RO           58  * .text               startup_stm32f303x8.o
    0x08000464   0x08000464   0x0000002c   Code   RO           93    .text               c_w.l(sprintf.o)
    0x08000490   0x08000490   0x0000001a   Code   RO           95    .text               c_w.l(atoi.o)
    0x080004aa   0x080004aa   0x00000070   Code   RO           97    .text               c_w.l(strtol.o)
    0x0800051a   0x0800051a   0x00000072   Code   RO           99    .text               c_w.l(strtoul.o)
    0x0800058c   0x0800058c   0x0000000c   Code   RO          101    .text               c_w.l(strtok.o)
    0x08000598   0x08000598   0x0000007c   Code   RO          104    .text               c_w.l(strcmpv7em.o)
    0x08000614   0x08000614   0x00000006   Code   RO          106    .text               c_w.l(heapauxi.o)
    0x0800061a   0x0800061a   0x00000002   PAD
    0x0800061c   0x0800061c   0x00000010   Code   RO          111    .text               c_w.l(rt_ctype_table.o)
    0x0800062c   0x0800062c   0x00000008   Code   RO          116    .text               c_w.l(rt_errno_addr_intlibspace.o)
    0x08000634   0x08000634   0x0000004e   Code   RO          120    .text               c_w.l(_printf_pad.o)
    0x08000682   0x08000682   0x00000024   Code   RO          122    .text               c_w.l(_printf_truncate.o)
    0x080006a6   0x080006a6   0x00000052   Code   RO          124    .text               c_w.l(_printf_str.o)
    0x080006f8   0x080006f8   0x00000078   Code   RO          126    .text               c_w.l(_printf_dec.o)
    0x08000770   0x08000770   0x00000028   Code   RO          128    .text               c_w.l(_printf_charcount.o)
    0x08000798   0x08000798   0x00000030   Code   RO          130    .text               c_w.l(_printf_char_common.o)
    0x080007c8   0x080007c8   0x0000000a   Code   RO          132    .text               c_w.l(_sputc.o)
    0x080007d2   0x080007d2   0x00000002   PAD
    0x080007d4   0x080007d4   0x000000bc   Code   RO          134    .text               c_w.l(_printf_wctomb.o)
    0x08000890   0x08000890   0x0000007c   Code   RO          137    .text               c_w.l(_printf_longlong_dec.o)
    0x0800090c   0x0800090c   0x00000070   Code   RO          143    .text               c_w.l(_printf_oct_int_ll.o)
    0x0800097c   0x0800097c   0x00000094   Code   RO          163    .text               c_w.l(_printf_hex_int_ll_ptr.o)
    0x08000a10   0x08000a10   0x00000188   Code   RO          183    .text               c_w.l(__printf_flags_ss_wp.o)
    0x08000b98   0x08000b98   0x0000009e   Code   RO          209    .text               c_w.l(_strtoul.o)
    0x08000c36   0x08000c36   0x00000002   PAD
    0x08000c38   0x08000c38   0x00000044   Code   RO          211    .text               c_w.l(strtok_int.o)
    0x08000c7c   0x08000c7c   0x00000008   Code   RO          221    .text               c_w.l(libspace.o)
    0x08000c84   0x08000c84   0x00000008   Code   RO          242    .text               c_w.l(rt_locale_intlibspace.o)
    0x08000c8c   0x08000c8c   0x0000008a   Code   RO          244    .text               c_w.l(lludiv10.o)
    0x08000d16   0x08000d16   0x000000b2   Code   RO          246    .text               c_w.l(_printf_intcommon.o)
    0x08000dc8   0x08000dc8   0x0000041c   Code   RO          248    .text               c_w.l(_printf_fp_dec.o)
    0x080011e4   0x080011e4   0x000002fc   Code   RO          252    .text               c_w.l(_printf_fp_hex.o)
    0x080014e0   0x080014e0   0x0000002c   Code   RO          257    .text               c_w.l(_printf_char.o)
    0x0800150c   0x0800150c   0x0000002c   Code   RO          259    .text               c_w.l(_printf_wchar.o)
    0x08001538   0x08001538   0x0000001c   Code   RO          262    .text               c_w.l(_chval.o)
    0x08001554   0x08001554   0x00000048   Code   RO          264    .text               c_w.l(_c16rtomb.o)
    0x0800159c   0x0800159c   0x00000020   Code   RO          269    .text               c_w.l(strcspn.o)
    0x080015bc   0x080015bc   0x0000001c   Code   RO          271    .text               c_w.l(strspn.o)
    0x080015d8   0x080015d8   0x0000004a   Code   RO          273    .text               c_w.l(sys_stackheap_outer.o)
    0x08001622   0x08001622   0x00000002   PAD
    0x08001624   0x08001624   0x00000080   Code   RO          275    .text               c_w.l(_printf_fp_infnan.o)
    0x080016a4   0x080016a4   0x000000e4   Code   RO          277    .text               c_w.l(bigflt0.o)
    0x08001788   0x08001788   0x00000012   Code   RO          307    .text               c_w.l(exit.o)
    0x0800179a   0x0800179a   0x00000002   PAD
    0x0800179c   0x0800179c   0x0000000c   Code   RO          390    .text               c_w.l(sys_exit.o)
    0x080017a8   0x080017a8   0x00000002   Code   RO          405    .text               c_w.l(use_no_semi.o)
    0x080017aa   0x080017aa   0x00000000   Code   RO          407    .text               c_w.l(indicate_semi.o)
    0x080017aa   0x080017aa   0x00000002   PAD
    0x080017ac   0x080017ac   0x000000fc   Code   RO           14    .text.BF            main.o
    0x080018a8   0x080018a8   0x00000064   Code   RO           16    .text.CALL          main.o
    0x0800190c   0x0800190c   0x000000be   Code   RO           10    .text.MD            main.o
    0x080019ca   0x080019ca   0x00000002   PAD
    0x080019cc   0x080019cc   0x000000b8   Code   RO           12    .text.MM            main.o
    0x08001a84   0x08001a84   0x000000e4   Code   RO           18    .text.PrintRD       main.o
    0x08001b68   0x08001b68   0x00000018   Code   RO            6    .text.RD            main.o
    0x08001b80   0x08001b80   0x000000a8   Code   RO            8    .text.RM            main.o
    0x08001c28   0x08001c28   0x00000012   Code   RO           63    .text.SystemInit    system_stm32f3xx.o
    0x08001c3a   0x08001c3a   0x00000002   PAD
    0x08001c3c   0x08001c3c   0x0000008a   Code   RO           20    .text.USART2_IRQHandler  main.o
    0x08001cc6   0x08001cc6   0x00000002   PAD
    0x08001cc8   0x08001cc8   0x00000092   Code   RO           77    .text.USART2_Init   UART_Lib.lib(usart.o)
    0x08001d5a   0x08001d5a   0x00000002   PAD
    0x08001d5c   0x08001d5c   0x0000002e   Code   RO           81    .text.USART2_Send   UART_Lib.lib(usart.o)
    0x08001d8a   0x08001d8a   0x00000002   PAD
    0x08001d8c   0x08001d8c   0x00000024   Code   RO           83    .text.USART2_String  UART_Lib.lib(usart.o)
    0x08001db0   0x08001db0   0x00000030   Code   RO           79    .text.__NVIC_EnableIRQ  UART_Lib.lib(usart.o)
    0x08001de0   0x08001de0   0x0000008a   Code   RO            2    .text.main          main.o
    0x08001e6a   0x08001e6a   0x00000002   PAD
    0x08001e6c   0x08001e6c   0x000001bc   Code   RO            4    .text.terminal      main.o
    0x08002028   0x08002028   0x0000003e   Code   RO          280    CL$$btod_d2e        c_w.l(btod.o)
    0x08002066   0x08002066   0x00000046   Code   RO          282    CL$$btod_d2e_denorm_low  c_w.l(btod.o)
    0x080020ac   0x080020ac   0x00000060   Code   RO          281    CL$$btod_d2e_norm_op1  c_w.l(btod.o)
    0x0800210c   0x0800210c   0x00000338   Code   RO          290    CL$$btod_div_common  c_w.l(btod.o)
    0x08002444   0x08002444   0x000000dc   Code   RO          287    CL$$btod_e2e        c_w.l(btod.o)
    0x08002520   0x08002520   0x0000002a   Code   RO          284    CL$$btod_ediv       c_w.l(btod.o)
    0x0800254a   0x0800254a   0x0000002a   Code   RO          283    CL$$btod_emul       c_w.l(btod.o)
    0x08002574   0x08002574   0x00000244   Code   RO          289    CL$$btod_mult_common  c_w.l(btod.o)
    0x080027b8   0x080027b8   0x00000030   Code   RO          365    i.__ARM_fpclassify  m_wm.l(fpclassify.o)
    0x080027e8   0x080027e8   0x0000000e   Code   RO          176    i._is_digit         c_w.l(__printf_wp.o)
    0x080027f6   0x080027f6   0x00000002   PAD
    0x080027f8   0x080027f8   0x0000002c   Code   RO          267    locale$$code        c_w.l(lc_ctype_c.o)
    0x08002824   0x08002824   0x0000002c   Code   RO          305    locale$$code        c_w.l(lc_numeric_c.o)
    0x08002850   0x08002850   0x0000001a   Code   RO          373    x$fpl$fpinit        fz_wm.l(fpinit.o)
    0x0800286a   0x0800286a   0x00000004   Code   RO          213    x$fpl$printf1       fz_wm.l(printf1.o)
    0x0800286e   0x0800286e   0x00000004   Code   RO          215    x$fpl$printf2       fz_wm.l(printf2.o)
    0x08002872   0x08002872   0x00000000   Code   RO          364    x$fpl$usenofp       fz_wm.l(usenofp.o)
    0x08002872   0x08002872   0x00000002   PAD
    0x08002874   0x08002874   0x00000008   Data   RO          135    .constdata          c_w.l(_printf_wctomb.o)
    0x0800287c   0x0800287c   0x00000028   Data   RO          164    .constdata          c_w.l(_printf_hex_int_ll_ptr.o)
    0x080028a4   0x080028a4   0x00000011   Data   RO          184    .constdata          c_w.l(__printf_flags_ss_wp.o)
    0x080028b5   0x080028b5   0x00000026   Data   RO          253    .constdata          c_w.l(_printf_fp_hex.o)
    0x080028db   0x080028db   0x00000001   PAD
    0x080028dc   0x080028dc   0x00000094   Data   RO          278    .constdata          c_w.l(bigflt0.o)
    0x08002970   0x08002970   0x0000044b   Data   RO           22    .rodata.str1.1      main.o
    0x08002dbb   0x08002dbb   0x00000001   PAD
    0x08002dbc   0x08002dbc   0x00000020   Data   RO          457    Region$$Table       anon$$obj.o
    0x08002ddc   0x08002ddc   0x00000110   Data   RO          266    locale$$data        c_w.l(lc_ctype_c.o)
    0x08002eec   0x08002eec   0x0000001c   Data   RO          304    locale$$data        c_w.l(lc_numeric_c.o)


    Execution Region ER_RW (Exec base: 0x20000000, Load base: 0x08002f08, Size: 0x00000004, Max: 0xffffffff, ABSOLUTE)

    Exec Addr    Load Addr    Size         Type   Attr      Idx    E Section Name        Object

    0x20000000   0x08002f08   0x00000004   Data   RW          102    .data               c_w.l(strtok.o)


    Execution Region ER_ZI (Exec base: 0x20000008, Load base: 0x08002f0c, Size: 0x000006e8, Max: 0xffffffff, ABSOLUTE)

    Exec Addr    Load Addr    Size         Type   Attr      Idx    E Section Name        Object

    0x20000008        -       0x00000060   Zero   RW          222    .bss                c_w.l(libspace.o)
    0x20000068        -       0x00000001   Zero   RW           23    .bss.cmd_ready      main.o
    0x20000069        -       0x00000001   Zero   RW           27    .bss.n              main.o
    0x2000006a        -       0x00000040   Zero   RW           24    .bss.rx_data        main.o
    0x200000aa        -       0x00000040   Zero   RW           25    .bss.tx_buffer      main.o
    0x200000ea        -       0x00000001   Zero   RW           26    .bss.uart_data      main.o
    0x200000eb   0x08002f0c   0x00000005   PAD
    0x200000f0        -       0x00000200   Zero   RW           56    HEAP                startup_stm32f303x8.o
    0x200002f0        -       0x00000400   Zero   RW           55    STACK               startup_stm32f303x8.o


==============================================================================

Image component sizes


      Code (inc. data)   RO Data    RW Data    ZI Data      Debug   Object Name

        42          0          0          0          0        232   bfasm.o
         4          0          0          0          0        216   callasm.o
      1866          0       1099          0        131       4657   main.o
         6          0          0          0          0        216   mmasm.o
       114          0          0          0          0        280   rdasm.o
       120          0          0          0          0        272   rmasm.o
        64         26        392          0       1536        868   startup_stm32f303x8.o
        18          0          0          0          0       2361   system_stm32f3xx.o

    ----------------------------------------------------------------------
      2248         26       1524          0       1672       9102   Object Totals
         0          0         32          0          0          0   (incl. Generated)
        14          0          1          0          5          0   (incl. Padding)

    ----------------------------------------------------------------------

      Code (inc. data)   RO Data    RW Data    ZI Data      Debug   Library Member Name

       276          0          0          0          0       3721   usart.o
         8          0          0          0          0         68   __main.o
       392          4         17          0          0         92   __printf_flags_ss_wp.o
        14          0          0          0          0         68   __printf_wp.o
         0          0          0          0          0          0   __rtentry.o
        12          0          0          0          0          0   __rtentry2.o
         6          0          0          0          0          0   __rtentry4.o
        94          8          0          0          0          0   __scatter.o
        26          0          0          0          0          0   __scatter_copy.o
        28          0          0          0          0          0   __scatter_zi.o
        72          0          0          0          0         96   _c16rtomb.o
        28          0          0          0          0         68   _chval.o
         6          0          0          0          0          0   _printf_a.o
         6          0          0          0          0          0   _printf_c.o
        44          0          0          0          0        108   _printf_char.o
        48          6          0          0          0         96   _printf_char_common.o
        40          0          0          0          0         68   _printf_charcount.o
         6          0          0          0          0          0   _printf_d.o
       120         16          0          0          0         92   _printf_dec.o
         6          0          0          0          0          0   _printf_e.o
         6          0          0          0          0          0   _printf_f.o
      1052          0          0          0          0        148   _printf_fp_dec.o
       764          8         38          0          0        100   _printf_fp_hex.o
       128         16          0          0          0         84   _printf_fp_infnan.o
         6          0          0          0          0          0   _printf_g.o
       148          4         40          0          0        160   _printf_hex_int_ll_ptr.o
         6          0          0          0          0          0   _printf_i.o
       178          0          0          0          0         88   _printf_intcommon.o
        10          0          0          0          0          0   _printf_l.o
         6          0          0          0          0          0   _printf_lc.o
        10          0          0          0          0          0   _printf_ll.o
         6          0          0          0          0          0   _printf_lld.o
         6          0          0          0          0          0   _printf_lli.o
         6          0          0          0          0          0   _printf_llo.o
         6          0          0          0          0          0   _printf_llu.o
         6          0          0          0          0          0   _printf_llx.o
       124         16          0          0          0         92   _printf_longlong_dec.o
         6          0          0          0          0          0   _printf_ls.o
         6          0          0          0          0          0   _printf_n.o
         6          0          0          0          0          0   _printf_o.o
       112          8          0          0          0        124   _printf_oct_int_ll.o
         6          0          0          0          0          0   _printf_p.o
        78          0          0          0          0        108   _printf_pad.o
         0          0          0          0          0          0   _printf_percent.o
         4          0          0          0          0          0   _printf_percent_end.o
         6          0          0          0          0          0   _printf_s.o
        82          0          0          0          0         80   _printf_str.o
        36          0          0          0          0         84   _printf_truncate.o
         6          0          0          0          0          0   _printf_u.o
        44          0          0          0          0        108   _printf_wchar.o
       188          6          8          0          0         92   _printf_wctomb.o
         6          0          0          0          0          0   _printf_x.o
        10          0          0          0          0         68   _sputc.o
       158          0          0          0          0         92   _strtoul.o
        26          0          0          0          0         80   atoi.o
       228          4        148          0          0         96   bigflt0.o
      1936        128          0          0          0        668   btod.o
        18          0          0          0          0         80   exit.o
         6          0          0          0          0        152   heapauxi.o
         0          0          0          0          0          0   indicate_semi.o
        44         10        272          0          0         76   lc_ctype_c.o
        44         10         28          0          0         76   lc_numeric_c.o
         2          0          0          0          0          0   libinit.o
        34          0          0          0          0          0   libinit2.o
         2          0          0          0          0          0   libshutdown.o
         2          0          0          0          0          0   libshutdown2.o
         8          4          0          0         96         68   libspace.o
       138          0          0          0          0         80   lludiv10.o
        16          4          0          0          0         76   rt_ctype_table.o
         8          4          0          0          0         68   rt_errno_addr_intlibspace.o
         8          4          0          0          0         68   rt_locale_intlibspace.o
         2          0          0          0          0          0   rtexit.o
        10          0          0          0          0          0   rtexit2.o
        44          6          0          0          0         84   sprintf.o
       124          0          0          0          0         88   strcmpv7em.o
        32          0          0          0          0         80   strcspn.o
        28          0          0          0          0         80   strspn.o
        12          6          0          4          0         68   strtok.o
        68          4          0          0          0         84   strtok_int.o
       112          0          0          0          0         88   strtol.o
       114          0          0          0          0         92   strtoul.o
        12          4          0          0          0         68   sys_exit.o
        74          0          0          0          0         80   sys_stackheap_outer.o
         2          0          0          0          0         68   use_no_semi.o
        26          0          0          0          0        116   fpinit.o
         4          0          0          0          0        116   printf1.o
         4          0          0          0          0        116   printf2.o
         0          0          0          0          0          0   usenofp.o
        48          0          0          0          0        124   fpclassify.o

    ----------------------------------------------------------------------
      7716        280        552          4         96       8845   Library Totals
        26          0          1          0          0          0   (incl. Padding)

    ----------------------------------------------------------------------

      Code (inc. data)   RO Data    RW Data    ZI Data      Debug   Library Name

       276          0          0          0          0       3721   UART_Lib.lib
      7332        280        551          4         96       4652   c_w.l
        34          0          0          0          0        348   fz_wm.l
        48          0          0          0          0        124   m_wm.l

    ----------------------------------------------------------------------
      7716        280        552          4         96       8845   Library Totals

    ----------------------------------------------------------------------

==============================================================================


      Code (inc. data)   RO Data    RW Data    ZI Data      Debug   

      9964        306       2076          4       1768      15227   Grand Totals
      9964        306       2076          4       1768      15227   ELF Image Totals
      9964        306       2076          4          0          0   ROM Totals

==============================================================================

    Total RO  Size (Code + RO Data)                12040 (  11.76kB)
    Total RW  Size (RW Data + ZI Data)              1772 (   1.73kB)
    Total ROM Size (Code + RO Data + RW Data)      12044 (  11.76kB)

==============================================================================

