Component: Arm Compiler for Embedded 6.23 Tool: armlink [5f102400]

==============================================================================

Section Cross References

    main.o(.text.main) refers to usart.o(.text.USART2_Init) for USART2_Init
    main.o(.text.main) refers to main.o(.rodata.str1.1) for .L.str
    main.o(.text.main) refers to usart.o(.text.USART2_String) for USART2_String
    main.o(.text.main) refers to main.o(.bss.cmd_ready) for cmd_ready
    main.o(.text.main) refers to main.o(.bss.rx_data) for rx_data
    main.o(.text.main) refers to main.o(.text.terminal) for terminal
    main.o(.ARM.exidx.text.main) refers to main.o(.text.main) for [Anonymous Symbol]
    main.o(.text.terminal) refers to main.o(.rodata.str1.1) for .L.str.6
    main.o(.text.terminal) refers to strtok.o(.text) for strtok
    main.o(.text.terminal) refers to strcmpv7em.o(.text) for strcmp
    main.o(.text.terminal) refers to main.o(.text.RD) for RD
    main.o(.text.terminal) refers to usart.o(.text.USART2_String) for USART2_String
    main.o(.text.terminal) refers to main.o(.text.RM) for RM
    main.o(.text.terminal) refers to main.o(.text.MD) for MD
    main.o(.ARM.exidx.text.terminal) refers to main.o(.text.terminal) for [Anonymous Symbol]
    main.o(.text.RD) refers to rdasm.o(.text) for RDASM
    main.o(.text.RD) refers to main.o(.text.PrintRD) for PrintRD
    main.o(.ARM.exidx.text.RD) refers to main.o(.text.RD) for [Anonymous Symbol]
    main.o(.text.RM) refers to main.o(.rodata.str1.1) for .L.str.26
    main.o(.text.RM) refers to usart.o(.text.USART2_String) for USART2_String
    main.o(.text.RM) refers to atoi.o(.text) for atoi
    main.o(.text.RM) refers to strtol.o(.text) for strtol
    main.o(.text.RM) refers to rmasm.o(.text) for RMASM
    main.o(.text.RM) refers to main.o(.bss.tx_buffer) for tx_buffer
    main.o(.text.RM) refers to sprintf.o(.text) for sprintf
    main.o(.ARM.exidx.text.RM) refers to main.o(.text.RM) for [Anonymous Symbol]
    main.o(.text.MD) refers to main.o(.rodata.str1.1) for .L.str.28
    main.o(.text.MD) refers to usart.o(.text.USART2_String) for USART2_String
    main.o(.text.MD) refers to strtol.o(.text) for strtol
    main.o(.text.MD) refers to main.o(.bss.tx_buffer) for tx_buffer
    main.o(.text.MD) refers to sprintf.o(.text) for sprintf
    main.o(.ARM.exidx.text.MD) refers to main.o(.text.MD) for [Anonymous Symbol]
    main.o(.text.PrintRD) refers to main.o(.bss.tx_buffer) for tx_buffer
    main.o(.text.PrintRD) refers to main.o(.rodata.str1.1) for .L.str.22
    main.o(.text.PrintRD) refers to sprintf.o(.text) for sprintf
    main.o(.text.PrintRD) refers to usart.o(.text.USART2_String) for USART2_String
    main.o(.ARM.exidx.text.PrintRD) refers to main.o(.text.PrintRD) for [Anonymous Symbol]
    main.o(.text.USART2_IRQHandler) refers to main.o(.bss.uart_data) for uart_data
    main.o(.text.USART2_IRQHandler) refers to main.o(.bss.n) for n
    main.o(.text.USART2_IRQHandler) refers to main.o(.bss.rx_data) for rx_data
    main.o(.text.USART2_IRQHandler) refers to main.o(.bss.cmd_ready) for cmd_ready
    main.o(.ARM.exidx.text.USART2_IRQHandler) refers to main.o(.text.USART2_IRQHandler) for [Anonymous Symbol]
    startup_stm32f303x8.o(STACK) refers (Special) to heapauxi.o(.text) for __use_two_region_memory
    startup_stm32f303x8.o(HEAP) refers (Special) to heapauxi.o(.text) for __use_two_region_memory
    startup_stm32f303x8.o(RESET) refers (Special) to heapauxi.o(.text) for __use_two_region_memory
    startup_stm32f303x8.o(RESET) refers to startup_stm32f303x8.o(STACK) for __initial_sp
    startup_stm32f303x8.o(RESET) refers to startup_stm32f303x8.o(.text) for Reset_Handler
    startup_stm32f303x8.o(RESET) refers to main.o(.text.USART2_IRQHandler) for USART2_IRQHandler
    startup_stm32f303x8.o(.text) refers (Special) to heapauxi.o(.text) for __use_two_region_memory
    startup_stm32f303x8.o(.text) refers to system_stm32f3xx.o(.text.SystemInit) for SystemInit
    startup_stm32f303x8.o(.text) refers to __main.o(!!!main) for __main
    startup_stm32f303x8.o(.text) refers to startup_stm32f303x8.o(HEAP) for Heap_Mem
    startup_stm32f303x8.o(.text) refers to startup_stm32f303x8.o(STACK) for Stack_Mem
    system_stm32f3xx.o(.ARM.exidx.text.SystemInit) refers to system_stm32f3xx.o(.text.SystemInit) for [Anonymous Symbol]
    system_stm32f3xx.o(.text.SystemCoreClockUpdate) refers to system_stm32f3xx.o(.data.SystemCoreClock) for SystemCoreClock
    system_stm32f3xx.o(.text.SystemCoreClockUpdate) refers to system_stm32f3xx.o(.rodata.AHBPrescTable) for AHBPrescTable
    system_stm32f3xx.o(.ARM.exidx.text.SystemCoreClockUpdate) refers to system_stm32f3xx.o(.text.SystemCoreClockUpdate) for [Anonymous Symbol]
    usart.o(.text.USART2_Init) refers to usart.o(.text.__NVIC_EnableIRQ) for __NVIC_EnableIRQ
    usart.o(.ARM.exidx.text.USART2_Init) refers to usart.o(.text.USART2_Init) for [Anonymous Symbol]
[...]
    ../clib/armsys.c                         0x00000000   Number         0  argv_veneer.o ABSOLUTE
    ../clib/armsys.c                         0x00000000   Number         0  _get_argv_nomalloc.o ABSOLUTE
    ../clib/armsys.c                         0x00000000   Number         0  no_argv.o ABSOLUTE
    ../clib/bigflt.c                         0x00000000   Number         0  bigflt0.o ABSOLUTE
    ../clib/btod.s                           0x00000000   Number         0  btod.o ABSOLUTE
    ../clib/btod_accurate.c                  0x00000000   Number         0  btod_accurate.o ABSOLUTE
    ../clib/btod_accurate.c                  0x00000000   Number         0  btod_accurate_common.o ABSOLUTE
    ../clib/heapalloc.c                      0x00000000   Number         0  hrguard.o ABSOLUTE
    ../clib/heapaux.c                        0x00000000   Number         0  heapauxi.o ABSOLUTE
    ../clib/libinit.s                        0x00000000   Number         0  libinit.o ABSOLUTE
    ../clib/libinit.s                        0x00000000   Number         0  libinit2.o ABSOLUTE
    ../clib/libinit.s                        0x00000000   Number         0  libshutdown.o ABSOLUTE
    ../clib/libinit.s                        0x00000000   Number         0  libshutdown2.o ABSOLUTE
    ../clib/locale.c                         0x00000000   Number         0  _c16rtomb.o ABSOLUTE
    ../clib/locale.s                         0x00000000   Number         0  lc_ctype_c.o ABSOLUTE
    ../clib/locale.s                         0x00000000   Number         0  lc_numeric_c.o ABSOLUTE
    ../clib/longlong.s                       0x00000000   Number         0  lludiv10.o ABSOLUTE
    ../clib/longlong.s                       0x00000000   Number         0  llushr.o ABSOLUTE
    ../clib/memcpset.s                       0x00000000   Number         0  strcmpv7em.o ABSOLUTE
    ../clib/misc.s                           0x00000000   Number         0  printf_stubs.o ABSOLUTE
    ../clib/printf.c                         0x00000000   Number         0  sprintf.o ABSOLUTE
    ../clib/printf.c                         0x00000000   Number         0  __printf.o ABSOLUTE
    ../clib/printf.c                         0x00000000   Number         0  _printf_pad.o ABSOLUTE
    ../clib/printf.c                         0x00000000   Number         0  _printf_truncate.o ABSOLUTE
    ../clib/printf.c                         0x00000000   Number         0  _printf_str.o ABSOLUTE
    ../clib/printf.c                         0x00000000   Number         0  _printf_dec.o ABSOLUTE
    ../clib/printf.c                         0x00000000   Number         0  _printf_charcount.o ABSOLUTE
    ../clib/printf.c                         0x00000000   Number         0  _printf_char_common.o ABSOLUTE
    ../clib/printf.c                         0x00000000   Number         0  _sputc.o ABSOLUTE
    ../clib/printf.c                         0x00000000   Number         0  _printf_wctomb.o ABSOLUTE
    ../clib/printf.c                         0x00000000   Number         0  _printf_longlong_dec.o ABSOLUTE
    ../clib/printf.c                         0x00000000   Number         0  _printf_oct_ll.o ABSOLUTE
    ../clib/printf.c                         0x00000000   Number         0  _printf_oct_int.o ABSOLUTE
    ../clib/printf.c                         0x00000000   Number         0  _printf_oct_int_ll.o ABSOLUTE
    ../clib/printf.c                         0x00000000   Number         0  _printf_hex_ll.o ABSOLUTE
    ../clib/printf.c                         0x00000000   Number         0  _printf_hex_int.o ABSOLUTE
    ../clib/printf.c                         0x00000000   Number         0  _printf_hex_int_ll.o ABSOLUTE
    ../clib/printf.c                         0x00000000   Number         0  _printf_hex_ptr.o ABSOLUTE
    ../clib/printf.c                         0x00000000   Number         0  _printf_hex_int_ptr.o ABSOLUTE
    ../clib/printf.c                         0x00000000   Number         0  _printf_hex_ll_ptr.o ABSOLUTE
    ../clib/printf.c                         0x00000000   Number         0  _printf_hex_int_ll_ptr.o ABSOLUTE
    ../clib/printf.c                         0x00000000   Number         0  __printf_flags.o ABSOLUTE
    ../clib/printf.c                         0x00000000   Number         0  __printf_ss.o ABSOLUTE
    ../clib/printf.c                         0x00000000   Number         0  __printf_flags_ss.o ABSOLUTE
    ../clib/printf.c                         0x00000000   Number         0  __printf_wp.o ABSOLUTE
    ../clib/printf.c                         0x00000000   Number         0  __printf_flags_wp.o ABSOLUTE
    ../clib/printf.c                         0x00000000   Number         0  __printf_ss_wp.o ABSOLUTE
    ../clib/printf.c                         0x00000000   Number         0  __printf_flags_ss_wp.o ABSOLUTE
    ../clib/printf.c                         0x00000000   Number         0  _printf_intcommon.o ABSOLUTE
    ../clib/printf.c                         0x00000000   Number         0  _printf_fp_dec.o ABSOLUTE
    ../clib/printf.c                         0x00000000   Number         0  _printf_fp_dec_accurate.o ABSOLUTE
    ../clib/printf.c                         0x00000000   Number         0  _printf_fp_hex.o ABSOLUTE
    ../clib/printf.c                         0x00000000   Number         0  __printf_nopercent.o ABSOLUTE
    ../clib/printf.c                         0x00000000   Number         0  _printf_char.o ABSOLUTE
    ../clib/printf.c                         0x00000000   Number         0  _printf_wchar.o ABSOLUTE
    ../clib/printf.c                         0x00000000   Number         0  _printf_fp_infnan.o ABSOLUTE
    ../clib/printf_percent.s                 0x00000000   Number         0  _printf_c.o ABSOLUTE
    ../clib/printf_percent.s                 0x00000000   Number         0  _printf_s.o ABSOLUTE
    ../clib/printf_percent.s                 0x00000000   Number         0  _printf_n.o ABSOLUTE
    ../clib/printf_percent.s                 0x00000000   Number         0  _printf_x.o ABSOLUTE
    ../clib/printf_percent.s                 0x00000000   Number         0  _printf_p.o ABSOLUTE
    ../clib/printf_percent.s                 0x00000000   Number         0  _printf_o.o ABSOLUTE
    ../clib/printf_percent.s                 0x00000000   Number         0  _printf_i.o ABSOLUTE
    ../clib/printf_percent.s                 0x00000000   Number         0  _printf_d.o ABSOLUTE
    ../clib/printf_percent.s                 0x00000000   Number         0  _printf_u.o ABSOLUTE
    ../clib/printf_percent.s                 0x00000000   Number         0  _printf_f.o ABSOLUTE
    ../clib/printf_percent.s                 0x00000000   Number         0  _printf_e.o ABSOLUTE
    ../clib/printf_percent.s                 0x00000000   Number         0  _printf_g.o ABSOLUTE
    ../clib/printf_percent.s                 0x00000000   Number         0  _printf_a.o ABSOLUTE
    ../clib/printf_percent.s                 0x00000000   Number         0  _printf_percent.o ABSOLUTE
    ../clib/printf_percent.s                 0x00000000   Number         0  _printf_lli.o ABSOLUTE
    ../clib/printf_percent.s                 0x00000000   Number         0  _printf_lld.o ABSOLUTE
    ../clib/printf_percent.s                 0x00000000   Number         0  _printf_llu.o ABSOLUTE
    ../clib/printf_percent.s                 0x00000000   Number         0  _printf_ll.o ABSOLUTE
    ../clib/printf_percent.s                 0x00000000   Number         0  _printf_l.o ABSOLUTE
    ../clib/printf_percent.s                 0x00000000   Number         0  _printf_lc.o ABSOLUTE
    ../clib/printf_percent.s                 0x00000000   Number         0  _printf_ls.o ABSOLUTE
    ../clib/printf_percent.s                 0x00000000   Number         0  _printf_llo.o ABSOLUTE
    ../clib/printf_percent.s                 0x00000000   Number         0  _printf_llx.o ABSOLUTE
    ../clib/printf_percent.s                 0x00000000   Number         0  _printf_percent_end.o ABSOLUTE
    ../clib/scanf.c                          0x00000000   Number         0  atoi.o ABSOLUTE
    ../clib/scanf.c                          0x00000000   Number         0  strtol.o ABSOLUTE
    ../clib/scanf.c                          0x00000000   Number         0  _strtoul.o ABSOLUTE
    ../clib/scanf.c                          0x00000000   Number         0  _chval.o ABSOLUTE
    ../clib/signal.c                         0x00000000   Number         0  defsig_rtmem_outer.o ABSOLUTE
    ../clib/signal.c                         0x00000000   Number         0  defsig_rtmem_formal.o ABSOLUTE
    ../clib/signal.c                         0x00000000   Number         0  defsig_exit.o ABSOLUTE
    ../clib/signal.c                         0x00000000   Number         0  defsig_rtmem_inner.o ABSOLUTE
    ../clib/signal.c                         0x00000000   Number         0  __raise.o ABSOLUTE
    ../clib/signal.c                         0x00000000   Number         0  defsig_general.o ABSOLUTE
    ../clib/signal.c                         0x00000000   Number         0  defsig_abrt_inner.o ABSOLUTE
    ../clib/signal.c                         0x00000000   Number         0  defsig_fpe_inner.o ABSOLUTE
    ../clib/signal.c                         0x00000000   Number         0  defsig_rtred_inner.o ABSOLUTE
    ../clib/signal.c                         0x00000000   Number         0  defsig_stak_inner.o ABSOLUTE
    ../clib/signal.c                         0x00000000   Number         0  defsig_pvfn_inner.o ABSOLUTE
    ../clib/signal.c                         0x00000000   Number         0  defsig_cppl_inner.o ABSOLUTE
    ../clib/signal.c                         0x00000000   Number         0  defsig_segv_inner.o ABSOLUTE
    ../clib/signal.c                         0x00000000   Number         0  defsig_other.o ABSOLUTE
    ../clib/signal.s                         0x00000000   Number         0  defsig.o ABSOLUTE
    ../clib/stdlib.c                         0x00000000   Number         0  exit.o ABSOLUTE
    ../clib/string.c                         0x00000000   Number         0  strtok.o ABSOLUTE
    ../clib/string.c                         0x00000000   Number         0  strtok_int.o ABSOLUTE
    ../clib/string.c                         0x00000000   Number         0  strcspn.o ABSOLUTE
    ../clib/string.c                         0x00000000   Number         0  strspn.o ABSOLUTE
    ../fplib/fpinit.s                        0x00000000   Number         0  fpinit.o ABSOLUTE
    ../fplib/istatus.s                       0x00000000   Number         0  istatus.o ABSOLUTE
    ../fplib/printf1.s                       0x00000000   Number         0  printf1.o ABSOLUTE
    ../fplib/printf2.s                       0x00000000   Number         0  printf2.o ABSOLUTE
    ../fplib/printf2a.s                      0x00000000   Number         0  printf2a.o ABSOLUTE
    ../fplib/printf2b.s                      0x00000000   Number         0  printf2b.o ABSOLUTE
    ../fplib/usenofp.s                       0x00000000   Number         0  usenofp.o ABSOLUTE
    ../mathlib/fpclassify.c                  0x00000000   Number         0  fpclassify.o ABSOLUTE
    MDASM.s                                  0x00000000   Number         0  mdasm.o ABSOLUTE
    RDASM.s                                  0x00000000   Number         0  rdasm.o ABSOLUTE
    RMASM.s                                  0x00000000   Number         0  rmasm.o ABSOLUTE
    RTE/Device/STM32F303K8Tx/startup_stm32f303x8.s 0x00000000   Number         0  startup_stm32f303x8.o ABSOLUTE
    USART.c                                  0x00000000   Number         0  usart.o ABSOLUTE
    dc.s                                     0x00000000   Number         0  dc.o ABSOLUTE
    main.c                                   0x00000000   Number         0  main.o ABSOLUTE
    system_stm32f3xx.c                       0x00000000   Number         0  system_stm32f3xx.o ABSOLUTE
    RESET                                    0x08000000   Section      392  startup_stm32f303x8.o(RESET)
    !!!main                                  0x08000188   Section        8  __main.o(!!!main)
    !!!scatter                               0x08000190   Section       92  __scatter.o(!!!scatter)
    !!handler_copy                           0x080001ec   Section       26  __scatter_copy.o(!!handler_copy)
    !!handler_null                           0x08000208   Section        2  __scatter.o(!!handler_null)
    !!handler_zi                             0x0800020c   Section       28  __scatter_zi.o(!!handler_zi)
    .ARM.Collect$$_printf_percent$$00000000  0x08000228   Section        0  _printf_percent.o(.ARM.Collect$$_printf_percent$$00000000)
    .ARM.Collect$$_printf_percent$$00000001  0x08000228   Section        6  _printf_n.o(.ARM.Collect$$_printf_percent$$00000001)
    .ARM.Collect$$_printf_percent$$00000002  0x0800022e   Section        6  _printf_p.o(.ARM.Collect$$_printf_percent$$00000002)
    .ARM.Collect$$_printf_percent$$00000003  0x08000234   Section        6  _printf_f.o(.ARM.Collect$$_printf_percent$$00000003)
    .ARM.Collect$$_printf_percent$$00000004  0x0800023a   Section        6  _printf_e.o(.ARM.Collect$$_printf_percent$$00000004)
    .ARM.Collect$$_printf_percent$$00000005  0x08000240   Section        6  _printf_g.o(.ARM.Collect$$_printf_percent$$00000005)
    .ARM.Collect$$_printf_percent$$00000006  0x08000246   Section        6  _printf_a.o(.ARM.Collect$$_printf_percent$$00000006)
    .ARM.Collect$$_printf_percent$$00000007  0x0800024c   Section       10  _printf_ll.o(.ARM.Collect$$_printf_percent$$00000007)
    .ARM.Collect$$_printf_percent$$00000008  0x08000256   Section        6  _printf_i.o(.ARM.Collect$$_printf_percent$$00000008)
    .ARM.Collect$$_printf_percent$$00000009  0x0800025c   Section        6  _printf_d.o(.ARM.Collect$$_printf_percent$$00000009)
    .ARM.Collect$$_printf_percent$$0000000A  0x08000262   Section        6  _printf_u.o(.ARM.Collect$$_printf_percent$$0000000A)
    .ARM.Collect$$_printf_percent$$0000000B  0x08000268   Section        6  _printf_o.o(.ARM.Collect$$_printf_percent$$0000000B)
    .ARM.Collect$$_printf_percent$$0000000C  0x0800026e   Section        6  _printf_x.o(.ARM.Collect$$_printf_percent$$0000000C)
    .ARM.Collect$$_printf_percent$$0000000D  0x08000274   Section        6  _printf_lli.o(.ARM.Collect$$_printf_percent$$0000000D)
    .ARM.Collect$$_printf_percent$$0000000E  0x0800027a   Section        6  _printf_lld.o(.ARM.Collect$$_printf_percent$$0000000E)
    .ARM.Collect$$_printf_percent$$0000000F  0x08000280   Section        6  _printf_llu.o(.ARM.Collect$$_printf_percent$$0000000F)
    .ARM.Collect$$_printf_percent$$00000010  0x08000286   Section        6  _printf_llo.o(.ARM.Collect$$_printf_percent$$00000010)
    .ARM.Collect$$_printf_percent$$00000011  0x0800028c   Section        6  _printf_llx.o(.ARM.Collect$$_printf_percent$$00000011)
    .ARM.Collect$$_printf_percent$$00000012  0x08000292   Section       10  _printf_l.o(.ARM.Collect$$_printf_percent$$00000012)
    .ARM.Collect$$_printf_percent$$00000013  0x0800029c   Section        6  _printf_c.o(.ARM.Collect$$_printf_percent$$00000013)
    .ARM.Collect$$_printf_percent$$00000014  0x080002a2   Section        6  _printf_s.o(.ARM.Collect$$_printf_percent$$00000014)
    .ARM.Collect$$_printf_percent$$00000015  0x080002a8   Section        6  _printf_lc.o(.ARM.Collect$$_printf_percent$$00000015)
    .ARM.Collect$$_printf_percent$$00000016  0x080002ae   Section        6  _printf_ls.o(.ARM.Collect$$_printf_percent$$00000016)
    .ARM.Collect$$_printf_percent$$00000017  0x080002b4   Section        4  _printf_percent_end.o(.ARM.Collect$$_printf_percent$$00000017)
    .ARM.Collect$$libinit$$00000000          0x080002b8   Section        2  libinit.o(.ARM.Collect$$libinit$$00000000)
    .ARM.Collect$$libinit$$00000001          0x080002ba   Section        4  libinit2.o(.ARM.Collect$$libinit$$00000001)
    .ARM.Collect$$libinit$$00000004          0x080002be   Section        0  libinit2.o(.ARM.Collect$$libinit$$00000004)
    .ARM.Collect$$libinit$$00000006          0x080002be   Section        0  libinit2.o(.ARM.Collect$$libinit$$00000006)
    .ARM.Collect$$libinit$$0000000C          0x080002be   Section        0  libinit2.o(.ARM.Collect$$libinit$$0000000C)
    .ARM.Collect$$libinit$$0000000E          0x080002be   Section        0  libinit2.o(.ARM.Collect$$libinit$$0000000E)
    .ARM.Collect$$libinit$$00000010          0x080002be   Section        0  libinit2.o(.ARM.Collect$$libinit$$00000010)
    .ARM.Collect$$libinit$$00000011          0x080002be   Section        6  libinit2.o(.ARM.Collect$$libinit$$00000011)
    .ARM.Collect$$libinit$$00000013          0x080002c4   Section        0  libinit2.o(.ARM.Collect$$libinit$$00000013)
    .ARM.Collect$$libinit$$00000014          0x080002c4   Section       12  libinit2.o(.ARM.Collect$$libinit$$00000014)
    .ARM.Collect$$libinit$$00000015          0x080002d0   Section        0  libinit2.o(.ARM.Collect$$libinit$$00000015)
    .ARM.Collect$$libinit$$00000017          0x080002d0   Section        0  libinit2.o(.ARM.Collect$$libinit$$00000017)
    .ARM.Collect$$libinit$$00000018          0x080002d0   Section       10  libinit2.o(.ARM.Collect$$libinit$$00000018)
    .ARM.Collect$$libinit$$00000019          0x080002da   Section        0  libinit2.o(.ARM.Collect$$libinit$$00000019)
    .ARM.Collect$$libinit$$0000001B          0x080002da   Section        0  libinit2.o(.ARM.Collect$$libinit$$0000001B)
    .ARM.Collect$$libinit$$0000001D          0x080002da   Section        0  libinit2.o(.ARM.Collect$$libinit$$0000001D)
    .ARM.Collect$$libinit$$0000001F          0x080002da   Section        0  libinit2.o(.ARM.Collect$$libinit$$0000001F)
    .ARM.Collect$$libinit$$00000021          0x080002da   Section        0  libinit2.o(.ARM.Collect$$libinit$$00000021)
    .ARM.Collect$$libinit$$00000023          0x080002da   Section        0  libinit2.o(.ARM.Collect$$libinit$$00000023)
    .ARM.Collect$$libinit$$00000025          0x080002da   Section        0  libinit2.o(.ARM.Collect$$libinit$$00000025)
    .ARM.Collect$$libinit$$00000027          0x080002da   Section        0  libinit2.o(.ARM.Collect$$libinit$$00000027)
    .ARM.Collect$$libinit$$0000002E          0x080002da   Section        0  libinit2.o(.ARM.Collect$$libinit$$0000002E)
    .ARM.Collect$$libinit$$00000030          0x080002da   Section        0  libinit2.o(.ARM.Collect$$libinit$$00000030)
    .ARM.Collect$$libinit$$00000032          0x080002da   Section        0  libinit2.o(.ARM.Collect$$libinit$$00000032)
    .ARM.Collect$$libinit$$00000034          0x080002da   Section        0  libinit2.o(.ARM.Collect$$libinit$$00000034)
    .ARM.Collect$$libinit$$00000035          0x080002da   Section        2  libinit2.o(.ARM.Collect$$libinit$$00000035)
    .ARM.Collect$$libshutdown$$00000000      0x080002dc   Section        2  libshutdown.o(.ARM.Collect$$libshutdown$$00000000)
    .ARM.Collect$$libshutdown$$00000002      0x080002de   Section        0  libshutdown2.o(.ARM.Collect$$libshutdown$$00000002)
    .ARM.Collect$$libshutdown$$00000004      0x080002de   Section        0  libshutdown2.o(.ARM.Collect$$libshutdown$$00000004)
    .ARM.Collect$$libshutdown$$00000007      0x080002de   Section        0  libshutdown2.o(.ARM.Collect$$libshutdown$$00000007)
    .ARM.Collect$$libshutdown$$0000000A      0x080002de   Section        0  libshutdown2.o(.ARM.Collect$$libshutdown$$0000000A)
    .ARM.Collect$$libshutdown$$0000000C      0x080002de   Section        0  libshutdown2.o(.ARM.Collect$$libshutdown$$0000000C)
    .ARM.Collect$$libshutdown$$0000000F      0x080002de   Section        0  libshutdown2.o(.ARM.Collect$$libshutdown$$0000000F)
    .ARM.Collect$$libshutdown$$00000010      0x080002de   Section        2  libshutdown2.o(.ARM.Collect$$libshutdown$$00000010)
    .ARM.Collect$$rtentry$$00000000          0x080002e0   Section        0  __rtentry.o(.ARM.Collect$$rtentry$$00000000)
    .ARM.Collect$$rtentry$$00000002          0x080002e0   Section        0  __rtentry2.o(.ARM.Collect$$rtentry$$00000002)
    .ARM.Collect$$rtentry$$00000004          0x080002e0   Section        6  __rtentry4.o(.ARM.Collect$$rtentry$$00000004)
    .ARM.Collect$$rtentry$$00000009          0x080002e6   Section        0  __rtentry2.o(.ARM.Collect$$rtentry$$00000009)
    .ARM.Collect$$rtentry$$0000000A          0x080002e6   Section        4  __rtentry2.o(.ARM.Collect$$rtentry$$0000000A)
    .ARM.Collect$$rtentry$$0000000C          0x080002ea   Section        0  __rtentry2.o(.ARM.Collect$$rtentry$$0000000C)
    .ARM.Collect$$rtentry$$0000000D          0x080002ea   Section        8  __rtentry2.o(.ARM.Collect$$rtentry$$0000000D)
    .ARM.Collect$$rtexit$$00000000           0x080002f2   Section        2  rtexit.o(.ARM.Collect$$rtexit$$00000000)
    .ARM.Collect$$rtexit$$00000002           0x080002f4   Section        0  rtexit2.o(.ARM.Collect$$rtexit$$00000002)
    .ARM.Collect$$rtexit$$00000003           0x080002f4   Section        4  rtexit2.o(.ARM.Collect$$rtexit$$00000003)
    .ARM.Collect$$rtexit$$00000004           0x080002f8   Section        6  rtexit2.o(.ARM.Collect$$rtexit$$00000004)
    $v0                                      0x08000300   Number         0  rdasm.o(.text)
    .text                                    0x08000300   Section      114  rdasm.o(.text)
    $v0                                      0x08000374   Number         0  rmasm.o(.text)
    .text                                    0x08000374   Section      120  rmasm.o(.text)
    $v0                                      0x080003ec   Number         0  startup_stm32f303x8.o(.text)
    .text                                    0x080003ec   Section       64  startup_stm32f303x8.o(.text)
    .text                                    0x0800042c   Section        0  sprintf.o(.text)
    .text                                    0x08000458   Section        0  atoi.o(.text)
    .text                                    0x08000472   Section        0  strtol.o(.text)
    .text                                    0x080004e4   Section        0  strtok.o(.text)
    .text                                    0x080004f0   Section      124  strcmpv7em.o(.text)
    .text                                    0x0800056c   Section        0  heapauxi.o(.text)
    .text                                    0x08000574   Section       16  rt_ctype_table.o(.text)
    .text                                    0x08000584   Section        8  rt_errno_addr_intlibspace.o(.text)
    .text                                    0x0800058c   Section        0  _printf_pad.o(.text)
    .text                                    0x080005da   Section        0  _printf_truncate.o(.text)
    .text                                    0x080005fe   Section        0  _printf_str.o(.text)
    .text                                    0x08000650   Section        0  _printf_dec.o(.text)
    .text                                    0x080006c8   Section        0  _printf_charcount.o(.text)
    _printf_input_char                       0x080006f1   Thumb Code    10  _printf_char_common.o(.text)
    .text                                    0x080006f0   Section        0  _printf_char_common.o(.text)
    .text                                    0x08000720   Section        0  _sputc.o(.text)
    .text                                    0x0800072c   Section        0  _printf_wctomb.o(.text)
    .text                                    0x080007e8   Section        0  _printf_longlong_dec.o(.text)
    _printf_longlong_oct_internal            0x08000865   Thumb Code     0  _printf_oct_int_ll.o(.text)
    .text                                    0x08000864   Section        0  _printf_oct_int_ll.o(.text)
    _printf_hex_common                       0x080008d5   Thumb Code     0  _printf_hex_int_ll_ptr.o(.text)
    .text                                    0x080008d4   Section        0  _printf_hex_int_ll_ptr.o(.text)
    .text                                    0x08000968   Section        0  __printf_flags_ss_wp.o(.text)
    .text                                    0x08000af0   Section        0  _strtoul.o(.text)
    .text                                    0x08000b90   Section        0  strtok_int.o(.text)
    .text                                    0x08000bd4   Section        8  libspace.o(.text)
    .text                                    0x08000bdc   Section        8  rt_locale_intlibspace.o(.text)
    .text                                    0x08000be4   Section      138  lludiv10.o(.text)
    .text                                    0x08000c6e   Section        0  _printf_intcommon.o(.text)
    _fp_digits                               0x08000d21   Thumb Code   432  _printf_fp_dec.o(.text)
    .text                                    0x08000d20   Section        0  _printf_fp_dec.o(.text)
    .text                                    0x0800113c   Section        0  _printf_fp_hex.o(.text)
    .text                                    0x08001438   Section        0  _printf_char.o(.text)
    .text                                    0x08001464   Section        0  _printf_wchar.o(.text)
    .text                                    0x08001490   Section        0  _chval.o(.text)
    .text                                    0x080014ac   Section        0  _c16rtomb.o(.text)
    .text                                    0x080014f4   Section        0  strcspn.o(.text)
    .text                                    0x08001514   Section        0  strspn.o(.text)
    .text                                    0x08001530   Section       74  sys_stackheap_outer.o(.text)
    .text                                    0x0800157c   Section        0  _printf_fp_infnan.o(.text)
    .text                                    0x080015fc   Section        0  bigflt0.o(.text)
    .text                                    0x080016e0   Section        0  exit.o(.text)
    .text                                    0x080016f4   Section        0  sys_exit.o(.text)
    .text                                    0x08001700   Section        2  use_no_semi.o(.text)
    .text                                    0x08001702   Section        0  indicate_semi.o(.text)
    [Anonymous Symbol]                       0x08001704   Section        0  main.o(.text.MD)
    [Anonymous Symbol]                       0x080017c4   Section        0  main.o(.text.PrintRD)
    [Anonymous Symbol]                       0x080018a8   Section        0  main.o(.text.RD)
    [Anonymous Symbol]                       0x080018c0   Section        0  main.o(.text.RM)
    [Anonymous Symbol]                       0x08001968   Section        0  system_stm32f3xx.o(.text.SystemInit)
    [Anonymous Symbol]                       0x0800197c   Section        0  main.o(.text.USART2_IRQHandler)
    [Anonymous Symbol]                       0x08001a08   Section        0  usart.o(.text.USART2_Init)
    [Anonymous Symbol]                       0x08001a9c   Section        0  usart.o(.text.USART2_Send)
    [Anonymous Symbol]                       0x08001acc   Section        0  usart.o(.text.USART2_String)
    __NVIC_EnableIRQ                         0x08001af1   Thumb Code    48  usart.o(.text.__NVIC_EnableIRQ)
    [Anonymous Symbol]                       0x08001af0   Section        0  usart.o(.text.__NVIC_EnableIRQ)
    [Anonymous Symbol]                       0x08001b20   Section        0  main.o(.text.main)
    [Anonymous Symbol]                       0x08001bac   Section        0  main.o(.text.terminal)
    CL$$btod_d2e                             0x08001d14   Section       62  btod.o(CL$$btod_d2e)
    CL$$btod_d2e_denorm_low                  0x08001d52   Section       70  btod.o(CL$$btod_d2e_denorm_low)
    CL$$btod_d2e_norm_op1                    0x08001d98   Section       96  btod.o(CL$$btod_d2e_norm_op1)
    CL$$btod_div_common                      0x08001df8   Section      824  btod.o(CL$$btod_div_common)
    CL$$btod_e2e                             0x08002130   Section      220  btod.o(CL$$btod_e2e)
    CL$$btod_ediv                            0x0800220c   Section       42  btod.o(CL$$btod_ediv)
    CL$$btod_emul                            0x08002236   Section       42  btod.o(CL$$btod_emul)
    CL$$btod_mult_common                     0x08002260   Section      580  btod.o(CL$$btod_mult_common)
    i.__ARM_fpclassify                       0x080024a4   Section        0  fpclassify.o(i.__ARM_fpclassify)
    i._is_digit                              0x080024d4   Section        0  __printf_wp.o(i._is_digit)
    locale$$code                             0x080024e4   Section       44  lc_ctype_c.o(locale$$code)
    locale$$code                             0x08002510   Section       44  lc_numeric_c.o(locale$$code)
    $v0                                      0x0800253c   Number         0  fpinit.o(x$fpl$fpinit)
    x$fpl$fpinit                             0x0800253c   Section       26  fpinit.o(x$fpl$fpinit)
    $v0                                      0x08002556   Number         0  printf1.o(x$fpl$printf1)
    x$fpl$printf1                            0x08002556   Section        4  printf1.o(x$fpl$printf1)
    $v0                                      0x0800255a   Number         0  printf2.o(x$fpl$printf2)
    x$fpl$printf2                            0x0800255a   Section        4  printf2.o(x$fpl$printf2)
    x$fpl$usenofp                            0x0800255e   Section        0  usenofp.o(x$fpl$usenofp)
    initial_mbstate                          0x08002560   Data           8  _printf_wctomb.o(.constdata)
    .constdata                               0x08002560   Section        8  _printf_wctomb.o(.constdata)
    uc_hextab                                0x08002568   Data          20  _printf_hex_int_ll_ptr.o(.constdata)
    .constdata                               0x08002568   Section       40  _printf_hex_int_ll_ptr.o(.constdata)
    lc_hextab                                0x0800257c   Data          20  _printf_hex_int_ll_ptr.o(.constdata)
    maptable                                 0x08002590   Data          17  __printf_flags_ss_wp.o(.constdata)
    .constdata                               0x08002590   Section       17  __printf_flags_ss_wp.o(.constdata)
    lc_hextab                                0x080025a1   Data          19  _printf_fp_hex.o(.constdata)
    .constdata                               0x080025a1   Section       38  _printf_fp_hex.o(.constdata)
    uc_hextab                                0x080025b4   Data          19  _printf_fp_hex.o(.constdata)
    tenpwrs_x                                0x080025c8   Data          60  bigflt0.o(.constdata)
    .constdata                               0x080025c8   Section      148  bigflt0.o(.constdata)
    tenpwrs_i                                0x08002604   Data          64  bigflt0.o(.constdata)
    .L.str.15                                0x0800265c   Data          17  main.o(.rodata.str1.1)
    [Anonymous Symbol]                       0x0800265c   Section        0  main.o(.rodata.str1.1)
    .L.str.13                                0x0800266d   Data          29  main.o(.rodata.str1.1)
    .L.str.14                                0x0800268a   Data           6  main.o(.rodata.str1.1)
    .L.str.16                                0x08002690   Data          20  main.o(.rodata.str1.1)
    .L.str.18                                0x080026a4   Data          28  main.o(.rodata.str1.1)
    .L.str.17                                0x080026c0   Data          23  main.o(.rodata.str1.1)
    .L.str.29                                0x080026d7   Data          52  main.o(.rodata.str1.1)
    .L.str.19                                0x0800270b   Data          12  main.o(.rodata.str1.1)
    .L.str.28                                0x08002717   Data          41  main.o(.rodata.str1.1)
    .L.str.30                                0x08002740   Data          17  main.o(.rodata.str1.1)
    .L.str.25                                0x08002751   Data          14  main.o(.rodata.str1.1)
    .L.str.23                                0x0800275f   Data          14  main.o(.rodata.str1.1)
    .L.str.24                                0x0800276d   Data          14  main.o(.rodata.str1.1)
    .L.str.22                                0x0800277b   Data          15  main.o(.rodata.str1.1)
    .L.str.2                                 0x0800278a   Data          58  main.o(.rodata.str1.1)
    .L.str.1                                 0x080027c4   Data          56  main.o(.rodata.str1.1)
    .L.str                                   0x080027fc   Data          56  main.o(.rodata.str1.1)
    .L.str.27                                0x08002834   Data          59  main.o(.rodata.str1.1)
    .L.str.26                                0x0800286f   Data          48  main.o(.rodata.str1.1)
    .L.str.21                                0x0800289f   Data          61  main.o(.rodata.str1.1)
    .L.str.20                                0x080028dc   Data          14  main.o(.rodata.str1.1)
    .L.str.5                                 0x080028ea   Data           6  main.o(.rodata.str1.1)
    .L.str.3                                 0x080028ec   Data           4  main.o(.rodata.str1.1)
    .L.str.6                                 0x080028ee   Data           2  main.o(.rodata.str1.1)
    .L.str.4                                 0x080028f0   Data           5  main.o(.rodata.str1.1)
    .L.str.11                                0x080028f5   Data           3  main.o(.rodata.str1.1)
    .L.str.7                                 0x080028f8   Data           3  main.o(.rodata.str1.1)
    .L.str.10                                0x080028fb   Data           3  main.o(.rodata.str1.1)
    .L.str.9                                 0x080028fe   Data           5  main.o(.rodata.str1.1)
    .L.str.8                                 0x08002903   Data           5  main.o(.rodata.str1.1)
    .L.str.12                                0x08002908   Data           2  main.o(.rodata.str1.1)
    locale$$data                             0x0800292c   Section      272  lc_ctype_c.o(locale$$data)
    __lcctype_c_name                         0x08002930   Data           2  lc_ctype_c.o(locale$$data)
    __lcctype_c_start                        0x08002938   Data           0  lc_ctype_c.o(locale$$data)
    __lcctype_c_end                          0x08002a3c   Data           0  lc_ctype_c.o(locale$$data)
    locale$$data                             0x08002a3c   Section       28  lc_numeric_c.o(locale$$data)
    __lcnum_c_name                           0x08002a40   Data           2  lc_numeric_c.o(locale$$data)
    __lcnum_c_start                          0x08002a48   Data           0  lc_numeric_c.o(locale$$data)
    __lcnum_c_point                          0x08002a54   Data           0  lc_numeric_c.o(locale$$data)
    __lcnum_c_thousands                      0x08002a56   Data           0  lc_numeric_c.o(locale$$data)
    __lcnum_c_grouping                       0x08002a57   Data           0  lc_numeric_c.o(locale$$data)
    __lcnum_c_end                            0x08002a58   Data           0  lc_numeric_c.o(locale$$data)
    _strtok_saves1                           0x20000000   Data           4  strtok.o(.data)
    .data                                    0x20000000   Section        4  strtok.o(.data)
    .bss                                     0x20000008   Section       96  libspace.o(.bss)
    Heap_Mem                                 0x200000f0   Data         512  startup_stm32f303x8.o(HEAP)
    HEAP                                     0x200000f0   Section      512  startup_stm32f303x8.o(HEAP)
    Stack_Mem                                0x200002f0   Data        1024  startup_stm32f303x8.o(STACK)
    STACK                                    0x200002f0   Section     1024  startup_stm32f303x8.o(STACK)
    __initial_sp                             0x200006f0   Data           0  startup_stm32f303x8.o(STACK)

    Global Symbols

    Symbol Name                              Value     Ov Type        Size  Object(Section)

    BuildAttributes$$THM_ISAv4$E$P$D$K$B$S$7EM$VFPi3$EXTD16$VFPS$VFMA$PE$A:L22UL41UL21$X:L11$S22US41US21$IEEE1$IW$~IW$USESV6$~STKCKD$USESV7$~SHL$OTIME$ROPI$IEEEJ$EBA8$UX$STANDARDLIB$REQ8$PRES8$EABIv2 0x00000000   Number         0  anon$$obj.o ABSOLUTE
    _printf_flags                            0x00000000   Number         0  printf_stubs.o ABSOLUTE
    _printf_return_value                     0x00000000   Number         0  printf_stubs.o ABSOLUTE
    _printf_sizespec                         0x00000000   Number         0  printf_stubs.o ABSOLUTE
    _printf_widthprec                        0x00000000   Number         0  printf_stubs.o ABSOLUTE
    __ARM_exceptions_init                     - Undefined Weak Reference
    __alloca_initialize                       - Undefined Weak Reference
    __arm_preinit_                            - Undefined Weak Reference
    __arm_relocate_pie_                       - Undefined Weak Reference
    __cpp_initialize__aeabi_                  - Undefined Weak Reference
    __cxa_finalize                            - Undefined Weak Reference
    __sigvec_lookup                           - Undefined Weak Reference
    _atexit_init                              - Undefined Weak Reference
    _call_atexit_fns                          - Undefined Weak Reference
    _clock_init                               - Undefined Weak Reference
    _fp_trap_init                             - Undefined Weak Reference
    _fp_trap_shutdown                         - Undefined Weak Reference
    _get_lc_collate                           - Undefined Weak Reference
    _get_lc_monetary                          - Undefined Weak Reference
    _get_lc_time                              - Undefined Weak Reference
    _getenv_init                              - Undefined Weak Reference
    _handle_redirection                       - Undefined Weak Reference
    _init_alloc                               - Undefined Weak Reference
    _init_user_alloc                          - Undefined Weak Reference
    _initio                                   - Undefined Weak Reference
    _printf_mbtowc                            - Undefined Weak Reference
    _printf_wc                                - Undefined Weak Reference
    _rand_init                                - Undefined Weak Reference
    _signal_finish                            - Undefined Weak Reference
    _signal_init                              - Undefined Weak Reference
    _terminate_alloc                          - Undefined Weak Reference
    _terminate_user_alloc                     - Undefined Weak Reference
    _terminateio                              - Undefined Weak Reference
    __Vectors_Size                           0x00000188   Number         0  startup_stm32f303x8.o ABSOLUTE
    __Vectors                                0x08000000   Data           4  startup_stm32f303x8.o(RESET)
    __Vectors_End                            0x08000188   Data           0  startup_stm32f303x8.o(RESET)
    __main                                   0x08000189   Thumb Code     8  __main.o(!!!main)
    __scatterload                            0x08000191   Thumb Code     0  __scatter.o(!!!scatter)
    __scatterload_rt2                        0x08000191   Thumb Code    84  __scatter.o(!!!scatter)
    __scatterload_rt2_thumb_only             0x08000191   Thumb Code     0  __scatter.o(!!!scatter)
    __scatterload_loop                       0x0800019b   Thumb Code     0  __scatter.o(!!!scatter)
    __scatterload_copy                       0x080001ed   Thumb Code    26  __scatter_copy.o(!!handler_copy)
    __scatterload_null                       0x08000209   Thumb Code     2  __scatter.o(!!handler_null)
    __scatterload_zeroinit                   0x0800020d   Thumb Code    28  __scatter_zi.o(!!handler_zi)
    _printf_n                                0x08000229   Thumb Code     0  _printf_n.o(.ARM.Collect$$_printf_percent$$00000001)
    _printf_percent                          0x08000229   Thumb Code     0  _printf_percent.o(.ARM.Collect$$_printf_percent$$00000000)
    _printf_p                                0x0800022f   Thumb Code     0  _printf_p.o(.ARM.Collect$$_printf_percent$$00000002)
    _printf_f                                0x08000235   Thumb Code     0  _printf_f.o(.ARM.Collect$$_printf_percent$$00000003)
    _printf_e                                0x0800023b   Thumb Code     0  _printf_e.o(.ARM.Collect$$_printf_percent$$00000004)
    _printf_g                                0x08000241   Thumb Code     0  _printf_g.o(.ARM.Collect$$_printf_percent$$00000005)
    _printf_a                                0x08000247   Thumb Code     0  _printf_a.o(.ARM.Collect$$_printf_percent$$00000006)
    _printf_ll                               0x0800024d   Thumb Code     0  _printf_ll.o(.ARM.Collect$$_printf_percent$$00000007)
    _printf_i                                0x08000257   Thumb Code     0  _printf_i.o(.ARM.Collect$$_printf_percent$$00000008)
    _printf_d                                0x0800025d   Thumb Code     0  _printf_d.o(.ARM.Collect$$_printf_percent$$00000009)
    _printf_u                                0x08000263   Thumb Code     0  _printf_u.o(.ARM.Collect$$_printf_percent$$0000000A)
    _printf_o                                0x08000269   Thumb Code     0  _printf_o.o(.ARM.Collect$$_printf_percent$$0000000B)
    _printf_x                                0x0800026f   Thumb Code     0  _printf_x.o(.ARM.Collect$$_printf_percent$$0000000C)
    _printf_lli                              0x08000275   Thumb Code     0  _printf_lli.o(.ARM.Collect$$_printf_percent$$0000000D)
    _printf_lld                              0x0800027b   Thumb Code     0  _printf_lld.o(.ARM.Collect$$_printf_percent$$0000000E)
    _printf_llu                              0x08000281   Thumb Code     0  _printf_llu.o(.ARM.Collect$$_printf_percent$$0000000F)
    _printf_llo                              0x08000287   Thumb Code     0  _printf_llo.o(.ARM.Collect$$_printf_percent$$00000010)
    _printf_llx                              0x0800028d   Thumb Code     0  _printf_llx.o(.ARM.Collect$$_printf_percent$$00000011)
    _printf_l                                0x08000293   Thumb Code     0  _printf_l.o(.ARM.Collect$$_printf_percent$$00000012)
    _printf_c                                0x0800029d   Thumb Code     0  _printf_c.o(.ARM.Collect$$_printf_percent$$00000013)
    _printf_s                                0x080002a3   Thumb Code     0  _printf_s.o(.ARM.Collect$$_printf_percent$$00000014)
    _printf_lc                               0x080002a9   Thumb Code     0  _printf_lc.o(.ARM.Collect$$_printf_percent$$00000015)
    _printf_ls                               0x080002af   Thumb Code     0  _printf_ls.o(.ARM.Collect$$_printf_percent$$00000016)
    _printf_percent_end                      0x080002b5   Thumb Code     0  _printf_percent_end.o(.ARM.Collect$$_printf_percent$$00000017)
    __rt_lib_init                            0x080002b9   Thumb Code     0  libinit.o(.ARM.Collect$$libinit$$00000000)
    __rt_lib_init_fp_1                       0x080002bb   Thumb Code     0  libinit2.o(.ARM.Collect$$libinit$$00000001)
    __rt_lib_init_heap_1                     0x080002bf   Thumb Code     0  libinit2.o(.ARM.Collect$$libinit$$0000000C)
    __rt_lib_init_lc_common                  0x080002bf   Thumb Code     0  libinit2.o(.ARM.Collect$$libinit$$00000011)
    __rt_lib_init_preinit_1                  0x080002bf   Thumb Code     0  libinit2.o(.ARM.Collect$$libinit$$00000006)
    __rt_lib_init_rand_1                     0x080002bf   Thumb Code     0  libinit2.o(.ARM.Collect$$libinit$$00000010)
    __rt_lib_init_relocate_pie_1             0x080002bf   Thumb Code     0  libinit2.o(.ARM.Collect$$libinit$$00000004)
    __rt_lib_init_user_alloc_1               0x080002bf   Thumb Code     0  libinit2.o(.ARM.Collect$$libinit$$0000000E)
    __rt_lib_init_lc_collate_1               0x080002c5   Thumb Code     0  libinit2.o(.ARM.Collect$$libinit$$00000013)
    __rt_lib_init_lc_ctype_2                 0x080002c5   Thumb Code     0  libinit2.o(.ARM.Collect$$libinit$$00000014)
    __rt_lib_init_lc_ctype_1                 0x080002d1   Thumb Code     0  libinit2.o(.ARM.Collect$$libinit$$00000015)
    __rt_lib_init_lc_monetary_1              0x080002d1   Thumb Code     0  libinit2.o(.ARM.Collect$$libinit$$00000017)
    __rt_lib_init_lc_numeric_2               0x080002d1   Thumb Code     0  libinit2.o(.ARM.Collect$$libinit$$00000018)
    __rt_lib_init_alloca_1                   0x080002db   Thumb Code     0  libinit2.o(.ARM.Collect$$libinit$$00000030)
    __rt_lib_init_argv_1                     0x080002db   Thumb Code     0  libinit2.o(.ARM.Collect$$libinit$$0000002E)
    __rt_lib_init_atexit_1                   0x080002db   Thumb Code     0  libinit2.o(.ARM.Collect$$libinit$$0000001D)
    __rt_lib_init_clock_1                    0x080002db   Thumb Code     0  libinit2.o(.ARM.Collect$$libinit$$00000023)
    __rt_lib_init_cpp_1                      0x080002db   Thumb Code     0  libinit2.o(.ARM.Collect$$libinit$$00000034)
    __rt_lib_init_exceptions_1               0x080002db   Thumb Code     0  libinit2.o(.ARM.Collect$$libinit$$00000032)
    __rt_lib_init_fp_trap_1                  0x080002db   Thumb Code     0  libinit2.o(.ARM.Collect$$libinit$$00000021)
    __rt_lib_init_getenv_1                   0x080002db   Thumb Code     0  libinit2.o(.ARM.Collect$$libinit$$00000025)
    __rt_lib_init_lc_numeric_1               0x080002db   Thumb Code     0  libinit2.o(.ARM.Collect$$libinit$$00000019)
    __rt_lib_init_lc_time_1                  0x080002db   Thumb Code     0  libinit2.o(.ARM.Collect$$libinit$$0000001B)
    __rt_lib_init_return                     0x080002db   Thumb Code     0  libinit2.o(.ARM.Collect$$libinit$$00000035)
    __rt_lib_init_signal_1                   0x080002db   Thumb Code     0  libinit2.o(.ARM.Collect$$libinit$$0000001F)
    __rt_lib_init_stdio_1                    0x080002db   Thumb Code     0  libinit2.o(.ARM.Collect$$libinit$$00000027)
    __rt_lib_shutdown                        0x080002dd   Thumb Code     0  libshutdown.o(.ARM.Collect$$libshutdown$$00000000)
    __rt_lib_shutdown_cpp_1                  0x080002df   Thumb Code     0  libshutdown2.o(.ARM.Collect$$libshutdown$$00000002)
    __rt_lib_shutdown_fp_trap_1              0x080002df   Thumb Code     0  libshutdown2.o(.ARM.Collect$$libshutdown$$00000007)
    __rt_lib_shutdown_heap_1                 0x080002df   Thumb Code     0  libshutdown2.o(.ARM.Collect$$libshutdown$$0000000F)
    __rt_lib_shutdown_return                 0x080002df   Thumb Code     0  libshutdown2.o(.ARM.Collect$$libshutdown$$00000010)
    __rt_lib_shutdown_signal_1               0x080002df   Thumb Code     0  libshutdown2.o(.ARM.Collect$$libshutdown$$0000000A)
    __rt_lib_shutdown_stdio_1                0x080002df   Thumb Code     0  libshutdown2.o(.ARM.Collect$$libshutdown$$00000004)
    __rt_lib_shutdown_user_alloc_1           0x080002df   Thumb Code     0  libshutdown2.o(.ARM.Collect$$libshutdown$$0000000C)
    __rt_entry                               0x080002e1   Thumb Code     0  __rtentry.o(.ARM.Collect$$rtentry$$00000000)
    __rt_entry_presh_1                       0x080002e1   Thumb Code     0  __rtentry2.o(.ARM.Collect$$rtentry$$00000002)
    __rt_entry_sh                            0x080002e1   Thumb Code     0  __rtentry4.o(.ARM.Collect$$rtentry$$00000004)
    __rt_entry_li                            0x080002e7   Thumb Code     0  __rtentry2.o(.ARM.Collect$$rtentry$$0000000A)
    __rt_entry_postsh_1                      0x080002e7   Thumb Code     0  __rtentry2.o(.ARM.Collect$$rtentry$$00000009)
    __rt_entry_main                          0x080002eb   Thumb Code     0  __rtentry2.o(.ARM.Collect$$rtentry$$0000000D)
    __rt_entry_postli_1                      0x080002eb   Thumb Code     0  __rtentry2.o(.ARM.Collect$$rtentry$$0000000C)
    __rt_exit                                0x080002f3   Thumb Code     0  rtexit.o(.ARM.Collect$$rtexit$$00000000)
    __rt_exit_ls                             0x080002f5   Thumb Code     0  rtexit2.o(.ARM.Collect$$rtexit$$00000003)
    __rt_exit_prels_1                        0x080002f5   Thumb Code     0  rtexit2.o(.ARM.Collect$$rtexit$$00000002)
    __rt_exit_exit                           0x080002f9   Thumb Code     0  rtexit2.o(.ARM.Collect$$rtexit$$00000004)
    RDASM                                    0x08000301   Thumb Code     0  rdasm.o(.text)
    RMASM                                    0x08000375   Thumb Code     0  rmasm.o(.text)
    Reset_Handler                            0x080003ed   Thumb Code     8  startup_stm32f303x8.o(.text)
    NMI_Handler                              0x080003f5   Thumb Code     2  startup_stm32f303x8.o(.text)
    HardFault_Handler                        0x080003f7   Thumb Code     2  startup_stm32f303x8.o(.text)
    MemManage_Handler                        0x080003f9   Thumb Code     2  startup_stm32f303x8.o(.text)
    BusFault_Handler                         0x080003fb   Thumb Code     2  startup_stm32f303x8.o(.text)
    UsageFault_Handler                       0x080003fd   Thumb Code     2  startup_stm32f303x8.o(.text)
    SVC_Handler                              0x080003ff   Thumb Code     2  startup_stm32f303x8.o(.text)
    DebugMon_Handler                         0x08000401   Thumb Code     2  startup_stm32f303x8.o(.text)
    PendSV_Handler                           0x08000403   Thumb Code     2  startup_stm32f303x8.o(.text)
    SysTick_Handler                          0x08000405   Thumb Code     2  startup_stm32f303x8.o(.text)
    ADC1_2_IRQHandler                        0x08000407   Thumb Code     0  startup_stm32f303x8.o(.text)
    CAN_RX0_IRQHandler                       0x08000407   Thumb Code     0  startup_stm32f303x8.o(.text)
    CAN_RX1_IRQHandler                       0x08000407   Thumb Code     0  startup_stm32f303x8.o(.text)
    CAN_SCE_IRQHandler                       0x08000407   Thumb Code     0  startup_stm32f303x8.o(.text)
    CAN_TX_IRQHandler                        0x08000407   Thumb Code     0  startup_stm32f303x8.o(.text)
    COMP2_IRQHandler                         0x08000407   Thumb Code     0  startup_stm32f303x8.o(.text)
    COMP4_6_IRQHandler                       0x08000407   Thumb Code     0  startup_stm32f303x8.o(.text)
    DMA1_Channel1_IRQHandler                 0x08000407   Thumb Code     0  startup_stm32f303x8.o(.text)
    DMA1_Channel2_IRQHandler                 0x08000407   Thumb Code     0  startup_stm32f303x8.o(.text)
    DMA1_Channel3_IRQHandler                 0x08000407   Thumb Code     0  startup_stm32f303x8.o(.text)
    DMA1_Channel4_IRQHandler                 0x08000407   Thumb Code     0  startup_stm32f303x8.o(.text)
    DMA1_Channel5_IRQHandler                 0x08000407   Thumb Code     0  startup_stm32f303x8.o(.text)
    DMA1_Channel6_IRQHandler                 0x08000407   Thumb Code     0  startup_stm32f303x8.o(.text)
    DMA1_Channel7_IRQHandler                 0x08000407   Thumb Code     0  startup_stm32f303x8.o(.text)
    EXTI0_IRQHandler                         0x08000407   Thumb Code     0  startup_stm32f303x8.o(.text)
    EXTI15_10_IRQHandler                     0x08000407   Thumb Code     0  startup_stm32f303x8.o(.text)
    EXTI1_IRQHandler                         0x08000407   Thumb Code     0  startup_stm32f303x8.o(.text)
    EXTI2_TSC_IRQHandler                     0x08000407   Thumb Code     0  startup_stm32f303x8.o(.text)
    EXTI3_IRQHandler                         0x08000407   Thumb Code     0  startup_stm32f303x8.o(.text)
    EXTI4_IRQHandler                         0x08000407   Thumb Code     0  startup_stm32f303x8.o(.text)
    EXTI9_5_IRQHandler                       0x08000407   Thumb Code     0  startup_stm32f303x8.o(.text)
    FLASH_IRQHandler                         0x08000407   Thumb Code     0  startup_stm32f303x8.o(.text)
    FPU_IRQHandler                           0x08000407   Thumb Code     0  startup_stm32f303x8.o(.text)
    I2C1_ER_IRQHandler                       0x08000407   Thumb Code     0  startup_stm32f303x8.o(.text)
    I2C1_EV_IRQHandler                       0x08000407   Thumb Code     0  startup_stm32f303x8.o(.text)
    PVD_IRQHandler                           0x08000407   Thumb Code     0  startup_stm32f303x8.o(.text)
    RCC_IRQHandler                           0x08000407   Thumb Code     0  startup_stm32f303x8.o(.text)
    RTC_Alarm_IRQHandler                     0x08000407   Thumb Code     0  startup_stm32f303x8.o(.text)
    RTC_WKUP_IRQHandler                      0x08000407   Thumb Code     0  startup_stm32f303x8.o(.text)
    SPI1_IRQHandler                          0x08000407   Thumb Code     0  startup_stm32f303x8.o(.text)
    TAMP_STAMP_IRQHandler                    0x08000407   Thumb Code     0  startup_stm32f303x8.o(.text)
    TIM1_BRK_TIM15_IRQHandler                0x08000407   Thumb Code     0  startup_stm32f303x8.o(.text)
    TIM1_CC_IRQHandler                       0x08000407   Thumb Code     0  startup_stm32f303x8.o(.text)
    TIM1_TRG_COM_TIM17_IRQHandler            0x08000407   Thumb Code     0  startup_stm32f303x8.o(.text)
    TIM1_UP_TIM16_IRQHandler                 0x08000407   Thumb Code     0  startup_stm32f303x8.o(.text)
    TIM2_IRQHandler                          0x08000407   Thumb Code     0  startup_stm32f303x8.o(.text)
    TIM3_IRQHandler                          0x08000407   Thumb Code     0  startup_stm32f303x8.o(.text)
    TIM6_DAC1_IRQHandler                     0x08000407   Thumb Code     0  startup_stm32f303x8.o(.text)
    TIM7_DAC2_IRQHandler                     0x08000407   Thumb Code     0  startup_stm32f303x8.o(.text)
    USART1_IRQHandler                        0x08000407   Thumb Code     0  startup_stm32f303x8.o(.text)
    USART3_IRQHandler                        0x08000407   Thumb Code     0  startup_stm32f303x8.o(.text)
    WWDG_IRQHandler                          0x08000407   Thumb Code     0  startup_stm32f303x8.o(.text)
    __user_initial_stackheap                 0x08000409   Thumb Code     0  startup_stm32f303x8.o(.text)
    sprintf                                  0x0800042d   Thumb Code    38  sprintf.o(.text)
    atoi                                     0x08000459   Thumb Code    26  atoi.o(.text)
    strtol                                   0x08000473   Thumb Code   112  strtol.o(.text)
    strtok                                   0x080004e5   Thumb Code     6  strtok.o(.text)
    strcmp                                   0x080004f1   Thumb Code   124  strcmpv7em.o(.text)
    __use_two_region_memory                  0x0800056d   Thumb Code     2  heapauxi.o(.text)
    __rt_heap_escrow$2region                 0x0800056f   Thumb Code     2  heapauxi.o(.text)
    __rt_heap_expand$2region                 0x08000571   Thumb Code     2  heapauxi.o(.text)
    __rt_ctype_table                         0x08000575   Thumb Code    16  rt_ctype_table.o(.text)
    __aeabi_errno_addr                       0x08000585   Thumb Code     8  rt_errno_addr_intlibspace.o(.text)
    __errno$intlibspace                      0x08000585   Thumb Code     0  rt_errno_addr_intlibspace.o(.text)
    __rt_errno_addr$intlibspace              0x08000585   Thumb Code     0  rt_errno_addr_intlibspace.o(.text)
    _printf_pre_padding                      0x0800058d   Thumb Code    44  _printf_pad.o(.text)
    _printf_post_padding                     0x080005b9   Thumb Code    34  _printf_pad.o(.text)
    _printf_truncate_signed                  0x080005db   Thumb Code    18  _printf_truncate.o(.text)
    _printf_truncate_unsigned                0x080005ed   Thumb Code    18  _printf_truncate.o(.text)
    _printf_str                              0x080005ff   Thumb Code    82  _printf_str.o(.text)
    _printf_int_dec                          0x08000651   Thumb Code   104  _printf_dec.o(.text)
    _printf_charcount                        0x080006c9   Thumb Code    40  _printf_charcount.o(.text)
    _printf_char_common                      0x080006fb   Thumb Code    32  _printf_char_common.o(.text)
    _sputc                                   0x08000721   Thumb Code    10  _sputc.o(.text)
    _printf_wctomb                           0x0800072d   Thumb Code   182  _printf_wctomb.o(.text)
    _printf_longlong_dec                     0x080007e9   Thumb Code   108  _printf_longlong_dec.o(.text)
    _printf_longlong_oct                     0x08000865   Thumb Code    68  _printf_oct_int_ll.o(.text)
    _printf_int_oct                          0x080008a9   Thumb Code    24  _printf_oct_int_ll.o(.text)
    _printf_ll_oct                           0x080008c1   Thumb Code    12  _printf_oct_int_ll.o(.text)
    _printf_longlong_hex                     0x080008d5   Thumb Code    86  _printf_hex_int_ll_ptr.o(.text)
    _printf_int_hex                          0x0800092b   Thumb Code    28  _printf_hex_int_ll_ptr.o(.text)
    _printf_ll_hex                           0x08000947   Thumb Code    12  _printf_hex_int_ll_ptr.o(.text)
    _printf_hex_ptr                          0x08000953   Thumb Code    18  _printf_hex_int_ll_ptr.o(.text)
    __printf                                 0x08000969   Thumb Code   388  __printf_flags_ss_wp.o(.text)
    _strtoul                                 0x08000af1   Thumb Code   158  _strtoul.o(.text)
    __strtok_internal                        0x08000b91   Thumb Code    64  strtok_int.o(.text)
    __user_libspace                          0x08000bd5   Thumb Code     8  libspace.o(.text)
    __user_perproc_libspace                  0x08000bd5   Thumb Code     0  libspace.o(.text)
    __user_perthread_libspace                0x08000bd5   Thumb Code     0  libspace.o(.text)
    __rt_locale                              0x08000bdd   Thumb Code     8  rt_locale_intlibspace.o(.text)
    _ll_udiv10                               0x08000be5   Thumb Code   138  lludiv10.o(.text)
    _printf_int_common                       0x08000c6f   Thumb Code   178  _printf_intcommon.o(.text)
    _printf_fp_dec_real                      0x08000ed1   Thumb Code   620  _printf_fp_dec.o(.text)
    _printf_fp_hex_real                      0x0800113d   Thumb Code   756  _printf_fp_hex.o(.text)
    _printf_cs_common                        0x08001439   Thumb Code    20  _printf_char.o(.text)
    _printf_char                             0x0800144d   Thumb Code    16  _printf_char.o(.text)
    _printf_string                           0x0800145d   Thumb Code     8  _printf_char.o(.text)
    _printf_lcs_common                       0x08001465   Thumb Code    20  _printf_wchar.o(.text)
    _printf_wchar                            0x08001479   Thumb Code    16  _printf_wchar.o(.text)
    _printf_wstring                          0x08001489   Thumb Code     8  _printf_wchar.o(.text)
    _chval                                   0x08001491   Thumb Code    28  _chval.o(.text)
    _c16rtomb                                0x080014ad   Thumb Code    72  _c16rtomb.o(.text)
    _wcrtomb                                 0x080014ad   Thumb Code     0  _c16rtomb.o(.text)
    strcspn                                  0x080014f5   Thumb Code    32  strcspn.o(.text)
    strspn                                   0x08001515   Thumb Code    28  strspn.o(.text)
    __user_setup_stackheap                   0x08001531   Thumb Code    74  sys_stackheap_outer.o(.text)
    _printf_fp_infnan                        0x0800157d   Thumb Code   112  _printf_fp_infnan.o(.text)
    _btod_etento                             0x080015fd   Thumb Code   224  bigflt0.o(.text)
    exit                                     0x080016e1   Thumb Code    18  exit.o(.text)
    _sys_exit                                0x080016f5   Thumb Code     8  sys_exit.o(.text)
    __I$use$semihosting                      0x08001701   Thumb Code     0  use_no_semi.o(.text)
    __use_no_semihosting_swi                 0x08001701   Thumb Code     2  use_no_semi.o(.text)
    __semihosting_library_function           0x08001703   Thumb Code     0  indicate_semi.o(.text)
    MD                                       0x08001705   Thumb Code   190  main.o(.text.MD)
    PrintRD                                  0x080017c5   Thumb Code   228  main.o(.text.PrintRD)
    RD                                       0x080018a9   Thumb Code    24  main.o(.text.RD)
    RM                                       0x080018c1   Thumb Code   168  main.o(.text.RM)
    SystemInit                               0x08001969   Thumb Code    18  system_stm32f3xx.o(.text.SystemInit)
    USART2_IRQHandler                        0x0800197d   Thumb Code   138  main.o(.text.USART2_IRQHandler)
    USART2_Init                              0x08001a09   Thumb Code   146  usart.o(.text.USART2_Init)
    USART2_Send                              0x08001a9d   Thumb Code    46  usart.o(.text.USART2_Send)
    USART2_String                            0x08001acd   Thumb Code    36  usart.o(.text.USART2_String)
    main                                     0x08001b21   Thumb Code   138  main.o(.text.main)
    terminal                                 0x08001bad   Thumb Code   360  main.o(.text.terminal)
    _btod_d2e                                0x08001d15   Thumb Code    62  btod.o(CL$$btod_d2e)
    _d2e_denorm_low                          0x08001d53   Thumb Code    70  btod.o(CL$$btod_d2e_denorm_low)
    _d2e_norm_op1                            0x08001d99   Thumb Code    96  btod.o(CL$$btod_d2e_norm_op1)
    __btod_div_common                        0x08001df9   Thumb Code   696  btod.o(CL$$btod_div_common)
    _e2e                                     0x08002131   Thumb Code   220  btod.o(CL$$btod_e2e)
    _btod_ediv                               0x0800220d   Thumb Code    42  btod.o(CL$$btod_ediv)
    _btod_emul                               0x08002237   Thumb Code    42  btod.o(CL$$btod_emul)
    __btod_mult_common                       0x08002261   Thumb Code   580  btod.o(CL$$btod_mult_common)
    __ARM_fpclassify                         0x080024a5   Thumb Code    48  fpclassify.o(i.__ARM_fpclassify)
    _is_digit                                0x080024d5   Thumb Code    14  __printf_wp.o(i._is_digit)
    _get_lc_ctype                            0x080024e5   Thumb Code    44  lc_ctype_c.o(locale$$code)
    _get_lc_numeric                          0x08002511   Thumb Code    44  lc_numeric_c.o(locale$$code)
    _fp_init                                 0x0800253d   Thumb Code    26  fpinit.o(x$fpl$fpinit)
    __fplib_config_fpu_vfp                   0x08002555   Thumb Code     0  fpinit.o(x$fpl$fpinit)
    __fplib_config_pureend_doubles           0x08002555   Thumb Code     0  fpinit.o(x$fpl$fpinit)
    _printf_fp_dec                           0x08002557   Thumb Code     4  printf1.o(x$fpl$printf1)
    _printf_fp_hex                           0x0800255b   Thumb Code     4  printf2.o(x$fpl$printf2)
    __I$use$fp                               0x0800255e   Number         0  usenofp.o(x$fpl$usenofp)
    Region$$Table$$Base                      0x0800290c   Number         0  anon$$obj.o(Region$$Table)
    Region$$Table$$Limit                     0x0800292c   Number         0  anon$$obj.o(Region$$Table)
    __ctype                                  0x08002939   Data           0  lc_ctype_c.o(locale$$data)
    __libspace_start                         0x20000008   Data          96  libspace.o(.bss)
    __temporary_stack_top$libspace           0x20000068   Data           0  libspace.o(.bss)
    cmd_ready                                0x20000068   Data           1  main.o(.bss.cmd_ready)
    n                                        0x20000069   Data           1  main.o(.bss.n)
    rx_data                                  0x2000006a   Data          64  main.o(.bss.rx_data)
    tx_buffer                                0x200000aa   Data          64  main.o(.bss.tx_buffer)
    uart_data                                0x200000ea   Data           1  main.o(.bss.uart_data)



==============================================================================

Memory Map of the image

  Image Entry point : 0x080003ed

  Load Region LR_1 (Base: 0x08000000, Size: 0x00002a5c, Max: 0xffffffff, ABSOLUTE)

    Execution Region ER_RO (Exec base: 0x08000000, Load base: 0x08000000, Size: 0x00002a58, Max: 0xffffffff, ABSOLUTE)

    Exec Addr    Load Addr    Size         Type   Attr      Idx    E Section Name        Object

    0x08000000   0x08000000   0x00000188   Data   RO           42    RESET               startup_stm32f303x8.o
    0x08000188   0x08000188   0x00000008   Code   RO           91  * !!!main             c_w.l(__main.o)
    0x08000190   0x08000190   0x0000005c   Code   RO          441    !!!scatter          c_w.l(__scatter.o)
    0x080001ec   0x080001ec   0x0000001a   Code   RO          445    !!handler_copy      c_w.l(__scatter_copy.o)
    0x08000206   0x08000206   0x00000002   PAD
    0x08000208   0x08000208   0x00000002   Code   RO          442    !!handler_null      c_w.l(__scatter.o)
    0x0800020a   0x0800020a   0x00000002   PAD
    0x0800020c   0x0800020c   0x0000001c   Code   RO          447    !!handler_zi        c_w.l(__scatter_zi.o)
    0x08000228   0x08000228   0x00000000   Code   RO          182    .ARM.Collect$$_printf_percent$$00000000  c_w.l(_printf_percent.o)
    0x08000228   0x08000228   0x00000006   Code   RO          171    .ARM.Collect$$_printf_percent$$00000001  c_w.l(_printf_n.o)
    0x0800022e   0x0800022e   0x00000006   Code   RO          173    .ARM.Collect$$_printf_percent$$00000002  c_w.l(_printf_p.o)
    0x08000234   0x08000234   0x00000006   Code   RO          178    .ARM.Collect$$_printf_percent$$00000003  c_w.l(_printf_f.o)
    0x0800023a   0x0800023a   0x00000006   Code   RO          179    .ARM.Collect$$_printf_percent$$00000004  c_w.l(_printf_e.o)
    0x08000240   0x08000240   0x00000006   Code   RO          180    .ARM.Collect$$_printf_percent$$00000005  c_w.l(_printf_g.o)
    0x08000246   0x08000246   0x00000006   Code   RO          181    .ARM.Collect$$_printf_percent$$00000006  c_w.l(_printf_a.o)
    0x0800024c   0x0800024c   0x0000000a   Code   RO          186    .ARM.Collect$$_printf_percent$$00000007  c_w.l(_printf_ll.o)
    0x08000256   0x08000256   0x00000006   Code   RO          175    .ARM.Collect$$_printf_percent$$00000008  c_w.l(_printf_i.o)
    0x0800025c   0x0800025c   0x00000006   Code   RO          176    .ARM.Collect$$_printf_percent$$00000009  c_w.l(_printf_d.o)
    0x08000262   0x08000262   0x00000006   Code   RO          177    .ARM.Collect$$_printf_percent$$0000000A  c_w.l(_printf_u.o)
    0x08000268   0x08000268   0x00000006   Code   RO          174    .ARM.Collect$$_printf_percent$$0000000B  c_w.l(_printf_o.o)
    0x0800026e   0x0800026e   0x00000006   Code   RO          172    .ARM.Collect$$_printf_percent$$0000000C  c_w.l(_printf_x.o)
    0x08000274   0x08000274   0x00000006   Code   RO          183    .ARM.Collect$$_printf_percent$$0000000D  c_w.l(_printf_lli.o)
    0x0800027a   0x0800027a   0x00000006   Code   RO          184    .ARM.Collect$$_printf_percent$$0000000E  c_w.l(_printf_lld.o)
    0x08000280   0x08000280   0x00000006   Code   RO          185    .ARM.Collect$$_printf_percent$$0000000F  c_w.l(_printf_llu.o)
    0x08000286   0x08000286   0x00000006   Code   RO          190    .ARM.Collect$$_printf_percent$$00000010  c_w.l(_printf_llo.o)
    0x0800028c   0x0800028c   0x00000006   Code   RO          191    .ARM.Collect$$_printf_percent$$00000011  c_w.l(_printf_llx.o)
    0x08000292   0x08000292   0x0000000a   Code   RO          187    .ARM.Collect$$_printf_percent$$00000012  c_w.l(_printf_l.o)
    0x0800029c   0x0800029c   0x00000006   Code   RO          169    .ARM.Collect$$_printf_percent$$00000013  c_w.l(_printf_c.o)
    0x080002a2   0x080002a2   0x00000006   Code   RO          170    .ARM.Collect$$_printf_percent$$00000014  c_w.l(_printf_s.o)
    0x080002a8   0x080002a8   0x00000006   Code   RO          188    .ARM.Collect$$_printf_percent$$00000015  c_w.l(_printf_lc.o)
    0x080002ae   0x080002ae   0x00000006   Code   RO          189    .ARM.Collect$$_printf_percent$$00000016  c_w.l(_printf_ls.o)
    0x080002b4   0x080002b4   0x00000004   Code   RO          244    .ARM.Collect$$_printf_percent$$00000017  c_w.l(_printf_percent_end.o)
    0x080002b8   0x080002b8   0x00000002   Code   RO          297    .ARM.Collect$$libinit$$00000000  c_w.l(libinit.o)
    0x080002ba   0x080002ba   0x00000004   Code   RO          298    .ARM.Collect$$libinit$$00000001  c_w.l(libinit2.o)
    0x080002be   0x080002be   0x00000000   Code   RO          301    .ARM.Collect$$libinit$$00000004  c_w.l(libinit2.o)
    0x080002be   0x080002be   0x00000000   Code   RO          303    .ARM.Collect$$libinit$$00000006  c_w.l(libinit2.o)
    0x080002be   0x080002be   0x00000000   Code   RO          306    .ARM.Collect$$libinit$$0000000C  c_w.l(libinit2.o)
    0x080002be   0x080002be   0x00000000   Code   RO          308    .ARM.Collect$$libinit$$0000000E  c_w.l(libinit2.o)
    0x080002be   0x080002be   0x00000000   Code   RO          310    .ARM.Collect$$libinit$$00000010  c_w.l(libinit2.o)
    0x080002be   0x080002be   0x00000006   Code   RO          311    .ARM.Collect$$libinit$$00000011  c_w.l(libinit2.o)
    0x080002c4   0x080002c4   0x00000000   Code   RO          313    .ARM.Collect$$libinit$$00000013  c_w.l(libinit2.o)
    0x080002c4   0x080002c4   0x0000000c   Code   RO          314    .ARM.Collect$$libinit$$00000014  c_w.l(libinit2.o)
    0x080002d0   0x080002d0   0x00000000   Code   RO          315    .ARM.Collect$$libinit$$00000015  c_w.l(libinit2.o)
    0x080002d0   0x080002d0   0x00000000   Code   RO          317    .ARM.Collect$$libinit$$00000017  c_w.l(libinit2.o)
    0x080002d0   0x080002d0   0x0000000a   Code   RO          318    .ARM.Collect$$libinit$$00000018  c_w.l(libinit2.o)
    0x080002da   0x080002da   0x00000000   Code   RO          319    .ARM.Collect$$libinit$$00000019  c_w.l(libinit2.o)
    0x080002da   0x080002da   0x00000000   Code   RO          321    .ARM.Collect$$libinit$$0000001B  c_w.l(libinit2.o)
    0x080002da   0x080002da   0x00000000   Code   RO          323    .ARM.Collect$$libinit$$0000001D  c_w.l(libinit2.o)
    0x080002da   0x080002da   0x00000000   Code   RO          325    .ARM.Collect$$libinit$$0000001F  c_w.l(libinit2.o)
    0x080002da   0x080002da   0x00000000   Code   RO          327    .ARM.Collect$$libinit$$00000021  c_w.l(libinit2.o)
    0x080002da   0x080002da   0x00000000   Code   RO          329    .ARM.Collect$$libinit$$00000023  c_w.l(libinit2.o)
    0x080002da   0x080002da   0x00000000   Code   RO          331    .ARM.Collect$$libinit$$00000025  c_w.l(libinit2.o)
    0x080002da   0x080002da   0x00000000   Code   RO          333    .ARM.Collect$$libinit$$00000027  c_w.l(libinit2.o)
    0x080002da   0x080002da   0x00000000   Code   RO          337    .ARM.Collect$$libinit$$0000002E  c_w.l(libinit2.o)
    0x080002da   0x080002da   0x00000000   Code   RO          339    .ARM.Collect$$libinit$$00000030  c_w.l(libinit2.o)
    0x080002da   0x080002da   0x00000000   Code   RO          341    .ARM.Collect$$libinit$$00000032  c_w.l(libinit2.o)
    0x080002da   0x080002da   0x00000000   Code   RO          343    .ARM.Collect$$libinit$$00000034  c_w.l(libinit2.o)
    0x080002da   0x080002da   0x00000002   Code   RO          344    .ARM.Collect$$libinit$$00000035  c_w.l(libinit2.o)
    0x080002dc   0x080002dc   0x00000002   Code   RO          387    .ARM.Collect$$libshutdown$$00000000  c_w.l(libshutdown.o)
    0x080002de   0x080002de   0x00000000   Code   RO          398    .ARM.Collect$$libshutdown$$00000002  c_w.l(libshutdown2.o)
    0x080002de   0x080002de   0x00000000   Code   RO          400    .ARM.Collect$$libshutdown$$00000004  c_w.l(libshutdown2.o)
    0x080002de   0x080002de   0x00000000   Code   RO          403    .ARM.Collect$$libshutdown$$00000007  c_w.l(libshutdown2.o)
    0x080002de   0x080002de   0x00000000   Code   RO          406    .ARM.Collect$$libshutdown$$0000000A  c_w.l(libshutdown2.o)
    0x080002de   0x080002de   0x00000000   Code   RO          408    .ARM.Collect$$libshutdown$$0000000C  c_w.l(libshutdown2.o)
    0x080002de   0x080002de   0x00000000   Code   RO          411    .ARM.Collect$$libshutdown$$0000000F  c_w.l(libshutdown2.o)
    0x080002de   0x080002de   0x00000002   Code   RO          412    .ARM.Collect$$libshutdown$$00000010  c_w.l(libshutdown2.o)
    0x080002e0   0x080002e0   0x00000000   Code   RO           93    .ARM.Collect$$rtentry$$00000000  c_w.l(__rtentry.o)
    0x080002e0   0x080002e0   0x00000000   Code   RO          208    .ARM.Collect$$rtentry$$00000002  c_w.l(__rtentry2.o)
    0x080002e0   0x080002e0   0x00000006   Code   RO          220    .ARM.Collect$$rtentry$$00000004  c_w.l(__rtentry4.o)
    0x080002e6   0x080002e6   0x00000000   Code   RO          210    .ARM.Collect$$rtentry$$00000009  c_w.l(__rtentry2.o)
    0x080002e6   0x080002e6   0x00000004   Code   RO          211    .ARM.Collect$$rtentry$$0000000A  c_w.l(__rtentry2.o)
    0x080002ea   0x080002ea   0x00000000   Code   RO          213    .ARM.Collect$$rtentry$$0000000C  c_w.l(__rtentry2.o)
    0x080002ea   0x080002ea   0x00000008   Code   RO          214    .ARM.Collect$$rtentry$$0000000D  c_w.l(__rtentry2.o)
    0x080002f2   0x080002f2   0x00000002   Code   RO          350    .ARM.Collect$$rtexit$$00000000  c_w.l(rtexit.o)
    0x080002f4   0x080002f4   0x00000000   Code   RO          359    .ARM.Collect$$rtexit$$00000002  c_w.l(rtexit2.o)
    0x080002f4   0x080002f4   0x00000004   Code   RO          360    .ARM.Collect$$rtexit$$00000003  c_w.l(rtexit2.o)
    0x080002f8   0x080002f8   0x00000006   Code   RO          361    .ARM.Collect$$rtexit$$00000004  c_w.l(rtexit2.o)
    0x080002fe   0x080002fe   0x00000002   PAD
    0x08000300   0x08000300   0x00000072   Code   RO           29    .text               rdasm.o
    0x08000372   0x08000372   0x00000002   PAD
    0x08000374   0x08000374   0x00000078   Code   RO           34    .text               rmasm.o
    0x080003ec   0x080003ec   0x00000040   Code   RO           43  * .text               startup_stm32f303x8.o
    0x0800042c   0x0800042c   0x0000002c   Code   RO           78    .text               c_w.l(sprintf.o)
    0x08000458   0x08000458   0x0000001a   Code   RO           80    .text               c_w.l(atoi.o)
    0x08000472   0x08000472   0x00000070   Code   RO           82    .text               c_w.l(strtol.o)
    0x080004e2   0x080004e2   0x00000002   PAD
    0x080004e4   0x080004e4   0x0000000c   Code   RO           84    .text               c_w.l(strtok.o)
    0x080004f0   0x080004f0   0x0000007c   Code   RO           87    .text               c_w.l(strcmpv7em.o)
    0x0800056c   0x0800056c   0x00000006   Code   RO           89    .text               c_w.l(heapauxi.o)
    0x08000572   0x08000572   0x00000002   PAD
    0x08000574   0x08000574   0x00000010   Code   RO           94    .text               c_w.l(rt_ctype_table.o)
    0x08000584   0x08000584   0x00000008   Code   RO           99    .text               c_w.l(rt_errno_addr_intlibspace.o)
    0x0800058c   0x0800058c   0x0000004e   Code   RO          103    .text               c_w.l(_printf_pad.o)
    0x080005da   0x080005da   0x00000024   Code   RO          105    .text               c_w.l(_printf_truncate.o)
    0x080005fe   0x080005fe   0x00000052   Code   RO          107    .text               c_w.l(_printf_str.o)
    0x08000650   0x08000650   0x00000078   Code   RO          109    .text               c_w.l(_printf_dec.o)
    0x080006c8   0x080006c8   0x00000028   Code   RO          111    .text               c_w.l(_printf_charcount.o)
    0x080006f0   0x080006f0   0x00000030   Code   RO          113    .text               c_w.l(_printf_char_common.o)
    0x08000720   0x08000720   0x0000000a   Code   RO          115    .text               c_w.l(_sputc.o)
    0x0800072a   0x0800072a   0x00000002   PAD
    0x0800072c   0x0800072c   0x000000bc   Code   RO          117    .text               c_w.l(_printf_wctomb.o)
    0x080007e8   0x080007e8   0x0000007c   Code   RO          120    .text               c_w.l(_printf_longlong_dec.o)
    0x08000864   0x08000864   0x00000070   Code   RO          126    .text               c_w.l(_printf_oct_int_ll.o)
    0x080008d4   0x080008d4   0x00000094   Code   RO          146    .text               c_w.l(_printf_hex_int_ll_ptr.o)
    0x08000968   0x08000968   0x00000188   Code   RO          166    .text               c_w.l(__printf_flags_ss_wp.o)
    0x08000af0   0x08000af0   0x0000009e   Code   RO          192    .text               c_w.l(_strtoul.o)
    0x08000b8e   0x08000b8e   0x00000002   PAD
    0x08000b90   0x08000b90   0x00000044   Code   RO          194    .text               c_w.l(strtok_int.o)
    0x08000bd4   0x08000bd4   0x00000008   Code   RO          204    .text               c_w.l(libspace.o)
    0x08000bdc   0x08000bdc   0x00000008   Code   RO          225    .text               c_w.l(rt_locale_intlibspace.o)
    0x08000be4   0x08000be4   0x0000008a   Code   RO          227    .text               c_w.l(lludiv10.o)
    0x08000c6e   0x08000c6e   0x000000b2   Code   RO          229    .text               c_w.l(_printf_intcommon.o)
    0x08000d20   0x08000d20   0x0000041c   Code   RO          231    .text               c_w.l(_printf_fp_dec.o)
    0x0800113c   0x0800113c   0x000002fc   Code   RO          235    .text               c_w.l(_printf_fp_hex.o)
    0x08001438   0x08001438   0x0000002c   Code   RO          240    .text               c_w.l(_printf_char.o)
    0x08001464   0x08001464   0x0000002c   Code   RO          242    .text               c_w.l(_printf_wchar.o)
    0x08001490   0x08001490   0x0000001c   Code   RO          245    .text               c_w.l(_chval.o)
    0x080014ac   0x080014ac   0x00000048   Code   RO          247    .text               c_w.l(_c16rtomb.o)
    0x080014f4   0x080014f4   0x00000020   Code   RO          252    .text               c_w.l(strcspn.o)
    0x08001514   0x08001514   0x0000001c   Code   RO          254    .text               c_w.l(strspn.o)
    0x08001530   0x08001530   0x0000004a   Code   RO          256    .text               c_w.l(sys_stackheap_outer.o)
    0x0800157a   0x0800157a   0x00000002   PAD
    0x0800157c   0x0800157c   0x00000080   Code   RO          258    .text               c_w.l(_printf_fp_infnan.o)
    0x080015fc   0x080015fc   0x000000e4   Code   RO          260    .text               c_w.l(bigflt0.o)
    0x080016e0   0x080016e0   0x00000012   Code   RO          290    .text               c_w.l(exit.o)
    0x080016f2   0x080016f2   0x00000002   PAD
    0x080016f4   0x080016f4   0x0000000c   Code   RO          373    .text               c_w.l(sys_exit.o)
    0x08001700   0x08001700   0x00000002   Code   RO          388    .text               c_w.l(use_no_semi.o)
    0x08001702   0x08001702   0x00000000   Code   RO          390    .text               c_w.l(indicate_semi.o)
    0x08001702   0x08001702   0x00000002   PAD
    0x08001704   0x08001704   0x000000be   Code   RO           10    .text.MD            main.o
    0x080017c2   0x080017c2   0x00000002   PAD
    0x080017c4   0x080017c4   0x000000e4   Code   RO           12    .text.PrintRD       main.o
    0x080018a8   0x080018a8   0x00000018   Code   RO            6    .text.RD            main.o
    0x080018c0   0x080018c0   0x000000a8   Code   RO            8    .text.RM            main.o
    0x08001968   0x08001968   0x00000012   Code   RO           48    .text.SystemInit    system_stm32f3xx.o
    0x0800197a   0x0800197a   0x00000002   PAD
    0x0800197c   0x0800197c   0x0000008a   Code   RO           14    .text.USART2_IRQHandler  main.o
    0x08001a06   0x08001a06   0x00000002   PAD
    0x08001a08   0x08001a08   0x00000092   Code   RO           62    .text.USART2_Init   UART_Lib.lib(usart.o)
    0x08001a9a   0x08001a9a   0x00000002   PAD
    0x08001a9c   0x08001a9c   0x0000002e   Code   RO           66    .text.USART2_Send   UART_Lib.lib(usart.o)
    0x08001aca   0x08001aca   0x00000002   PAD
    0x08001acc   0x08001acc   0x00000024   Code   RO           68    .text.USART2_String  UART_Lib.lib(usart.o)
    0x08001af0   0x08001af0   0x00000030   Code   RO           64    .text.__NVIC_EnableIRQ  UART_Lib.lib(usart.o)
    0x08001b20   0x08001b20   0x0000008a   Code   RO            2    .text.main          main.o
    0x08001baa   0x08001baa   0x00000002   PAD
    0x08001bac   0x08001bac   0x00000168   Code   RO            4    .text.terminal      main.o
    0x08001d14   0x08001d14   0x0000003e   Code   RO          263    CL$$btod_d2e        c_w.l(btod.o)
    0x08001d52   0x08001d52   0x00000046   Code   RO          265    CL$$btod_d2e_denorm_low  c_w.l(btod.o)
    0x08001d98   0x08001d98   0x00000060   Code   RO          264    CL$$btod_d2e_norm_op1  c_w.l(btod.o)
    0x08001df8   0x08001df8   0x00000338   Code   RO          273    CL$$btod_div_common  c_w.l(btod.o)
    0x08002130   0x08002130   0x000000dc   Code   RO          270    CL$$btod_e2e        c_w.l(btod.o)
    0x0800220c   0x0800220c   0x0000002a   Code   RO          267    CL$$btod_ediv       c_w.l(btod.o)
    0x08002236   0x08002236   0x0000002a   Code   RO          266    CL$$btod_emul       c_w.l(btod.o)
    0x08002260   0x08002260   0x00000244   Code   RO          272    CL$$btod_mult_common  c_w.l(btod.o)
    0x080024a4   0x080024a4   0x00000030   Code   RO          348    i.__ARM_fpclassify  m_wm.l(fpclassify.o)
    0x080024d4   0x080024d4   0x0000000e   Code   RO          159    i._is_digit         c_w.l(__printf_wp.o)
    0x080024e2   0x080024e2   0x00000002   PAD
    0x080024e4   0x080024e4   0x0000002c   Code   RO          250    locale$$code        c_w.l(lc_ctype_c.o)
    0x08002510   0x08002510   0x0000002c   Code   RO          288    locale$$code        c_w.l(lc_numeric_c.o)
    0x0800253c   0x0800253c   0x0000001a   Code   RO          356    x$fpl$fpinit        fz_wm.l(fpinit.o)
    0x08002556   0x08002556   0x00000004   Code   RO          196    x$fpl$printf1       fz_wm.l(printf1.o)
    0x0800255a   0x0800255a   0x00000004   Code   RO          198    x$fpl$printf2       fz_wm.l(printf2.o)
    0x0800255e   0x0800255e   0x00000000   Code   RO          347    x$fpl$usenofp       fz_wm.l(usenofp.o)
    0x0800255e   0x0800255e   0x00000002   PAD
    0x08002560   0x08002560   0x00000008   Data   RO          118    .constdata          c_w.l(_printf_wctomb.o)
    0x08002568   0x08002568   0x00000028   Data   RO          147    .constdata          c_w.l(_printf_hex_int_ll_ptr.o)
    0x08002590   0x08002590   0x00000011   Data   RO          167    .constdata          c_w.l(__printf_flags_ss_wp.o)
    0x080025a1   0x080025a1   0x00000026   Data   RO          236    .constdata          c_w.l(_printf_fp_hex.o)
    0x080025c7   0x080025c7   0x00000001   PAD
    0x080025c8   0x080025c8   0x00000094   Data   RO          261    .constdata          c_w.l(bigflt0.o)
    0x0800265c   0x0800265c   0x000002ae   Data   RO           16    .rodata.str1.1      main.o
    0x0800290a   0x0800290a   0x00000002   PAD
    0x0800290c   0x0800290c   0x00000020   Data   RO          440    Region$$Table       anon$$obj.o
    0x0800292c   0x0800292c   0x00000110   Data   RO          249    locale$$data        c_w.l(lc_ctype_c.o)
    0x08002a3c   0x08002a3c   0x0000001c   Data   RO          287    locale$$data        c_w.l(lc_numeric_c.o)


    Execution Region ER_RW (Exec base: 0x20000000, Load base: 0x08002a58, Size: 0x00000004, Max: 0xffffffff, ABSOLUTE)

    Exec Addr    Load Addr    Size         Type   Attr      Idx    E Section Name        Object

    0x20000000   0x08002a58   0x00000004   Data   RW           85    .data               c_w.l(strtok.o)


    Execution Region ER_ZI (Exec base: 0x20000008, Load base: 0x08002a5c, Size: 0x000006e8, Max: 0xffffffff, ABSOLUTE)

    Exec Addr    Load Addr    Size         Type   Attr      Idx    E Section Name        Object

    0x20000008        -       0x00000060   Zero   RW          205    .bss                c_w.l(libspace.o)
    0x20000068        -       0x00000001   Zero   RW           17    .bss.cmd_ready      main.o
    0x20000069        -       0x00000001   Zero   RW           21    .bss.n              main.o
    0x2000006a        -       0x00000040   Zero   RW           18    .bss.rx_data        main.o
    0x200000aa        -       0x00000040   Zero   RW           19    .bss.tx_buffer      main.o
    0x200000ea        -       0x00000001   Zero   RW           20    .bss.uart_data      main.o
    0x200000eb   0x08002a5c   0x00000005   PAD
    0x200000f0        -       0x00000200   Zero   RW           41    HEAP                startup_stm32f303x8.o
    0x200002f0        -       0x00000400   Zero   RW           40    STACK               startup_stm32f303x8.o


==============================================================================

Image component sizes


      Code (inc. data)   RO Data    RW Data    ZI Data      Debug   Object Name

      1246          0        686          0        131       3568   main.o
       114          0          0          0          0        280   rdasm.o
       120          0          0          0          0        272   rmasm.o
        64         26        392          0       1536        868   startup_stm32f303x8.o
        18          0          0          0          0       2361   system_stm32f3xx.o

    ----------------------------------------------------------------------
      1572         26       1112          0       1672       7349   Object Totals
         0          0         32          0          0          0   (incl. Generated)
        10          0          2          0          5          0   (incl. Padding)

    ----------------------------------------------------------------------

      Code (inc. data)   RO Data    RW Data    ZI Data      Debug   Library Member Name

       276          0          0          0          0       3721   usart.o
         8          0          0          0          0         68   __main.o
       392          4         17          0          0         92   __printf_flags_ss_wp.o
        14          0          0          0          0         68   __printf_wp.o
         0          0          0          0          0          0   __rtentry.o
        12          0          0          0          0          0   __rtentry2.o
         6          0          0          0          0          0   __rtentry4.o
        94          8          0          0          0          0   __scatter.o
        26          0          0          0          0          0   __scatter_copy.o
        28          0          0          0          0          0   __scatter_zi.o
        72          0          0          0          0         96   _c16rtomb.o
        28          0          0          0          0         68   _chval.o
         6          0          0          0          0          0   _printf_a.o
         6          0          0          0          0          0   _printf_c.o
        44          0          0          0          0        108   _printf_char.o
        48          6          0          0          0         96   _printf_char_common.o
        40          0          0          0          0         68   _printf_charcount.o
         6          0          0          0          0          0   _printf_d.o
       120         16          0          0          0         92   _printf_dec.o
         6          0          0          0          0          0   _printf_e.o
         6          0          0          0          0          0   _printf_f.o
      1052          0          0          0          0        148   _printf_fp_dec.o
       764          8         38          0          0        100   _printf_fp_hex.o
       128         16          0          0          0         84   _printf_fp_infnan.o
         6          0          0          0          0          0   _printf_g.o
       148          4         40          0          0        160   _printf_hex_int_ll_ptr.o
         6          0          0          0          0          0   _printf_i.o
       178          0          0          0          0         88   _printf_intcommon.o
        10          0          0          0          0          0   _printf_l.o
         6          0          0          0          0          0   _printf_lc.o
        10          0          0          0          0          0   _printf_ll.o
         6          0          0          0          0          0   _printf_lld.o
         6          0          0          0          0          0   _printf_lli.o
         6          0          0          0          0          0   _printf_llo.o
         6          0          0          0          0          0   _printf_llu.o
         6          0          0          0          0          0   _printf_llx.o
       124         16          0          0          0         92   _printf_longlong_dec.o
         6          0          0          0          0          0   _printf_ls.o
         6          0          0          0          0          0   _printf_n.o
         6          0          0          0          0          0   _printf_o.o
       112          8          0          0          0        124   _printf_oct_int_ll.o
         6          0          0          0          0          0   _printf_p.o
        78          0          0          0          0        108   _printf_pad.o
         0          0          0          0          0          0   _printf_percent.o
         4          0          0          0          0          0   _printf_percent_end.o
         6          0          0          0          0          0   _printf_s.o
        82          0          0          0          0         80   _printf_str.o
        36          0          0          0          0         84   _printf_truncate.o
         6          0          0          0          0          0   _printf_u.o
        44          0          0          0          0        108   _printf_wchar.o
       188          6          8          0          0         92   _printf_wctomb.o
         6          0          0          0          0          0   _printf_x.o
        10          0          0          0          0         68   _sputc.o
       158          0          0          0          0         92   _strtoul.o
        26          0          0          0          0         80   atoi.o
       228          4        148          0          0         96   bigflt0.o
      1936        128          0          0          0        668   btod.o
        18          0          0          0          0         80   exit.o
         6          0          0          0          0        152   heapauxi.o
         0          0          0          0          0          0   indicate_semi.o
        44         10        272          0          0         76   lc_ctype_c.o
        44         10         28          0          0         76   lc_numeric_c.o
         2          0          0          0          0          0   libinit.o
        34          0          0          0          0          0   libinit2.o
         2          0          0          0          0          0   libshutdown.o
         2          0          0          0          0          0   libshutdown2.o
         8          4          0          0         96         68   libspace.o
       138          0          0          0          0         80   lludiv10.o
        16          4          0          0          0         76   rt_ctype_table.o
         8          4          0          0          0         68   rt_errno_addr_intlibspace.o
         8          4          0          0          0         68   rt_locale_intlibspace.o
         2          0          0          0          0          0   rtexit.o
        10          0          0          0          0          0   rtexit2.o
        44          6          0          0          0         84   sprintf.o
       124          0          0          0          0         88   strcmpv7em.o
        32          0          0          0          0         80   strcspn.o
        28          0          0          0          0         80   strspn.o
        12          6          0          4          0         68   strtok.o
        68          4          0          0          0         84   strtok_int.o
       112          0          0          0          0         88   strtol.o
        12          4          0          0          0         68   sys_exit.o
        74          0          0          0          0         80   sys_stackheap_outer.o
         2          0          0          0          0         68   use_no_semi.o
        26          0          0          0          0        116   fpinit.o
         4          0          0          0          0        116   printf1.o
         4          0          0          0          0        116   printf2.o
         0          0          0          0          0          0   usenofp.o
        48          0          0          0          0        124   fpclassify.o

    ----------------------------------------------------------------------
      7604        280        552          4         96       8753   Library Totals
        28          0          1          0          0          0   (incl. Padding)

    ----------------------------------------------------------------------

      Code (inc. data)   RO Data    RW Data    ZI Data      Debug   Library Name

       276          0          0          0          0       3721   UART_Lib.lib
      7218        280        551          4         96       4560   c_w.l
        34          0          0          0          0        348   fz_wm.l
        48          0          0          0          0        124   m_wm.l

    ----------------------------------------------------------------------
      7604        280        552          4         96       8753   Library Totals

    ----------------------------------------------------------------------

==============================================================================


      Code (inc. data)   RO Data    RW Data    ZI Data      Debug   

      9176        306       1664          4       1768      13434   Grand Totals
      9176        306       1664          4       1768      13434   ELF Image Totals
      9176        306       1664          4          0          0   ROM Totals

==============================================================================

    Total RO  Size (Code + RO Data)                10840 (  10.59kB)
    Total RW  Size (RW Data + ZI Data)              1772 (   1.73kB)
    Total ROM Size (Code + RO Data + RW Data)      10844 (  10.59kB)

==============================================================================

